---
http_interactions:
- request:
    method: get
    uri: https://yzamir-centos7-1.example.com/hawkular/metrics/status
    body:
      encoding: US-ASCII
      string: ''
    headers:
      Accept:
      - application/json
      Accept-Encoding:
      - gzip, deflate
      User-Agent:
      - rest-client/2.0.0 (linux-gnu x86_64) ruby/2.3.1p112
      Hawkular-Tenant:
      - default
      Authorization:
      - Bearer TheToken
      Content-Type:
      - application/json
  response:
    status:
      code: 200
      message: OK
    headers:
      X-Powered-By:
      - Undertow/1
      Server:
      - WildFly/10
      Content-Type:
      - application/json
      Content-Length:
      - '136'
      Date:
      - Wed, 27 Jul 2016 16:35:18 GMT
      Set-Cookie:
      - OPENSHIFT_REENCRYPT_openshift-infra_hawkular-metrics_SERVERID=33cc0c3faeb21e60f21e6c0b4677d13c;
        path=/; HttpOnly; Secure
      Cache-Control:
      - private
    body:
      encoding: UTF-8
      string: '{"MetricsService":"STARTED","Implementation-Version":"0.18.0-SNAPSHOT","Built-From-Git-SHA1":"65404bcc24e76f005a438ce0022fc2cfd7c90267"}'
    http_version: 
  recorded_at: Wed, 27 Jul 2016 16:35:18 GMT
- request:
    method: get
    uri: https://yzamir-centos7-1.example.com/hawkular/metrics/counters/nginx%2F4f4e1906-53ed-11e6-94d4-001a4a2314d5%2Fcpu%2Fusage/stats/?bucketDuration=20s&start=1468235823000
    body:
      encoding: US-ASCII
      string: ''
    headers:
      Accept:
      - application/json
      Accept-Encoding:
      - gzip, deflate
      User-Agent:
      - rest-client/2.0.0 (linux-gnu x86_64) ruby/2.3.1p112
      Hawkular-Tenant:
      - default
      Authorization:
      - Bearer TheToken
      Content-Type:
      - application/json
  response:
    status:
      code: 200
      message: OK
    headers:
      X-Powered-By:
      - Undertow/1
      Server:
      - WildFly/10
      Transfer-Encoding:
      - chunked
      Content-Type:
      - application/json
      Date:
      - Wed, 27 Jul 2016 16:35:19 GMT
      Set-Cookie:
      - OPENSHIFT_REENCRYPT_openshift-infra_hawkular-metrics_SERVERID=33cc0c3faeb21e60f21e6c0b4677d13c;
        path=/; HttpOnly; Secure
      Cache-Control:
      - private
    body:
      encoding: UTF-8
      string: '[{"start":1469636623000,"end":1469636643000,"min":0.0,"avg":8357525.0,"median":0.0,"max":1.671505E7,"sum":1.671505E7,"samples":2,"empty":false},{"start":1469636643000,"end":1469636663000,"min":0.0,"avg":0.0,"median":0.0,"max":0.0,"sum":0.0,"samples":1,"empty":false},{"start":1469636663000,"end":1469636683000,"empty":true},{"start":1469636683000,"end":1469636703000,"empty":true},{"start":1469636703000,"end":1469636723000,"empty":true},{"start":1469636723000,"end":1469636743000,"empty":true},{"start":1469636743000,"end":1469636763000,"empty":true},{"start":1469636763000,"end":1469636783000,"empty":true},{"start":1469636783000,"end":1469636803000,"empty":true},{"start":1469636803000,"end":1469636823000,"empty":true},{"start":1469636823000,"end":1469636843000,"empty":true},{"start":1469636843000,"end":1469636863000,"empty":true},{"start":1469636863000,"end":1469636883000,"empty":true},{"start":1469636883000,"end":1469636903000,"empty":true},{"start":1469636903000,"end":1469636923000,"empty":true},{"start":1469636923000,"end":1469636943000,"min":6.9409039E7,"avg":6.9409039E7,"median":6.9409039E7,"max":6.9409039E7,"sum":6.9409039E7,"samples":1,"empty":false},{"start":1469636943000,"end":1469636963000,"min":0.0,"avg":0.0,"median":0.0,"max":0.0,"sum":0.0,"samples":1,"empty":false},{"start":1469636963000,"end":1469636983000,"empty":true},{"start":1469636983000,"end":1469637003000,"empty":true},{"start":1469637003000,"end":1469637023000,"empty":true},{"start":1469637023000,"end":1469637043000,"empty":true},{"start":1469637043000,"end":1469637063000,"empty":true},{"start":1469637063000,"end":1469637083000,"empty":true},{"start":1469637083000,"end":1469637103000,"empty":true},{"start":1469637103000,"end":1469637123000,"empty":true},{"start":1469637123000,"end":1469637143000,"empty":true},{"start":1469637143000,"end":1469637163000,"empty":true},{"start":1469637163000,"end":1469637183000,"empty":true},{"start":1469637183000,"end":1469637203000,"empty":true},{"start":1469637203000,"end":1469637223000,"empty":true},{"start":1469637223000,"end":1469637243000,"empty":true},{"start":1469637243000,"end":1469637263000,"empty":true},{"start":1469637263000,"end":1469637283000,"empty":true},{"start":1469637283000,"end":1469637303000,"empty":true},{"start":1469637303000,"end":1469637323000,"empty":true}]'
    http_version: 
  recorded_at: Wed, 27 Jul 2016 16:35:23 GMT
- request:
    method: get
    uri: https://yzamir-centos7-1.example.com/hawkular/metrics/gauges/nginx%2F4f4e1906-53ed-11e6-94d4-001a4a2314d5%2Fmemory%2Fusage/stats/?bucketDuration=20s&start=1468235843000
    body:
      encoding: US-ASCII
      string: ''
    headers:
      Accept:
      - application/json
      Accept-Encoding:
      - gzip, deflate
      User-Agent:
      - rest-client/2.0.0 (linux-gnu x86_64) ruby/2.3.1p112
      Hawkular-Tenant:
      - default
      Authorization:
      - Bearer TheToken
      Content-Type:
      - application/json
  response:
    status:
      code: 200
      message: OK
    headers:
      X-Powered-By:
      - Undertow/1
      Server:
      - WildFly/10
      Transfer-Encoding:
      - chunked
      Content-Type:
      - application/json
      Date:
      - Wed, 27 Jul 2016 16:35:25 GMT
      Set-Cookie:
      - OPENSHIFT_REENCRYPT_openshift-infra_hawkular-metrics_SERVERID=33cc0c3faeb21e60f21e6c0b4677d13c;
        path=/; HttpOnly; Secure
      Cache-Control:
      - private
    body:
      encoding: UTF-8
      string: '[{"start":1469636623000,"end":1469636643000,"min":0.0,"avg":630784.0,"median":0.0,"max":1261568.0,"sum":1261568.0,"samples":2,"empty":false},{"start":1469636643000,"end":1469636663000,"min":0.0,"avg":0.0,"median":0.0,"max":0.0,"sum":0.0,"samples":1,"empty":false},{"start":1469636663000,"end":1469636683000,"empty":true},{"start":1469636683000,"end":1469636703000,"empty":true},{"start":1469636703000,"end":1469636723000,"empty":true},{"start":1469636723000,"end":1469636743000,"empty":true},{"start":1469636743000,"end":1469636763000,"empty":true},{"start":1469636763000,"end":1469636783000,"empty":true},{"start":1469636783000,"end":1469636803000,"empty":true},{"start":1469636803000,"end":1469636823000,"empty":true},{"start":1469636823000,"end":1469636843000,"empty":true},{"start":1469636843000,"end":1469636863000,"empty":true},{"start":1469636863000,"end":1469636883000,"empty":true},{"start":1469636883000,"end":1469636903000,"empty":true},{"start":1469636903000,"end":1469636923000,"empty":true},{"start":1469636923000,"end":1469636943000,"min":6565888.0,"avg":6565888.0,"median":6565888.0,"max":6565888.0,"sum":6565888.0,"samples":1,"empty":false},{"start":1469636943000,"end":1469636963000,"min":0.0,"avg":0.0,"median":0.0,"max":0.0,"sum":0.0,"samples":1,"empty":false},{"start":1469636963000,"end":1469636983000,"empty":true},{"start":1469636983000,"end":1469637003000,"empty":true},{"start":1469637003000,"end":1469637023000,"empty":true},{"start":1469637023000,"end":1469637043000,"empty":true},{"start":1469637043000,"end":1469637063000,"empty":true},{"start":1469637063000,"end":1469637083000,"empty":true},{"start":1469637083000,"end":1469637103000,"empty":true},{"start":1469637103000,"end":1469637123000,"empty":true},{"start":1469637123000,"end":1469637143000,"empty":true},{"start":1469637143000,"end":1469637163000,"empty":true},{"start":1469637163000,"end":1469637183000,"empty":true},{"start":1469637183000,"end":1469637203000,"empty":true},{"start":1469637203000,"end":1469637223000,"empty":true},{"start":1469637223000,"end":1469637243000,"empty":true},{"start":1469637243000,"end":1469637263000,"empty":true},{"start":1469637263000,"end":1469637283000,"empty":true},{"start":1469637283000,"end":1469637303000,"empty":true},{"start":1469637303000,"end":1469637323000,"empty":true},{"start":1469637323000,"end":1469637343000,"empty":true}]'
    http_version: 
  recorded_at: Wed, 27 Jul 2016 16:35:28 GMT
- request:
    method: get
    uri: https://yzamir-centos7-1.example.com/hawkular/metrics/counters/pod%2F4f4e1906-53ed-11e6-94d4-001a4a2314d5%2Fnetwork%2Ftx/stats/?bucketDuration=20s&start=1468235823000
    body:
      encoding: US-ASCII
      string: ''
    headers:
      Accept:
      - application/json
      Accept-Encoding:
      - gzip, deflate
      User-Agent:
      - rest-client/2.0.0 (linux-gnu x86_64) ruby/2.3.1p112
      Hawkular-Tenant:
      - default
      Authorization:
      - Bearer TheToken
      Content-Type:
      - application/json
  response:
    status:
      code: 200
      message: OK
    headers:
      X-Powered-By:
      - Undertow/1
      Server:
      - WildFly/10
      Transfer-Encoding:
      - chunked
      Content-Type:
      - application/json
      Date:
      - Wed, 27 Jul 2016 16:35:30 GMT
      Set-Cookie:
      - OPENSHIFT_REENCRYPT_openshift-infra_hawkular-metrics_SERVERID=33cc0c3faeb21e60f21e6c0b4677d13c;
        path=/; HttpOnly; Secure
      Cache-Control:
      - private
    body:
      encoding: UTF-8
      string: '[{"start":1469636963000,"end":1469636983000,"min":648.0,"avg":648.0,"median":648.0,"max":648.0,"sum":648.0,"samples":1,"empty":false},{"start":1469636983000,"end":1469637003000,"min":648.0,"avg":648.0,"median":648.0,"max":648.0,"sum":648.0,"samples":1,"empty":false},{"start":1469637003000,"end":1469637023000,"min":648.0,"avg":648.0,"median":648.0,"max":648.0,"sum":1296.0,"samples":2,"empty":false},{"start":1469637023000,"end":1469637043000,"min":648.0,"avg":648.0,"median":648.0,"max":648.0,"sum":648.0,"samples":1,"empty":false},{"start":1469637043000,"end":1469637063000,"min":648.0,"avg":648.0,"median":648.0,"max":648.0,"sum":648.0,"samples":1,"empty":false},{"start":1469637063000,"end":1469637083000,"min":648.0,"avg":648.0,"median":648.0,"max":648.0,"sum":1296.0,"samples":2,"empty":false},{"start":1469637083000,"end":1469637103000,"min":648.0,"avg":648.0,"median":648.0,"max":648.0,"sum":648.0,"samples":1,"empty":false},{"start":1469637103000,"end":1469637123000,"min":648.0,"avg":648.0,"median":648.0,"max":648.0,"sum":1296.0,"samples":2,"empty":false},{"start":1469637123000,"end":1469637143000,"min":648.0,"avg":648.0,"median":648.0,"max":648.0,"sum":648.0,"samples":1,"empty":false},{"start":1469637143000,"end":1469637163000,"min":648.0,"avg":648.0,"median":648.0,"max":648.0,"sum":648.0,"samples":1,"empty":false},{"start":1469637163000,"end":1469637183000,"min":648.0,"avg":648.0,"median":648.0,"max":648.0,"sum":648.0,"samples":1,"empty":false},{"start":1469637183000,"end":1469637203000,"min":648.0,"avg":648.0,"median":648.0,"max":648.0,"sum":1296.0,"samples":2,"empty":false},{"start":1469637203000,"end":1469637223000,"min":648.0,"avg":648.0,"median":648.0,"max":648.0,"sum":648.0,"samples":1,"empty":false},{"start":1469637223000,"end":1469637243000,"min":648.0,"avg":648.0,"median":648.0,"max":648.0,"sum":648.0,"samples":1,"empty":false},{"start":1469637243000,"end":1469637263000,"min":648.0,"avg":648.0,"median":648.0,"max":648.0,"sum":648.0,"samples":1,"empty":false},{"start":1469637263000,"end":1469637283000,"min":648.0,"avg":648.0,"median":648.0,"max":648.0,"sum":648.0,"samples":1,"empty":false},{"start":1469637283000,"end":1469637303000,"min":648.0,"avg":648.0,"median":648.0,"max":648.0,"sum":648.0,"samples":1,"empty":false},{"start":1469637303000,"end":1469637323000,"min":648.0,"avg":648.0,"median":648.0,"max":648.0,"sum":648.0,"samples":1,"empty":false},{"start":1469637323000,"end":1469637343000,"empty":true}]'
    http_version: 
  recorded_at: Wed, 27 Jul 2016 16:35:34 GMT
- request:
    method: get
    uri: https://yzamir-centos7-1.example.com/hawkular/metrics/counters/pod%2F4f4e1906-53ed-11e6-94d4-001a4a2314d5%2Fnetwork%2Frx/stats/?bucketDuration=20s&start=1468235823000
    body:
      encoding: US-ASCII
      string: ''
    headers:
      Accept:
      - application/json
      Accept-Encoding:
      - gzip, deflate
      User-Agent:
      - rest-client/2.0.0 (linux-gnu x86_64) ruby/2.3.1p112
      Hawkular-Tenant:
      - default
      Authorization:
      - Bearer TheToken
      Content-Type:
      - application/json
  response:
    status:
      code: 200
      message: OK
    headers:
      X-Powered-By:
      - Undertow/1
      Server:
      - WildFly/10
      Transfer-Encoding:
      - chunked
      Content-Type:
      - application/json
      Date:
      - Wed, 27 Jul 2016 16:35:35 GMT
      Set-Cookie:
      - OPENSHIFT_REENCRYPT_openshift-infra_hawkular-metrics_SERVERID=33cc0c3faeb21e60f21e6c0b4677d13c;
        path=/; HttpOnly; Secure
      Cache-Control:
      - private
    body:
      encoding: UTF-8
      string: '[{"start":1469636903000,"end":1469636923000,"min":648.0,"avg":648.0,"median":648.0,"max":648.0,"sum":648.0,"samples":1,"empty":false},{"start":1469636923000,"end":1469636943000,"min":648.0,"avg":648.0,"median":648.0,"max":648.0,"sum":648.0,"samples":1,"empty":false},{"start":1469636943000,"end":1469636963000,"min":648.0,"avg":648.0,"median":648.0,"max":648.0,"sum":1296.0,"samples":2,"empty":false},{"start":1469636963000,"end":1469636983000,"min":648.0,"avg":648.0,"median":648.0,"max":648.0,"sum":648.0,"samples":1,"empty":false},{"start":1469636983000,"end":1469637003000,"min":648.0,"avg":648.0,"median":648.0,"max":648.0,"sum":648.0,"samples":1,"empty":false},{"start":1469637003000,"end":1469637023000,"min":648.0,"avg":648.0,"median":648.0,"max":648.0,"sum":1296.0,"samples":2,"empty":false},{"start":1469637023000,"end":1469637043000,"min":648.0,"avg":648.0,"median":648.0,"max":648.0,"sum":648.0,"samples":1,"empty":false},{"start":1469637043000,"end":1469637063000,"min":648.0,"avg":648.0,"median":648.0,"max":648.0,"sum":648.0,"samples":1,"empty":false},{"start":1469637063000,"end":1469637083000,"min":648.0,"avg":648.0,"median":648.0,"max":648.0,"sum":1296.0,"samples":2,"empty":false},{"start":1469637083000,"end":1469637103000,"min":648.0,"avg":648.0,"median":648.0,"max":648.0,"sum":648.0,"samples":1,"empty":false},{"start":1469637103000,"end":1469637123000,"min":648.0,"avg":648.0,"median":648.0,"max":648.0,"sum":1296.0,"samples":2,"empty":false},{"start":1469637123000,"end":1469637143000,"min":648.0,"avg":648.0,"median":648.0,"max":648.0,"sum":648.0,"samples":1,"empty":false},{"start":1469637143000,"end":1469637163000,"min":648.0,"avg":648.0,"median":648.0,"max":648.0,"sum":648.0,"samples":1,"empty":false},{"start":1469637163000,"end":1469637183000,"min":648.0,"avg":648.0,"median":648.0,"max":648.0,"sum":648.0,"samples":1,"empty":false},{"start":1469637183000,"end":1469637203000,"min":648.0,"avg":648.0,"median":648.0,"max":648.0,"sum":1296.0,"samples":2,"empty":false},{"start":1469637203000,"end":1469637223000,"min":648.0,"avg":648.0,"median":648.0,"max":648.0,"sum":648.0,"samples":1,"empty":false},{"start":1469637223000,"end":1469637243000,"min":648.0,"avg":648.0,"median":648.0,"max":648.0,"sum":648.0,"samples":1,"empty":false},{"start":1469637243000,"end":1469637263000,"min":648.0,"avg":648.0,"median":648.0,"max":648.0,"sum":648.0,"samples":1,"empty":false},{"start":1469637263000,"end":1469637283000,"min":648.0,"avg":648.0,"median":648.0,"max":648.0,"sum":648.0,"samples":1,"empty":false},{"start":1469637283000,"end":1469637303000,"min":648.0,"avg":648.0,"median":648.0,"max":648.0,"sum":648.0,"samples":1,"empty":false},{"start":1469637303000,"end":1469637323000,"min":648.0,"avg":648.0,"median":648.0,"max":648.0,"sum":648.0,"samples":1,"empty":false},{"start":1469637323000,"end":1469637343000,"min":648.0,"avg":648.0,"median":648.0,"max":648.0,"sum":648.0,"samples":1,"empty":false}]'
    http_version: 
  recorded_at: Wed, 27 Jul 2016 16:35:39 GMT
recorded_with: VCR 3.0.3
