---
http_interactions:
- request:
    method: get
    uri: http://jdoe:password@localhost:8080/hawkular/inventory/status
    body:
      encoding: US-ASCII
      string: ''
    headers:
      Accept:
      - application/json
      Accept-Encoding:
      - gzip, deflate
      User-Agent:
      - rest-client/2.0.1 (linux-gnu x86_64) ruby/2.3.1p112
      Hawkular-Tenant:
      - hawkular
      Content-Type:
      - application/json
  response:
    status:
      code: 200
      message: OK
    headers:
      Connection:
      - keep-alive
      X-Powered-By:
      - Undertow/1
      Server:
      - WildFly/10
      Content-Type:
      - application/json
      Content-Length:
      - '233'
      Date:
      - Thu, 16 Mar 2017 17:58:47 GMT
    body:
      encoding: ASCII-8BIT
      string: |-
        {
          "Implementation-Version" : "1.1.3.Final",
          "Built-From-Git-SHA1" : "cd31cfcb438098b6d56886e4043f4ac51bb80fb0",
          "Inventory-Implementation" : "org.hawkular.inventory.impl.tinkerpop.TinkerpopInventory",
          "Initialized" : "true"
        }
    http_version: 
  recorded_at: Thu, 16 Mar 2017 17:58:47 GMT
- request:
    method: get
    uri: http://jdoe:password@localhost:8080/hawkular/metrics/status
    body:
      encoding: US-ASCII
      string: ''
    headers:
      Accept:
      - application/json
      Accept-Encoding:
      - gzip, deflate
      User-Agent:
      - rest-client/2.0.1 (linux-gnu x86_64) ruby/2.3.1p112
      Hawkular-Tenant:
      - hawkular
      Content-Type:
      - application/json
  response:
    status:
      code: 200
      message: OK
    headers:
      Connection:
      - keep-alive
      X-Powered-By:
      - Undertow/1
      Server:
      - WildFly/10
      Content-Type:
      - application/json
      Content-Length:
      - '150'
      Date:
      - Thu, 16 Mar 2017 17:58:47 GMT
    body:
      encoding: UTF-8
      string: '{"MetricsService":"STARTED","Implementation-Version":"0.24.1.Final","Built-From-Git-SHA1":"397e6ce2e56828276c6c38a8ae04ecadb548a101","Cassandra":"up"}'
    http_version: 
  recorded_at: Thu, 16 Mar 2017 17:58:47 GMT
- request:
    method: get
    uri: http://jdoe:password@localhost:8080/hawkular/inventory/traversal/type=f
    body:
      encoding: US-ASCII
      string: ''
    headers:
      Accept:
      - application/json
      Accept-Encoding:
      - gzip, deflate
      User-Agent:
      - rest-client/2.0.1 (linux-gnu x86_64) ruby/2.3.1p112
      Hawkular-Tenant:
      - hawkular
      Content-Type:
      - application/json
  response:
    status:
      code: 200
      message: OK
    headers:
      Expires:
      - '0'
      Cache-Control:
      - no-cache, no-store, must-revalidate
      X-Powered-By:
      - Undertow/1
      Server:
      - WildFly/10
      Pragma:
      - no-cache
      Date:
      - Thu, 16 Mar 2017 17:58:47 GMT
      X-Total-Count:
      - '2'
      Connection:
      - keep-alive
      Content-Type:
      - application/json
      Content-Length:
      - '520'
      Link:
      - <http://localhost:8080/hawkular/inventory/traversal/type=f>; rel="current"
    body:
      encoding: ASCII-8BIT
      string: |-
        [ {
          "path" : "/t;hawkular/f;master.Unnamed%20Domain",
          "identityHash" : "30f57c15827b92fbd6ae865f7a713a19fe5d92",
          "contentHash" : "da39a3ee5e6b4bd3255bfef95601890afd879",
          "syncHash" : "39586a9980cea65ba04eb4623cf11d843e942253",
          "id" : "master.Unnamed Domain"
        }, {
          "path" : "/t;hawkular/f;94f76aa25a3a",
          "identityHash" : "52c22f6479aaa464a93a9ca3d993f2fd6838e74",
          "contentHash" : "da39a3ee5e6b4bd3255bfef95601890afd879",
          "syncHash" : "e4162397bb66dfc67838ac89a524d73d78de92a",
          "id" : "94f76aa25a3a"
        } ]
    http_version: 
  recorded_at: Thu, 16 Mar 2017 17:58:47 GMT
- request:
    method: get
    uri: http://jdoe:password@localhost:8080/hawkular/inventory/traversal/f;master.Unnamed%20Domain/rt;WildFly%20Server/rl;defines/type=r
    body:
      encoding: US-ASCII
      string: ''
    headers:
      Accept:
      - application/json
      Accept-Encoding:
      - gzip, deflate
      User-Agent:
      - rest-client/2.0.1 (linux-gnu x86_64) ruby/2.3.1p112
      Hawkular-Tenant:
      - hawkular
      Content-Type:
      - application/json
  response:
    status:
      code: 200
      message: OK
    headers:
      Expires:
      - '0'
      Cache-Control:
      - no-cache, no-store, must-revalidate
      X-Powered-By:
      - Undertow/1
      Server:
      - WildFly/10
      Pragma:
      - no-cache
      Date:
      - Thu, 16 Mar 2017 17:58:47 GMT
      X-Total-Count:
      - '0'
      Connection:
      - keep-alive
      Content-Type:
      - application/json
      Content-Length:
      - '3'
      Link:
      - <http://localhost:8080/hawkular/inventory/traversal/f;master.Unnamed%20Domain/rt;WildFly%20Server/rl;defines/type=r>;
        rel="current"
    body:
      encoding: ASCII-8BIT
      string: "[ ]"
    http_version: 
  recorded_at: Thu, 16 Mar 2017 17:58:47 GMT
- request:
    method: get
    uri: http://jdoe:password@localhost:8080/hawkular/inventory/traversal/f;94f76aa25a3a/rt;WildFly%20Server/rl;defines/type=r
    body:
      encoding: US-ASCII
      string: ''
    headers:
      Accept:
      - application/json
      Accept-Encoding:
      - gzip, deflate
      User-Agent:
      - rest-client/2.0.1 (linux-gnu x86_64) ruby/2.3.1p112
      Hawkular-Tenant:
      - hawkular
      Content-Type:
      - application/json
  response:
    status:
      code: 200
      message: OK
    headers:
      Expires:
      - '0'
      Cache-Control:
      - no-cache, no-store, must-revalidate
      X-Powered-By:
      - Undertow/1
      Server:
      - WildFly/10
      Pragma:
      - no-cache
      Date:
      - Thu, 16 Mar 2017 17:58:47 GMT
      X-Total-Count:
      - '1'
      Connection:
      - keep-alive
      Content-Type:
      - application/json
      Content-Length:
      - '622'
      Link:
      - <http://localhost:8080/hawkular/inventory/traversal/f;94f76aa25a3a/rt;WildFly%20Server/rl;defines/type=r>;
        rel="current"
    body:
      encoding: ASCII-8BIT
      string: |-
        [ {
          "path" : "/t;hawkular/f;94f76aa25a3a/r;Local~~",
          "name" : "WildFly Server [Local]",
          "identityHash" : "93949d3fc3992c8687b8e76304e13a1eb528c3",
          "contentHash" : "279ff07c7f8bb9a36853a063514dd723667afc",
          "syncHash" : "58e79c892fa460ab27f5c9d3d74df1959b32bc46",
          "type" : {
            "path" : "/t;hawkular/f;94f76aa25a3a/rt;WildFly%20Server",
            "name" : "WildFly Server",
            "identityHash" : "755514da45467710ce1e458f6f957824ea1c1b7c",
            "contentHash" : "96dfab5fa91ff8fea2be793138eb9f9d84399bc",
            "syncHash" : "38f8b952a9c522c38fc42f4b87efdc13e6d9562",
            "id" : "WildFly Server"
          },
          "id" : "Local~~"
        } ]
    http_version: 
  recorded_at: Thu, 16 Mar 2017 17:58:47 GMT
- request:
    method: get
    uri: http://jdoe:password@localhost:8080/hawkular/inventory/entity/f;94f76aa25a3a/r;Local~~/d;configuration
    body:
      encoding: US-ASCII
      string: ''
    headers:
      Accept:
      - application/json
      Accept-Encoding:
      - gzip, deflate
      User-Agent:
      - rest-client/2.0.1 (linux-gnu x86_64) ruby/2.3.1p112
      Hawkular-Tenant:
      - hawkular
      Content-Type:
      - application/json
  response:
    status:
      code: 200
      message: OK
    headers:
      Expires:
      - '0'
      Cache-Control:
      - no-cache, no-store, must-revalidate
      X-Powered-By:
      - Undertow/1
      Server:
      - WildFly/10
      Pragma:
      - no-cache
      Date:
      - Thu, 16 Mar 2017 17:58:47 GMT
      Connection:
      - keep-alive
      Content-Type:
      - application/json
      Content-Length:
      - '741'
    body:
      encoding: ASCII-8BIT
      string: |-
        {
          "path" : "/t;hawkular/f;94f76aa25a3a/r;Local~~/d;configuration",
          "name" : "configuration",
          "identityHash" : "6daa67de3cad1d4dbcc7dd54fff6ff88d8e4d735",
          "contentHash" : "9115e21561ef5ecc96ecfcd863629b558f2bec7",
          "syncHash" : "102dc0829aa6c8494b7c7616c06420bf6853b7e6",
          "value" : {
            "Immutable" : "true",
            "Bound Address" : "0.0.0.0",
            "Home Directory" : "/opt/jboss/wildfly",
            "Node Name" : "94f76aa25a3a",
            "Server State" : "running",
            "Product Name" : "Hawkular",
            "Hostname" : "94f76aa25a3a",
            "In Container" : "true",
            "Name" : "94f76aa25a3a",
            "Suspend State" : "RUNNING",
            "Running Mode" : "NORMAL",
            "Version" : "0.33.0.Final",
            "UUID" : "8db55da3-fda7-4ff2-bef5-dd0316da60b0"
          }
        }
    http_version: 
  recorded_at: Thu, 16 Mar 2017 17:58:47 GMT
- request:
    method: get
    uri: http://jdoe:password@localhost:8080/hawkular/inventory/traversal/f;94f76aa25a3a/type=rt
    body:
      encoding: US-ASCII
      string: ''
    headers:
      Accept:
      - application/json
      Accept-Encoding:
      - gzip, deflate
      User-Agent:
      - rest-client/2.0.1 (linux-gnu x86_64) ruby/2.3.1p112
      Hawkular-Tenant:
      - hawkular
      Content-Type:
      - application/json
  response:
    status:
      code: 200
      message: OK
    headers:
      Expires:
      - '0'
      Cache-Control:
      - no-cache, no-store, must-revalidate
      X-Powered-By:
      - Undertow/1
      Server:
      - WildFly/10
      Pragma:
      - no-cache
      Date:
      - Thu, 16 Mar 2017 17:58:47 GMT
      X-Total-Count:
      - '28'
      Connection:
      - keep-alive
      Content-Type:
      - application/json
      Content-Length:
      - '8575'
      Link:
      - <http://localhost:8080/hawkular/inventory/traversal/f;94f76aa25a3a/type=rt>;
        rel="current"
    body:
      encoding: ASCII-8BIT
      string: |-
        [ {
          "path" : "/t;hawkular/f;94f76aa25a3a/rt;Platform_Memory",
          "name" : "Memory",
          "identityHash" : "a9cae1bf58f7305834ab1f715092a1ff19c09792",
          "contentHash" : "89c8a2851d1755cf87365b4a7c55e5551cf878c6",
          "syncHash" : "63c252f9da9ffbaf9ad5ebbaab52b87c516f6fc6",
          "id" : "Platform_Memory"
        }, {
          "path" : "/t;hawkular/f;94f76aa25a3a/rt;Platform_Processor",
          "name" : "Processor",
          "identityHash" : "dc2c42d6db87dde238adda3b1e231221d8a997e",
          "contentHash" : "b74dd4bb546c66fff9ea6bb459c135aaf94616",
          "syncHash" : "805d15af89246196997560ea7a772bda4b717b8",
          "id" : "Platform_Processor"
        }, {
          "path" : "/t;hawkular/f;94f76aa25a3a/rt;Platform_Operating%20System",
          "name" : "Operating System",
          "identityHash" : "8098f1b9c46296fc5873dce9979c95692b7e7ea",
          "contentHash" : "e5ba86326755952233b0543acced2995e5faf457",
          "syncHash" : "e97372fe4fbca63cb7662a2b71d3e022ab4fdac",
          "id" : "Platform_Operating System"
        }, {
          "path" : "/t;hawkular/f;94f76aa25a3a/rt;Platform_File%20Store",
          "name" : "File Store",
          "identityHash" : "80e01775b6149f31d2ecf2b6e8b2d85ad06cf7",
          "contentHash" : "e1698edca6d8d938fd7c84ea634847ab3e99fa9",
          "syncHash" : "7c77753bf56e3ca9bbcbb90faa11e40dbabb7",
          "id" : "Platform_File Store"
        }, {
          "path" : "/t;hawkular/f;94f76aa25a3a/rt;Datasource",
          "name" : "Datasource",
          "identityHash" : "b3291af08b396960f425871b493b6d9ee97e339f",
          "contentHash" : "546c2a207bd841a0c2d94a6ae8a87371c36ffa9f",
          "syncHash" : "f65ba261ef70efe3812e95a9ecb68d4fb6f3157",
          "id" : "Datasource"
        }, {
          "path" : "/t;hawkular/f;94f76aa25a3a/rt;SubDeployment",
          "name" : "SubDeployment",
          "identityHash" : "e7c36274c35e9eeeb9564de6c5e7f14697bdbdc",
          "contentHash" : "ed9a1f4e8965cb7c17a2278f406ef1d9bae45d7",
          "syncHash" : "a7fcbe50b890591b1346776254aa8c2826ec4b3f",
          "id" : "SubDeployment"
        }, {
          "path" : "/t;hawkular/f;94f76aa25a3a/rt;Hawkular%20WildFly%20Agent",
          "name" : "Hawkular WildFly Agent",
          "identityHash" : "2e59b7dd889e76c28508b931b37de26b16bfc20",
          "contentHash" : "5631a1c89f7b7a5f5adcd5c8555cd43dcfe588",
          "syncHash" : "4cbc757c804eb3fa5419bda6eac1db9a2912d2",
          "id" : "Hawkular WildFly Agent"
        }, {
          "path" : "/t;hawkular/f;94f76aa25a3a/rt;Stateful%20Session%20EJB",
          "name" : "Stateful Session EJB",
          "identityHash" : "113c4e7fe012f6d1952ae3b8f27e865a01fc519",
          "contentHash" : "848ca2bad67291fd1449c648265d6cd05c5f29",
          "syncHash" : "cdd617cf5f718e38451b83a19fcc1fba4613e360",
          "id" : "Stateful Session EJB"
        }, {
          "path" : "/t;hawkular/f;94f76aa25a3a/rt;Deployment",
          "name" : "Deployment",
          "identityHash" : "92a9199548fbbcd8acebf2e3e8e2816886c1ce2",
          "contentHash" : "327a55f82dc6818877a68e37b722bb7f2360b633",
          "syncHash" : "c8796acaee8cc41a97c3999ce696ab50a9d6f8",
          "id" : "Deployment"
        }, {
          "path" : "/t;hawkular/f;94f76aa25a3a/rt;Transaction%20Manager",
          "name" : "Transaction Manager",
          "identityHash" : "2c82df7330b7ae48c43ae5413f9b8857f24a85f",
          "contentHash" : "46c527a46c609bf03a66b2b9d8e091838a28107",
          "syncHash" : "af0db9d805244129d4b12e8d4c5167ad52c2ca1",
          "id" : "Transaction Manager"
        }, {
          "path" : "/t;hawkular/f;94f76aa25a3a/rt;JMS%20Topic",
          "name" : "JMS Topic",
          "identityHash" : "75c24027bbd562b062152731fd59a0cee80ffa2",
          "contentHash" : "2eb3b63ebb579817658d11a75d0299b2daf334a",
          "syncHash" : "f3d5fa41258b4ab487abd41428b89a15372533",
          "id" : "JMS Topic"
        }, {
          "path" : "/t;hawkular/f;94f76aa25a3a/rt;Remote%20Destination%20Outbound%20Socket%20Binding",
          "name" : "Remote Destination Outbound Socket Binding",
          "identityHash" : "35c9cb7b4ea86e90f10e3fe64c6d14d3456ee96",
          "contentHash" : "ae41459183688898119286f4e1d5c972297b54f",
          "syncHash" : "5d39254c7e28d0fbbd30d6f34e7c51bfb8f3a1ce",
          "id" : "Remote Destination Outbound Socket Binding"
        }, {
          "path" : "/t;hawkular/f;94f76aa25a3a/rt;Socket%20Binding%20Group",
          "name" : "Socket Binding Group",
          "identityHash" : "689259496c606a774ff8d4288893cf656230642d",
          "contentHash" : "cb6167f7e9aabb8464bef22c93e8e16f6365ea3",
          "syncHash" : "50a5241e87dab3c4b71cad0632ac8f13395e69",
          "id" : "Socket Binding Group"
        }, {
          "path" : "/t;hawkular/f;94f76aa25a3a/rt;Message%20Driven%20EJB",
          "name" : "Message Driven EJB",
          "identityHash" : "2eee38e96ef09ab44422a49bc5a8623596a34bc",
          "contentHash" : "f410641c3079566b173ec6274a361357a77cd49",
          "syncHash" : "5a568d8bb5d49c38a303f667fa432a3de6b5cfd",
          "id" : "Message Driven EJB"
        }, {
          "path" : "/t;hawkular/f;94f76aa25a3a/rt;JMS%20Queue",
          "name" : "JMS Queue",
          "identityHash" : "e231d2d4c8c38b428725c32f4e695fad772c1db8",
          "contentHash" : "75b04b43485b3d9ee4da2153e44944e2f63ef",
          "syncHash" : "646cd44497a45d7afbdabbd466c412829c3262",
          "id" : "JMS Queue"
        }, {
          "path" : "/t;hawkular/f;94f76aa25a3a/rt;Messaging%20Server",
          "name" : "Messaging Server",
          "identityHash" : "c21e2c4be8b952d760ef3929652e304bd951ac4e",
          "contentHash" : "333ae92fb6535ccf71d18badfd388f14a441d0",
          "syncHash" : "35896341e6bfb41fe41e262adfe462dd854ada88",
          "id" : "Messaging Server"
        }, {
          "path" : "/t;hawkular/f;94f76aa25a3a/rt;WildFly%20Server",
          "name" : "WildFly Server",
          "identityHash" : "755514da45467710ce1e458f6f957824ea1c1b7c",
          "contentHash" : "96dfab5fa91ff8fea2be793138eb9f9d84399bc",
          "syncHash" : "38f8b952a9c522c38fc42f4b87efdc13e6d9562",
          "id" : "WildFly Server"
        }, {
          "path" : "/t;hawkular/f;94f76aa25a3a/rt;Socket%20Binding",
          "name" : "Socket Binding",
          "identityHash" : "9e8eefdeb8e37da1b2fa96e756b262caeea5",
          "contentHash" : "2f81bc49e564e3806c1179824029ffcac3ecb8ed",
          "syncHash" : "429b6e781fd8cc8734d8e7c74dcded0cf716a39",
          "id" : "Socket Binding"
        }, {
          "path" : "/t;hawkular/f;94f76aa25a3a/rt;Singleton%20EJB",
          "name" : "Singleton EJB",
          "identityHash" : "42f0638e5e8e266d17d2f7e95f35313e96fa9b39",
          "contentHash" : "9c45b8135d1640115bd1e16ddf6ed623abe9833",
          "syncHash" : "2260ecbd58da298aae11888aaa666a21dbe71f",
          "id" : "Singleton EJB"
        }, {
          "path" : "/t;hawkular/f;94f76aa25a3a/rt;JGroups",
          "name" : "JGroups",
          "identityHash" : "dd6a37f1e791f41312ab3ce894dad8db26ee3ad",
          "contentHash" : "7cb9431daf07a2dc58d3786ac5a76f915891564",
          "syncHash" : "c5a9d8fab9907672ac042ae415ac7e62b2234",
          "id" : "JGroups"
        }, {
          "path" : "/t;hawkular/f;94f76aa25a3a/rt;ModCluster",
          "name" : "ModCluster",
          "identityHash" : "364f9437230722b5892c9595b29c77b62d3396f",
          "contentHash" : "dbf826da8a4c333766883dba8952e10746225e7",
          "syncHash" : "3a43f4e6781e56c218cc9cdd548ff4d362858e2",
          "id" : "ModCluster"
        }, {
          "path" : "/t;hawkular/f;94f76aa25a3a/rt;JDBC%20Driver",
          "name" : "JDBC Driver",
          "identityHash" : "7c311a2fb888f2334317cf055191db7811b7f4a",
          "contentHash" : "3f1b769e6846f49e2d5cfc55b8fe7a58e2742f2",
          "syncHash" : "e28b2abe7a5746ecdcd12910ecc1baaf5593cca",
          "id" : "JDBC Driver"
        }, {
          "path" : "/t;hawkular/f;94f76aa25a3a/rt;Servlet",
          "name" : "Servlet",
          "identityHash" : "d844da746834ebfc4aa7782c94eeaea85b4abb74",
          "contentHash" : "8a3d655f3696d872a783c7b5b2888a97188bc29",
          "syncHash" : "c225714570836f79fdafeeb5eb71fe2ce8b987",
          "id" : "Servlet"
        }, {
          "path" : "/t;hawkular/f;94f76aa25a3a/rt;Infinispan%20Cache%20Container",
          "name" : "Infinispan Cache Container",
          "identityHash" : "53f33112d2fa8726fd7a36b3b09827b874f36c2",
          "contentHash" : "58e8394667e6d252b359de36a5fd148a2c15352",
          "syncHash" : "f2771559147eedc294f187c9d2acfa94df82175",
          "id" : "Infinispan Cache Container"
        }, {
          "path" : "/t;hawkular/f;94f76aa25a3a/rt;XA%20Datasource",
          "name" : "XA Datasource",
          "identityHash" : "738cead59778159f64fa3911e2eff113f0f9d8",
          "contentHash" : "3e6a387dbbbcf637e951b8c4c5bfa3dbdce858",
          "syncHash" : "fddf22b49da75825cb141ca5615d1292cfa4457",
          "id" : "XA Datasource"
        }, {
          "path" : "/t;hawkular/f;94f76aa25a3a/rt;JGroups%20Channel",
          "name" : "JGroups Channel",
          "identityHash" : "b076f142fbf9a283551583114ab2a58039bd488d",
          "contentHash" : "bbc51e1ef3ddc3f6db28051af5f9ef3ac62ae59",
          "syncHash" : "60d66189547e89e6bcaadaa74ccbf9d96444fdd1",
          "id" : "JGroups Channel"
        }, {
          "path" : "/t;hawkular/f;94f76aa25a3a/rt;Infinispan",
          "name" : "Infinispan",
          "identityHash" : "a02a9a0121b9fe564ef869e72765e7f1c56b2a",
          "contentHash" : "acbd2d38de78a774e94c399a2922ae46bea3783",
          "syncHash" : "4daf646564159dbdc4ec5b5c8f9ba62a0ffb6",
          "id" : "Infinispan"
        }, {
          "path" : "/t;hawkular/f;94f76aa25a3a/rt;Stateless%20Session%20EJB",
          "name" : "Stateless Session EJB",
          "identityHash" : "8db06fc15c4b85fdfc5843944dde9594652a634",
          "contentHash" : "bfa5b10fe4963014f26cdf5a6541b7f42814",
          "syncHash" : "dc33e68f960d5393464f9cec9e915d5842b3835",
          "id" : "Stateless Session EJB"
        } ]
    http_version: 
  recorded_at: Thu, 16 Mar 2017 17:58:47 GMT
- request:
    method: get
    uri: http://jdoe:password@localhost:8080/hawkular/inventory/traversal/f;94f76aa25a3a/rt;Platform_Operating%20System/rl;defines/type=r
    body:
      encoding: US-ASCII
      string: ''
    headers:
      Accept:
      - application/json
      Accept-Encoding:
      - gzip, deflate
      User-Agent:
      - rest-client/2.0.1 (linux-gnu x86_64) ruby/2.3.1p112
      Hawkular-Tenant:
      - hawkular
      Content-Type:
      - application/json
  response:
    status:
      code: 200
      message: OK
    headers:
      Expires:
      - '0'
      Cache-Control:
      - no-cache, no-store, must-revalidate
      X-Powered-By:
      - Undertow/1
      Server:
      - WildFly/10
      Pragma:
      - no-cache
      Date:
      - Thu, 16 Mar 2017 17:58:47 GMT
      X-Total-Count:
      - '1'
      Connection:
      - keep-alive
      Content-Type:
      - application/json
      Content-Length:
      - '752'
      Link:
      - <http://localhost:8080/hawkular/inventory/traversal/f;94f76aa25a3a/rt;Platform_Operating%20System/rl;defines/type=r>;
        rel="current"
    body:
      encoding: ASCII-8BIT
      string: |-
        [ {
          "path" : "/t;hawkular/f;94f76aa25a3a/r;platform~%2FOPERATING_SYSTEM%3D94f76aa25a3a_OperatingSystem",
          "name" : "94f76aa25a3a_OperatingSystem",
          "identityHash" : "f5a1e1863f68799f08d45763dd7ac91d2f363",
          "contentHash" : "abf972a1d65d7cb6d524ff748addc7ca9a12e285",
          "syncHash" : "11a18d382fc1f1219ffea8e6a4db4f7879e2b19",
          "type" : {
            "path" : "/t;hawkular/f;94f76aa25a3a/rt;Platform_Operating%20System",
            "name" : "Operating System",
            "identityHash" : "8098f1b9c46296fc5873dce9979c95692b7e7ea",
            "contentHash" : "e5ba86326755952233b0543acced2995e5faf457",
            "syncHash" : "e97372fe4fbca63cb7662a2b71d3e022ab4fdac",
            "id" : "Platform_Operating System"
          },
          "id" : "platform~/OPERATING_SYSTEM=94f76aa25a3a_OperatingSystem"
        } ]
    http_version: 
  recorded_at: Thu, 16 Mar 2017 17:58:47 GMT
- request:
    method: get
    uri: http://jdoe:password@localhost:8080/hawkular/inventory/entity/f;94f76aa25a3a/r;platform~%2FOPERATING_SYSTEM=94f76aa25a3a_OperatingSystem/d;configuration
    body:
      encoding: US-ASCII
      string: ''
    headers:
      Accept:
      - application/json
      Accept-Encoding:
      - gzip, deflate
      User-Agent:
      - rest-client/2.0.1 (linux-gnu x86_64) ruby/2.3.1p112
      Hawkular-Tenant:
      - hawkular
      Content-Type:
      - application/json
  response:
    status:
      code: 200
      message: OK
    headers:
      Expires:
      - '0'
      Cache-Control:
      - no-cache, no-store, must-revalidate
      X-Powered-By:
      - Undertow/1
      Server:
      - WildFly/10
      Pragma:
      - no-cache
      Date:
      - Thu, 16 Mar 2017 17:58:47 GMT
      Connection:
      - keep-alive
      Content-Type:
      - application/json
      Content-Length:
      - '381'
    body:
      encoding: ASCII-8BIT
      string: |-
        {
          "path" : "/t;hawkular/f;94f76aa25a3a/r;platform~%2FOPERATING_SYSTEM%3D94f76aa25a3a_OperatingSystem/d;configuration",
          "name" : "configuration",
          "identityHash" : "c216b5f7c9aaad6f90e3327a77f76a5b893f7d3",
          "contentHash" : "2afe3e6473ddc99af0cc42647fbff8772cfafc",
          "syncHash" : "719223bd5afd4a3e7c7d4d649618bef3d4e53b",
          "value" : {
            "Machine Id" : "94f76aa25a3a"
          }
        }
    http_version: 
  recorded_at: Thu, 16 Mar 2017 17:58:47 GMT
- request:
    method: get
    uri: http://jdoe:password@localhost:8080/hawkular/inventory/traversal/type=f
    body:
      encoding: US-ASCII
      string: ''
    headers:
      Accept:
      - application/json
      Accept-Encoding:
      - gzip, deflate
      User-Agent:
      - rest-client/2.0.1 (linux-gnu x86_64) ruby/2.3.1p112
      Hawkular-Tenant:
      - hawkular
      Content-Type:
      - application/json
  response:
    status:
      code: 200
      message: OK
    headers:
      Expires:
      - '0'
      Cache-Control:
      - no-cache, no-store, must-revalidate
      X-Powered-By:
      - Undertow/1
      Server:
      - WildFly/10
      Pragma:
      - no-cache
      Date:
      - Thu, 16 Mar 2017 17:58:47 GMT
      X-Total-Count:
      - '2'
      Connection:
      - keep-alive
      Content-Type:
      - application/json
      Content-Length:
      - '520'
      Link:
      - <http://localhost:8080/hawkular/inventory/traversal/type=f>; rel="current"
    body:
      encoding: ASCII-8BIT
      string: |-
        [ {
          "path" : "/t;hawkular/f;master.Unnamed%20Domain",
          "identityHash" : "30f57c15827b92fbd6ae865f7a713a19fe5d92",
          "contentHash" : "da39a3ee5e6b4bd3255bfef95601890afd879",
          "syncHash" : "39586a9980cea65ba04eb4623cf11d843e942253",
          "id" : "master.Unnamed Domain"
        }, {
          "path" : "/t;hawkular/f;94f76aa25a3a",
          "identityHash" : "52c22f6479aaa464a93a9ca3d993f2fd6838e74",
          "contentHash" : "da39a3ee5e6b4bd3255bfef95601890afd879",
          "syncHash" : "e4162397bb66dfc67838ac89a524d73d78de92a",
          "id" : "94f76aa25a3a"
        } ]
    http_version: 
  recorded_at: Thu, 16 Mar 2017 17:58:47 GMT
- request:
    method: get
    uri: http://jdoe:password@localhost:8080/hawkular/inventory/traversal/f;master.Unnamed%20Domain/rt;Domain%20Host/rl;defines/type=r
    body:
      encoding: US-ASCII
      string: ''
    headers:
      Accept:
      - application/json
      Accept-Encoding:
      - gzip, deflate
      User-Agent:
      - rest-client/2.0.1 (linux-gnu x86_64) ruby/2.3.1p112
      Hawkular-Tenant:
      - hawkular
      Content-Type:
      - application/json
  response:
    status:
      code: 200
      message: OK
    headers:
      Expires:
      - '0'
      Cache-Control:
      - no-cache, no-store, must-revalidate
      X-Powered-By:
      - Undertow/1
      Server:
      - WildFly/10
      Pragma:
      - no-cache
      Date:
      - Thu, 16 Mar 2017 17:58:47 GMT
      X-Total-Count:
      - '1'
      Connection:
      - keep-alive
      Content-Type:
      - application/json
      Content-Length:
      - '671'
      Link:
      - <http://localhost:8080/hawkular/inventory/traversal/f;master.Unnamed%20Domain/rt;Domain%20Host/rl;defines/type=r>;
        rel="current"
    body:
      encoding: ASCII-8BIT
      string: |-
        [ {
          "path" : "/t;hawkular/f;master.Unnamed%20Domain/r;Local~~/r;Local~%2Fhost%3Dmaster",
          "name" : "Domain Host [master]",
          "identityHash" : "d08612a678635da0924a28c753e2a2162d424561",
          "contentHash" : "8c8ad1b41b2554387c42213ccf01d40113048f3",
          "syncHash" : "cae056d79173eb2c36b0163785f961e810ab052",
          "type" : {
            "path" : "/t;hawkular/f;master.Unnamed%20Domain/rt;Domain%20Host",
            "name" : "Domain Host",
            "identityHash" : "a120408c84f91e411bb874f4f031efd1304a3d42",
            "contentHash" : "387c2379d35ec3f9251e8a08b61cf2a99f45d26",
            "syncHash" : "3be3478bc09c756ab7afee7f4681275f15d874c",
            "id" : "Domain Host"
          },
          "id" : "Local~/host=master"
        } ]
    http_version: 
  recorded_at: Thu, 16 Mar 2017 17:58:47 GMT
- request:
    method: get
    uri: http://jdoe:password@localhost:8080/hawkular/inventory/entity/f;master.Unnamed%20Domain/r;Local~~/r;Local~%2Fhost=master/d;configuration
    body:
      encoding: US-ASCII
      string: ''
    headers:
      Accept:
      - application/json
      Accept-Encoding:
      - gzip, deflate
      User-Agent:
      - rest-client/2.0.1 (linux-gnu x86_64) ruby/2.3.1p112
      Hawkular-Tenant:
      - hawkular
      Content-Type:
      - application/json
  response:
    status:
      code: 200
      message: OK
    headers:
      Expires:
      - '0'
      Cache-Control:
      - no-cache, no-store, must-revalidate
      X-Powered-By:
      - Undertow/1
      Server:
      - WildFly/10
      Pragma:
      - no-cache
      Date:
      - Thu, 16 Mar 2017 17:58:47 GMT
      Connection:
      - keep-alive
      Content-Type:
      - application/json
      Content-Length:
      - '672'
    body:
      encoding: ASCII-8BIT
      string: |-
        {
          "path" : "/t;hawkular/f;master.Unnamed%20Domain/r;Local~~/r;Local~%2Fhost%3Dmaster/d;configuration",
          "name" : "configuration",
          "identityHash" : "166b1f23f4db3cbfcae4b4f8279562acfe33",
          "contentHash" : "2313b428cbea765c4b7ae8ad88cd6caa5713ef58",
          "syncHash" : "7c2c6cd979fa4ffa7d12b2aebbdb8840ef3b99",
          "value" : {
            "Suspend State" : null,
            "Running Mode" : "NORMAL",
            "Home Directory" : "/opt/jboss/wildfly",
            "Version" : "10.0.0.Final",
            "Server State" : null,
            "Product Name" : "WildFly Full",
            "Host State" : "running",
            "Is Domain Controller" : "true",
            "UUID" : "74688f03-f6e1-4ebd-801f-4db1dba6fd5a",
            "Name" : "master"
          }
        }
    http_version: 
  recorded_at: Thu, 16 Mar 2017 17:58:47 GMT
- request:
    method: get
    uri: http://jdoe:password@localhost:8080/hawkular/inventory/traversal/f;master.Unnamed%20Domain/rt;Domain%20Server%20Group/rl;defines/type=r
    body:
      encoding: US-ASCII
      string: ''
    headers:
      Accept:
      - application/json
      Accept-Encoding:
      - gzip, deflate
      User-Agent:
      - rest-client/2.0.1 (linux-gnu x86_64) ruby/2.3.1p112
      Hawkular-Tenant:
      - hawkular
      Content-Type:
      - application/json
  response:
    status:
      code: 200
      message: OK
    headers:
      Expires:
      - '0'
      Cache-Control:
      - no-cache, no-store, must-revalidate
      X-Powered-By:
      - Undertow/1
      Server:
      - WildFly/10
      Pragma:
      - no-cache
      Date:
      - Thu, 16 Mar 2017 17:58:47 GMT
      X-Total-Count:
      - '1'
      Connection:
      - keep-alive
      Content-Type:
      - application/json
      Content-Length:
      - '725'
      Link:
      - <http://localhost:8080/hawkular/inventory/traversal/f;master.Unnamed%20Domain/rt;Domain%20Server%20Group/rl;defines/type=r>;
        rel="current"
    body:
      encoding: ASCII-8BIT
      string: |-
        [ {
          "path" : "/t;hawkular/f;master.Unnamed%20Domain/r;Local~~/r;Local~%2Fserver-group%3Dmy-group",
          "name" : "Domain Server Group [my-group]",
          "identityHash" : "a3dc2d7617ce98ca7a710d5badb9618e0e589a4",
          "contentHash" : "1e7e5efb3f4fdbdd90785c17cd4dc588fc6c852d",
          "syncHash" : "1c4847e5936182aa0fc52c3174d2f77a2a77965",
          "type" : {
            "path" : "/t;hawkular/f;master.Unnamed%20Domain/rt;Domain%20Server%20Group",
            "name" : "Domain Server Group",
            "identityHash" : "7efd282ab36449a1be70b9e3e370ebb416e1c0e3",
            "contentHash" : "c7375392e9185867d1bfa4d30d25d2560b92fcd",
            "syncHash" : "ca2f585097a821ff5c7bd724c5ddc49499b75",
            "id" : "Domain Server Group"
          },
          "id" : "Local~/server-group=my-group"
        } ]
    http_version: 
  recorded_at: Thu, 16 Mar 2017 17:58:47 GMT
- request:
    method: get
    uri: http://jdoe:password@localhost:8080/hawkular/inventory/entity/f;master.Unnamed%20Domain/r;Local~~/r;Local~%2Fserver-group=my-group/d;configuration
    body:
      encoding: US-ASCII
      string: ''
    headers:
      Accept:
      - application/json
      Accept-Encoding:
      - gzip, deflate
      User-Agent:
      - rest-client/2.0.1 (linux-gnu x86_64) ruby/2.3.1p112
      Hawkular-Tenant:
      - hawkular
      Content-Type:
      - application/json
  response:
    status:
      code: 200
      message: OK
    headers:
      Expires:
      - '0'
      Cache-Control:
      - no-cache, no-store, must-revalidate
      X-Powered-By:
      - Undertow/1
      Server:
      - WildFly/10
      Pragma:
      - no-cache
      Date:
      - Thu, 16 Mar 2017 17:58:47 GMT
      Connection:
      - keep-alive
      Content-Type:
      - application/json
      Content-Length:
      - '369'
    body:
      encoding: ASCII-8BIT
      string: |-
        {
          "path" : "/t;hawkular/f;master.Unnamed%20Domain/r;Local~~/r;Local~%2Fserver-group%3Dmy-group/d;configuration",
          "name" : "configuration",
          "identityHash" : "8013bda966191367d023be4cb3e9f1d569b70cb",
          "contentHash" : "d2d7929fd43ae2c47e05210ccc0ae2797ca2a91",
          "syncHash" : "a8f08fbf2cef60b89518a9fc7c2c49be23c11df",
          "value" : {
            "Profile" : "default"
          }
        }
    http_version: 
  recorded_at: Thu, 16 Mar 2017 17:58:47 GMT
- request:
    method: get
    uri: http://jdoe:password@localhost:8080/hawkular/inventory/traversal/f;master.Unnamed%20Domain/rt;Domain%20WildFly%20Server/rl;defines/type=r
    body:
      encoding: US-ASCII
      string: ''
    headers:
      Accept:
      - application/json
      Accept-Encoding:
      - gzip, deflate
      User-Agent:
      - rest-client/2.0.1 (linux-gnu x86_64) ruby/2.3.1p112
      Hawkular-Tenant:
      - hawkular
      Content-Type:
      - application/json
  response:
    status:
      code: 200
      message: OK
    headers:
      Expires:
      - '0'
      Cache-Control:
      - no-cache, no-store, must-revalidate
      X-Powered-By:
      - Undertow/1
      Server:
      - WildFly/10
      Pragma:
      - no-cache
      Date:
      - Thu, 16 Mar 2017 17:58:47 GMT
      X-Total-Count:
      - '1'
      Connection:
      - keep-alive
      Content-Type:
      - application/json
      Content-Length:
      - '753'
      Link:
      - <http://localhost:8080/hawkular/inventory/traversal/f;master.Unnamed%20Domain/rt;Domain%20WildFly%20Server/rl;defines/type=r>;
        rel="current"
    body:
      encoding: ASCII-8BIT
      string: |-
        [ {
          "path" : "/t;hawkular/f;master.Unnamed%20Domain/r;Local~~/r;Local~%2Fhost%3Dmaster/r;Local~%2Fhost%3Dmaster%2Fserver%3Ds",
          "name" : "Domain WildFly Server [s]",
          "identityHash" : "79adf4977ca954da47f68605c2ab6ce692f623",
          "contentHash" : "7cd92c55db55abc564e6d7deb36fe82e891424c",
          "syncHash" : "ea35b3e1ac911f39f1bf83a8b81abe1261ae8b6",
          "type" : {
            "path" : "/t;hawkular/f;master.Unnamed%20Domain/rt;Domain%20WildFly%20Server",
            "name" : "Domain WildFly Server",
            "identityHash" : "3498788d788a114fec3a155ea78f2f373764c0",
            "contentHash" : "796591cd152f75923c60c28fffa02e721fd1a1f1",
            "syncHash" : "bf5ad8a330c649cdbf3f2757287ac6c2cf20b115",
            "id" : "Domain WildFly Server"
          },
          "id" : "Local~/host=master/server=s"
        } ]
    http_version: 
  recorded_at: Thu, 16 Mar 2017 17:58:47 GMT
- request:
    method: get
    uri: http://jdoe:password@localhost:8080/hawkular/inventory/entity/f;master.Unnamed%20Domain/r;Local~~/r;Local~%2Fhost=master/r;Local~%2Fhost=master%2Fserver=s/d;configuration
    body:
      encoding: US-ASCII
      string: ''
    headers:
      Accept:
      - application/json
      Accept-Encoding:
      - gzip, deflate
      User-Agent:
      - rest-client/2.0.1 (linux-gnu x86_64) ruby/2.3.1p112
      Hawkular-Tenant:
      - hawkular
      Content-Type:
      - application/json
  response:
    status:
      code: 200
      message: OK
    headers:
      Expires:
      - '0'
      Cache-Control:
      - no-cache, no-store, must-revalidate
      X-Powered-By:
      - Undertow/1
      Server:
      - WildFly/10
      Pragma:
      - no-cache
      Date:
      - Thu, 16 Mar 2017 17:58:47 GMT
      Connection:
      - keep-alive
      Content-Type:
      - application/json
      Content-Length:
      - '860'
    body:
      encoding: ASCII-8BIT
      string: |-
        {
          "path" : "/t;hawkular/f;master.Unnamed%20Domain/r;Local~~/r;Local~%2Fhost%3Dmaster/r;Local~%2Fhost%3Dmaster%2Fserver%3Ds/d;configuration",
          "name" : "configuration",
          "identityHash" : "ad23fe63086863f7f2f58dee733fb7ca837e3e1",
          "contentHash" : "4f64fe9d4d28adcd7d37154575683712d4819d8c",
          "syncHash" : "b9bc70144d1215df95fb416d593fa03ebe254cb9",
          "value" : {
            "Node Name" : "master:s",
            "Base Directory" : "/opt/jboss/wildfly/domain/servers/s",
            "Server State" : "running",
            "Product Name" : "WildFly Full",
            "Hostname" : "58ef2cf13071",
            "Host" : "master",
            "Server Group" : "my-group",
            "Initial Running Mode" : "NORMAL",
            "Name" : "s",
            "Suspend State" : "RUNNING",
            "Running Mode" : "NORMAL",
            "Version" : "10.0.0.Final",
            "Profile Name" : "default",
            "UUID" : "81ac390d-882d-4887-80e5-5225a719adae"
          }
        }
    http_version: 
  recorded_at: Thu, 16 Mar 2017 17:58:47 GMT
- request:
    method: get
    uri: http://jdoe:password@localhost:8080/hawkular/inventory/entity/f;master.Unnamed%20Domain/r;Local~~/r;Local~%2Fhost=master/r;Local~%2Fhost=master%2Fserver-config=s/d;configuration
    body:
      encoding: US-ASCII
      string: ''
    headers:
      Accept:
      - application/json
      Accept-Encoding:
      - gzip, deflate
      User-Agent:
      - rest-client/2.0.1 (linux-gnu x86_64) ruby/2.3.1p112
      Hawkular-Tenant:
      - hawkular
      Content-Type:
      - application/json
  response:
    status:
      code: 200
      message: OK
    headers:
      Expires:
      - '0'
      Cache-Control:
      - no-cache, no-store, must-revalidate
      X-Powered-By:
      - Undertow/1
      Server:
      - WildFly/10
      Pragma:
      - no-cache
      Date:
      - Thu, 16 Mar 2017 17:58:47 GMT
      Connection:
      - keep-alive
      Content-Type:
      - application/json
      Content-Length:
      - '482'
    body:
      encoding: ASCII-8BIT
      string: |-
        {
          "path" : "/t;hawkular/f;master.Unnamed%20Domain/r;Local~~/r;Local~%2Fhost%3Dmaster/r;Local~%2Fhost%3Dmaster%2Fserver-config%3Ds/d;configuration",
          "name" : "configuration",
          "identityHash" : "9b9d1d4005114196eaf88ac723e186e59bc3e2e",
          "contentHash" : "3b92bfe173453f416e209ba94cb0d065778b9825",
          "syncHash" : "f472ac5ec5c64ece3a3a83d9310e3e1b4c3e4f9",
          "value" : {
            "Status" : "STARTED",
            "Server Group" : "my-group",
            "Auto Start" : "true",
            "Name" : "s"
          }
        }
    http_version: 
  recorded_at: Thu, 16 Mar 2017 17:58:47 GMT
- request:
    method: get
    uri: http://jdoe:password@localhost:8080/hawkular/inventory/traversal/f;94f76aa25a3a/rt;Domain%20Host/rl;defines/type=r
    body:
      encoding: US-ASCII
      string: ''
    headers:
      Accept:
      - application/json
      Accept-Encoding:
      - gzip, deflate
      User-Agent:
      - rest-client/2.0.1 (linux-gnu x86_64) ruby/2.3.1p112
      Hawkular-Tenant:
      - hawkular
      Content-Type:
      - application/json
  response:
    status:
      code: 200
      message: OK
    headers:
      Expires:
      - '0'
      Cache-Control:
      - no-cache, no-store, must-revalidate
      X-Powered-By:
      - Undertow/1
      Server:
      - WildFly/10
      Pragma:
      - no-cache
      Date:
      - Thu, 16 Mar 2017 17:58:47 GMT
      X-Total-Count:
      - '0'
      Connection:
      - keep-alive
      Content-Type:
      - application/json
      Content-Length:
      - '3'
      Link:
      - <http://localhost:8080/hawkular/inventory/traversal/f;94f76aa25a3a/rt;Domain%20Host/rl;defines/type=r>;
        rel="current"
    body:
      encoding: ASCII-8BIT
      string: "[ ]"
    http_version: 
  recorded_at: Thu, 16 Mar 2017 17:58:47 GMT
- request:
    method: get
    uri: http://jdoe:password@localhost:8080/hawkular/inventory/traversal/f;94f76aa25a3a/r;Local~~/recursive;over=isParentOf;type=r
    body:
      encoding: US-ASCII
      string: ''
    headers:
      Accept:
      - application/json
      Accept-Encoding:
      - gzip, deflate
      User-Agent:
      - rest-client/2.0.1 (linux-gnu x86_64) ruby/2.3.1p112
      Hawkular-Tenant:
      - hawkular
      Content-Type:
      - application/json
  response:
    status:
      code: 200
      message: OK
    headers:
      Expires:
      - '0'
      Cache-Control:
      - no-cache, no-store, must-revalidate
      X-Powered-By:
      - Undertow/1
      Server:
      - WildFly/10
      Pragma:
      - no-cache
      Date:
      - Thu, 16 Mar 2017 17:58:47 GMT
      X-Total-Count:
      - '86'
      Connection:
      - keep-alive
      Content-Type:
      - application/json
      Content-Length:
      - '75987'
      Link:
      - <http://localhost:8080/hawkular/inventory/traversal/f;94f76aa25a3a/r;Local~~/recursive;over=isParentOf;type=r>;
        rel="current"
    body:
      encoding: ASCII-8BIT
      string: |-
        [ {
          "path" : "/t;hawkular/f;94f76aa25a3a/r;Local~~/r;Local~%2Fsubsystem%3Dinfinispan",
          "name" : "Infinispan",
          "identityHash" : "91494e7521ad56b546a393cc950ba43eb90574d",
          "contentHash" : "87f6d31913ce5af34bde86aa383aa81d9958a",
          "syncHash" : "1c4bc4ce97af8df33bc923c67d9ec389c55da3b",
          "type" : {
            "path" : "/t;hawkular/f;94f76aa25a3a/rt;Infinispan",
            "name" : "Infinispan",
            "identityHash" : "a02a9a0121b9fe564ef869e72765e7f1c56b2a",
            "contentHash" : "acbd2d38de78a774e94c399a2922ae46bea3783",
            "syncHash" : "4daf646564159dbdc4ec5b5c8f9ba62a0ffb6",
            "id" : "Infinispan"
          },
          "id" : "Local~/subsystem=infinispan"
        }, {
          "path" : "/t;hawkular/f;94f76aa25a3a/r;Local~~/r;Local~%2Fsubsystem%3Ddatasources%2Fdata-source%3DHawkularInventoryDS_h2",
          "name" : "Datasource [HawkularInventoryDS_h2]",
          "identityHash" : "e7d541fc11952760b1e5b33bb419b3ff6fde9b",
          "contentHash" : "edd709c9685c05550b77349ea11acb33a72dda3",
          "syncHash" : "23d656292b424e70a87c9a8ebbaf281a2976e5a",
          "type" : {
            "path" : "/t;hawkular/f;94f76aa25a3a/rt;Datasource",
            "name" : "Datasource",
            "identityHash" : "b3291af08b396960f425871b493b6d9ee97e339f",
            "contentHash" : "546c2a207bd841a0c2d94a6ae8a87371c36ffa9f",
            "syncHash" : "f65ba261ef70efe3812e95a9ecb68d4fb6f3157",
            "id" : "Datasource"
          },
          "id" : "Local~/subsystem=datasources/data-source=HawkularInventoryDS_h2"
        }, {
          "path" : "/t;hawkular/f;94f76aa25a3a/r;Local~~/r;Local~%2Fsubsystem%3Ddatasources%2Fdata-source%3DExampleDS",
          "name" : "Datasource [ExampleDS]",
          "identityHash" : "5b9b6d3ac513c88aea531cb62acb2e97a7b13f0",
          "contentHash" : "b58b567684c11abcad41d4c9987f5ab7dcc91e9b",
          "syncHash" : "2c284ee75d302b9ecab443ad1e6215c8b89746b",
          "type" : {
            "path" : "/t;hawkular/f;94f76aa25a3a/rt;Datasource",
            "name" : "Datasource",
            "identityHash" : "b3291af08b396960f425871b493b6d9ee97e339f",
            "contentHash" : "546c2a207bd841a0c2d94a6ae8a87371c36ffa9f",
            "syncHash" : "f65ba261ef70efe3812e95a9ecb68d4fb6f3157",
            "id" : "Datasource"
          },
          "id" : "Local~/subsystem=datasources/data-source=ExampleDS"
        }, {
          "path" : "/t;hawkular/f;94f76aa25a3a/r;Local~~/r;Local~%2Fsubsystem%3Dtransactions",
          "name" : "Transaction Manager",
          "identityHash" : "e1bd9260d5d2d9182f3ee5ef3215881af2f4c39",
          "contentHash" : "a6c39bff42bb3c59cb2a9df90bd9ba46ecfd4c",
          "syncHash" : "30bed6b5e3747e92bcefaa744617db016136bda",
          "type" : {
            "path" : "/t;hawkular/f;94f76aa25a3a/rt;Transaction%20Manager",
            "name" : "Transaction Manager",
            "identityHash" : "2c82df7330b7ae48c43ae5413f9b8857f24a85f",
            "contentHash" : "46c527a46c609bf03a66b2b9d8e091838a28107",
            "syncHash" : "af0db9d805244129d4b12e8d4c5167ad52c2ca1",
            "id" : "Transaction Manager"
          },
          "id" : "Local~/subsystem=transactions"
        }, {
          "path" : "/t;hawkular/f;94f76aa25a3a/r;Local~~/r;Local~%2Fdeployment%3Dhawkular-rest-api.war",
          "name" : "Deployment [hawkular-rest-api.war]",
          "identityHash" : "33d0559d68ec58f35920fa9a5b4acacf0cd744e",
          "contentHash" : "2bfba7848683914b7dc337df6a9e9a299d10f4",
          "syncHash" : "3c10f16d4a8863922f1b909cd650d4b85b3877d",
          "type" : {
            "path" : "/t;hawkular/f;94f76aa25a3a/rt;Deployment",
            "name" : "Deployment",
            "identityHash" : "92a9199548fbbcd8acebf2e3e8e2816886c1ce2",
            "contentHash" : "327a55f82dc6818877a68e37b722bb7f2360b633",
            "syncHash" : "c8796acaee8cc41a97c3999ce696ab50a9d6f8",
            "id" : "Deployment"
          },
          "id" : "Local~/deployment=hawkular-rest-api.war"
        }, {
          "path" : "/t;hawkular/f;94f76aa25a3a/r;Local~~/r;Local~%2Fsocket-binding-group%3Dstandard-sockets",
          "name" : "Socket Binding Group [standard-sockets]",
          "identityHash" : "a3adfda2eec71903f2e6def315fe5c519934fb",
          "contentHash" : "57c78c644c2360bfc5251e501570bbc27b1f5466",
          "syncHash" : "892c2f96c3e3030259b693ba796969091ba45",
          "type" : {
            "path" : "/t;hawkular/f;94f76aa25a3a/rt;Socket%20Binding%20Group",
            "name" : "Socket Binding Group",
            "identityHash" : "689259496c606a774ff8d4288893cf656230642d",
            "contentHash" : "cb6167f7e9aabb8464bef22c93e8e16f6365ea3",
            "syncHash" : "50a5241e87dab3c4b71cad0632ac8f13395e69",
            "id" : "Socket Binding Group"
          },
          "id" : "Local~/socket-binding-group=standard-sockets"
        }, {
          "path" : "/t;hawkular/f;94f76aa25a3a/r;Local~~/r;Local~%2Fdeployment%3Dhawkular-status.war",
          "name" : "Deployment [hawkular-status.war]",
          "identityHash" : "afed6d71c1cfc830e6b880241a8bbe655e27913c",
          "contentHash" : "6dc4efef84b9a54a70f61074934b7c853a1e17a",
          "syncHash" : "aaa833d7f228709422fc66da2a04c6b4e4ae41",
          "type" : {
            "path" : "/t;hawkular/f;94f76aa25a3a/rt;Deployment",
            "name" : "Deployment",
            "identityHash" : "92a9199548fbbcd8acebf2e3e8e2816886c1ce2",
            "contentHash" : "327a55f82dc6818877a68e37b722bb7f2360b633",
            "syncHash" : "c8796acaee8cc41a97c3999ce696ab50a9d6f8",
            "id" : "Deployment"
          },
          "id" : "Local~/deployment=hawkular-status.war"
        }, {
          "path" : "/t;hawkular/f;94f76aa25a3a/r;Local~~/r;Local~%2Fsubsystem%3Dhawkular-wildfly-agent",
          "name" : "Hawkular WildFly Agent",
          "identityHash" : "40317a54118b5a655d12e0fa3b3af435ffb35b1a",
          "contentHash" : "fba7866bc34d2ba1ed776115ad9eceb79b6e1c",
          "syncHash" : "b090a9dce0e3b6148a69653d6c3225cd7abad9c",
          "type" : {
            "path" : "/t;hawkular/f;94f76aa25a3a/rt;Hawkular%20WildFly%20Agent",
            "name" : "Hawkular WildFly Agent",
            "identityHash" : "2e59b7dd889e76c28508b931b37de26b16bfc20",
            "contentHash" : "5631a1c89f7b7a5f5adcd5c8555cd43dcfe588",
            "syncHash" : "4cbc757c804eb3fa5419bda6eac1db9a2912d2",
            "id" : "Hawkular WildFly Agent"
          },
          "id" : "Local~/subsystem=hawkular-wildfly-agent"
        }, {
          "path" : "/t;hawkular/f;94f76aa25a3a/r;Local~~/r;Local~%2Fsubsystem%3Ddatasources%2Fjdbc-driver%3Dh2",
          "name" : "JDBC Driver [h2]",
          "identityHash" : "2a2c8737af4420e578da6c99becbf77c870f9",
          "contentHash" : "8bcc62c8866ea8f4667c8e881cb848896ef63fa",
          "syncHash" : "b580b85385941ad714139cfcaa6cdaf55748f",
          "type" : {
            "path" : "/t;hawkular/f;94f76aa25a3a/rt;JDBC%20Driver",
            "name" : "JDBC Driver",
            "identityHash" : "7c311a2fb888f2334317cf055191db7811b7f4a",
            "contentHash" : "3f1b769e6846f49e2d5cfc55b8fe7a58e2742f2",
            "syncHash" : "e28b2abe7a5746ecdcd12910ecc1baaf5593cca",
            "id" : "JDBC Driver"
          },
          "id" : "Local~/subsystem=datasources/jdbc-driver=h2"
        }, {
          "path" : "/t;hawkular/f;94f76aa25a3a/r;Local~~/r;Local~%2Fsubsystem%3Ddatasources%2Fjdbc-driver%3Dpostgresql",
          "name" : "JDBC Driver [postgresql]",
          "identityHash" : "b4d3931a55fc762aac8fc6203f4a2dc26231251",
          "contentHash" : "5417188b1f91eb354979783bd4845d9d84522e2b",
          "syncHash" : "ba51d98bd0a5ccc8db6c558f5b6ca564aa7371",
          "type" : {
            "path" : "/t;hawkular/f;94f76aa25a3a/rt;JDBC%20Driver",
            "name" : "JDBC Driver",
            "identityHash" : "7c311a2fb888f2334317cf055191db7811b7f4a",
            "contentHash" : "3f1b769e6846f49e2d5cfc55b8fe7a58e2742f2",
            "syncHash" : "e28b2abe7a5746ecdcd12910ecc1baaf5593cca",
            "id" : "JDBC Driver"
          },
          "id" : "Local~/subsystem=datasources/jdbc-driver=postgresql"
        }, {
          "path" : "/t;hawkular/f;94f76aa25a3a/r;Local~~/r;Local~%2Fsubsystem%3Dmessaging-activemq%2Fserver%3Ddefault",
          "name" : "Messaging Server [default]",
          "identityHash" : "dd7313aa4fd69025cde6673bbcfbd89c1e8cd86a",
          "contentHash" : "e4e99f5c774164440fdc28a9037ffdf7262a9f8",
          "syncHash" : "bc2d1853b56ab7c693c7dcca3ee4e05bda7466",
          "type" : {
            "path" : "/t;hawkular/f;94f76aa25a3a/rt;Messaging%20Server",
            "name" : "Messaging Server",
            "identityHash" : "c21e2c4be8b952d760ef3929652e304bd951ac4e",
            "contentHash" : "333ae92fb6535ccf71d18badfd388f14a441d0",
            "syncHash" : "35896341e6bfb41fe41e262adfe462dd854ada88",
            "id" : "Messaging Server"
          },
          "id" : "Local~/subsystem=messaging-activemq/server=default"
        }, {
          "path" : "/t;hawkular/f;94f76aa25a3a/r;Local~~/r;Local~%2Fsubsystem%3Ddatasources%2Fdata-source%3DHawkularInventoryDS_postgres",
          "name" : "Datasource [HawkularInventoryDS_postgres]",
          "identityHash" : "de3083b559513fa1dcee34e78f1136ce6115ab3c",
          "contentHash" : "90d8565f98575c636cd1e2a6da2d09bea5345",
          "syncHash" : "c121d2042aedbf1ec7b7448c35d1135caef89",
          "type" : {
            "path" : "/t;hawkular/f;94f76aa25a3a/rt;Datasource",
            "name" : "Datasource",
            "identityHash" : "b3291af08b396960f425871b493b6d9ee97e339f",
            "contentHash" : "546c2a207bd841a0c2d94a6ae8a87371c36ffa9f",
            "syncHash" : "f65ba261ef70efe3812e95a9ecb68d4fb6f3157",
            "id" : "Datasource"
          },
          "id" : "Local~/subsystem=datasources/data-source=HawkularInventoryDS_postgres"
        }, {
          "path" : "/t;hawkular/f;94f76aa25a3a/r;Local~~/r;Local~%2Fdeployment%3Dhawkular-metrics.ear",
          "name" : "Deployment [hawkular-metrics.ear]",
          "identityHash" : "eae6cadbdfe05b74535aaf932b44cb662882c79c",
          "contentHash" : "ceff67ea9b17c1303497484c30c558c38766fba1",
          "syncHash" : "c9cdf7dd9ad52a52db7ac53fca12dc26565514",
          "type" : {
            "path" : "/t;hawkular/f;94f76aa25a3a/rt;Deployment",
            "name" : "Deployment",
            "identityHash" : "92a9199548fbbcd8acebf2e3e8e2816886c1ce2",
            "contentHash" : "327a55f82dc6818877a68e37b722bb7f2360b633",
            "syncHash" : "c8796acaee8cc41a97c3999ce696ab50a9d6f8",
            "id" : "Deployment"
          },
          "id" : "Local~/deployment=hawkular-metrics.ear"
        }, {
          "path" : "/t;hawkular/f;94f76aa25a3a/r;Local~~/r;Local~%2Fdeployment%3Dhawkular-wildfly-agent-download.war",
          "name" : "Deployment [hawkular-wildfly-agent-download.war]",
          "identityHash" : "46edf25df8e8473082965ab1bd99aaf0ddce9316",
          "contentHash" : "e0784bf0dd411af714d5b85a98ffaaf9a612b24",
          "syncHash" : "d9378f9bdb27ad53ca8674b025676124f6bb5699",
          "type" : {
            "path" : "/t;hawkular/f;94f76aa25a3a/rt;Deployment",
            "name" : "Deployment",
            "identityHash" : "92a9199548fbbcd8acebf2e3e8e2816886c1ce2",
            "contentHash" : "327a55f82dc6818877a68e37b722bb7f2360b633",
            "syncHash" : "c8796acaee8cc41a97c3999ce696ab50a9d6f8",
            "id" : "Deployment"
          },
          "id" : "Local~/deployment=hawkular-wildfly-agent-download.war"
        }, {
          "path" : "/t;hawkular/f;94f76aa25a3a/r;Local~~/r;Local~%2Fdeployment%3Dhawkular-inventory-dist.war",
          "name" : "Deployment [hawkular-inventory-dist.war]",
          "identityHash" : "d94af92a18ef33b714dce2561e96da858c04f60",
          "contentHash" : "417c20bda5537eb48b72cc26a72d0a6c0b3cbe5",
          "syncHash" : "d93cb5912c1b941ded56a84eb50ddd743e63a95",
          "type" : {
            "path" : "/t;hawkular/f;94f76aa25a3a/rt;Deployment",
            "name" : "Deployment",
            "identityHash" : "92a9199548fbbcd8acebf2e3e8e2816886c1ce2",
            "contentHash" : "327a55f82dc6818877a68e37b722bb7f2360b633",
            "syncHash" : "c8796acaee8cc41a97c3999ce696ab50a9d6f8",
            "id" : "Deployment"
          },
          "id" : "Local~/deployment=hawkular-inventory-dist.war"
        }, {
          "path" : "/t;hawkular/f;94f76aa25a3a/r;Local~~/r;Local~%2Fdeployment%3Dhawkular-command-gateway-war.war",
          "name" : "Deployment [hawkular-command-gateway-war.war]",
          "identityHash" : "9d0e6288f43614c6a37bb457ae26818c94f7b",
          "contentHash" : "3d65bb3dceb1e32f1289d923e51a926271e0d723",
          "syncHash" : "e0aae51df17cb1db65f21e869642bd1ba1dead",
          "type" : {
            "path" : "/t;hawkular/f;94f76aa25a3a/rt;Deployment",
            "name" : "Deployment",
            "identityHash" : "92a9199548fbbcd8acebf2e3e8e2816886c1ce2",
            "contentHash" : "327a55f82dc6818877a68e37b722bb7f2360b633",
            "syncHash" : "c8796acaee8cc41a97c3999ce696ab50a9d6f8",
            "id" : "Deployment"
          },
          "id" : "Local~/deployment=hawkular-command-gateway-war.war"
        }, {
          "path" : "/t;hawkular/f;94f76aa25a3a/r;Local~~/r;Local~%2Fsubsystem%3Dinfinispan/r;Local~%2Fsubsystem%3Dinfinispan%2Fcache-container%3Dhawkular-metrics",
          "name" : "Infinispan Cache Container [hawkular-metrics]",
          "identityHash" : "ff5b7837c537c6e19ca48acd83e0a673bab4198f",
          "contentHash" : "d9a3a3237f06fa14883ab93c88ed9f417db59f0",
          "syncHash" : "5fbd554c72ca85bb6f2732746888f627e1fd3b",
          "type" : {
            "path" : "/t;hawkular/f;94f76aa25a3a/rt;Infinispan%20Cache%20Container",
            "name" : "Infinispan Cache Container",
            "identityHash" : "53f33112d2fa8726fd7a36b3b09827b874f36c2",
            "contentHash" : "58e8394667e6d252b359de36a5fd148a2c15352",
            "syncHash" : "f2771559147eedc294f187c9d2acfa94df82175",
            "id" : "Infinispan Cache Container"
          },
          "id" : "Local~/subsystem=infinispan/cache-container=hawkular-metrics"
        }, {
          "path" : "/t;hawkular/f;94f76aa25a3a/r;Local~~/r;Local~%2Fsubsystem%3Dinfinispan/r;Local~%2Fsubsystem%3Dinfinispan%2Fcache-container%3Dejb",
          "name" : "Infinispan Cache Container [ejb]",
          "identityHash" : "68c0b22be25496dc6265938f39d77b24485ce9c0",
          "contentHash" : "8b679c14ec55cd786065fee979cb6a17c4e44",
          "syncHash" : "3bfe56952250d98f6cff6f7eafea54be5e2d993",
          "type" : {
            "path" : "/t;hawkular/f;94f76aa25a3a/rt;Infinispan%20Cache%20Container",
            "name" : "Infinispan Cache Container",
            "identityHash" : "53f33112d2fa8726fd7a36b3b09827b874f36c2",
            "contentHash" : "58e8394667e6d252b359de36a5fd148a2c15352",
            "syncHash" : "f2771559147eedc294f187c9d2acfa94df82175",
            "id" : "Infinispan Cache Container"
          },
          "id" : "Local~/subsystem=infinispan/cache-container=ejb"
        }, {
          "path" : "/t;hawkular/f;94f76aa25a3a/r;Local~~/r;Local~%2Fsubsystem%3Dinfinispan/r;Local~%2Fsubsystem%3Dinfinispan%2Fcache-container%3Dhawkular-services",
          "name" : "Infinispan Cache Container [hawkular-services]",
          "identityHash" : "8374cd28e214ec8b9be620b3bb3bd25f6c4eac",
          "contentHash" : "65ec123fa39c4e749c775918ac515dbb1288a5",
          "syncHash" : "13224deb7eeb8766c63f4566b7995429263ee91",
          "type" : {
            "path" : "/t;hawkular/f;94f76aa25a3a/rt;Infinispan%20Cache%20Container",
            "name" : "Infinispan Cache Container",
            "identityHash" : "53f33112d2fa8726fd7a36b3b09827b874f36c2",
            "contentHash" : "58e8394667e6d252b359de36a5fd148a2c15352",
            "syncHash" : "f2771559147eedc294f187c9d2acfa94df82175",
            "id" : "Infinispan Cache Container"
          },
          "id" : "Local~/subsystem=infinispan/cache-container=hawkular-services"
        }, {
          "path" : "/t;hawkular/f;94f76aa25a3a/r;Local~~/r;Local~%2Fsubsystem%3Dinfinispan/r;Local~%2Fsubsystem%3Dinfinispan%2Fcache-container%3Dhawkular-alerts",
          "name" : "Infinispan Cache Container [hawkular-alerts]",
          "identityHash" : "bbebfb8789bf5d3e45a36abc3d9379f86da2d",
          "contentHash" : "4c41305fab18f53a59a6e5fff8eacecceabd5647",
          "syncHash" : "b34524e8a03de3772884c3b683f2ef162ede4a6",
          "type" : {
            "path" : "/t;hawkular/f;94f76aa25a3a/rt;Infinispan%20Cache%20Container",
            "name" : "Infinispan Cache Container",
            "identityHash" : "53f33112d2fa8726fd7a36b3b09827b874f36c2",
            "contentHash" : "58e8394667e6d252b359de36a5fd148a2c15352",
            "syncHash" : "f2771559147eedc294f187c9d2acfa94df82175",
            "id" : "Infinispan Cache Container"
          },
          "id" : "Local~/subsystem=infinispan/cache-container=hawkular-alerts"
        }, {
          "path" : "/t;hawkular/f;94f76aa25a3a/r;Local~~/r;Local~%2Fsubsystem%3Dinfinispan/r;Local~%2Fsubsystem%3Dinfinispan%2Fcache-container%3Dserver",
          "name" : "Infinispan Cache Container [server]",
          "identityHash" : "9140987ff67afe217c820a260cc4d6cb782564",
          "contentHash" : "d81fd4695e41fcf94e311556eab6e1f32ceb6cb8",
          "syncHash" : "33b186309bbdf0afcbef11d32ac2bbba63d1e1bd",
          "type" : {
            "path" : "/t;hawkular/f;94f76aa25a3a/rt;Infinispan%20Cache%20Container",
            "name" : "Infinispan Cache Container",
            "identityHash" : "53f33112d2fa8726fd7a36b3b09827b874f36c2",
            "contentHash" : "58e8394667e6d252b359de36a5fd148a2c15352",
            "syncHash" : "f2771559147eedc294f187c9d2acfa94df82175",
            "id" : "Infinispan Cache Container"
          },
          "id" : "Local~/subsystem=infinispan/cache-container=server"
        }, {
          "path" : "/t;hawkular/f;94f76aa25a3a/r;Local~~/r;Local~%2Fsubsystem%3Dinfinispan/r;Local~%2Fsubsystem%3Dinfinispan%2Fcache-container%3Dhibernate",
          "name" : "Infinispan Cache Container [hibernate]",
          "identityHash" : "4025a3689a6a5cf962aa46d0f6b081a8fbee466",
          "contentHash" : "5a777a7148a779aa56734ce2e4d8e7c3e2e61ab",
          "syncHash" : "ec6a149ea245f551fedd1188e62c1e159aeed4f",
          "type" : {
            "path" : "/t;hawkular/f;94f76aa25a3a/rt;Infinispan%20Cache%20Container",
            "name" : "Infinispan Cache Container",
            "identityHash" : "53f33112d2fa8726fd7a36b3b09827b874f36c2",
            "contentHash" : "58e8394667e6d252b359de36a5fd148a2c15352",
            "syncHash" : "f2771559147eedc294f187c9d2acfa94df82175",
            "id" : "Infinispan Cache Container"
          },
          "id" : "Local~/subsystem=infinispan/cache-container=hibernate"
        }, {
          "path" : "/t;hawkular/f;94f76aa25a3a/r;Local~~/r;Local~%2Fsubsystem%3Dinfinispan/r;Local~%2Fsubsystem%3Dinfinispan%2Fcache-container%3Dweb",
          "name" : "Infinispan Cache Container [web]",
          "identityHash" : "d3bdd424a8671ff0fe63139a13eb8e834373d5ac",
          "contentHash" : "ca9516408b86fb4bf97daa8f6439347aa615356",
          "syncHash" : "199798bea9193cb52eee18be90a219d1eaeb65d0",
          "type" : {
            "path" : "/t;hawkular/f;94f76aa25a3a/rt;Infinispan%20Cache%20Container",
            "name" : "Infinispan Cache Container",
            "identityHash" : "53f33112d2fa8726fd7a36b3b09827b874f36c2",
            "contentHash" : "58e8394667e6d252b359de36a5fd148a2c15352",
            "syncHash" : "f2771559147eedc294f187c9d2acfa94df82175",
            "id" : "Infinispan Cache Container"
          },
          "id" : "Local~/subsystem=infinispan/cache-container=web"
        }, {
          "path" : "/t;hawkular/f;94f76aa25a3a/r;Local~~/r;Local~%2Fdeployment%3Dhawkular-rest-api.war/r;Local~%2Fdeployment%3Dhawkular-rest-api.war%2Fsubsystem%3Dejb3%2Fmessage-driven-bean%3DCommandEventListener",
          "name" : "Message Driven EJB [CommandEventListener]",
          "identityHash" : "99823b948b7b9ce92724d662952121647c7679",
          "contentHash" : "51f2121ca985cdac97f693c4e87cfdf433a6ac7",
          "syncHash" : "dfafc5b515bf7134b74653a2efe7f54f535254f",
          "type" : {
            "path" : "/t;hawkular/f;94f76aa25a3a/rt;Message%20Driven%20EJB",
            "name" : "Message Driven EJB",
            "identityHash" : "2eee38e96ef09ab44422a49bc5a8623596a34bc",
            "contentHash" : "f410641c3079566b173ec6274a361357a77cd49",
            "syncHash" : "5a568d8bb5d49c38a303f667fa432a3de6b5cfd",
            "id" : "Message Driven EJB"
          },
          "id" : "Local~/deployment=hawkular-rest-api.war/subsystem=ejb3/message-driven-bean=CommandEventListener"
        }, {
          "path" : "/t;hawkular/f;94f76aa25a3a/r;Local~~/r;Local~%2Fdeployment%3Dhawkular-rest-api.war/r;Local~%2Fdeployment%3Dhawkular-rest-api.war%2Fsubsystem%3Dejb3%2Fmessage-driven-bean%3DFeedAvailabilityDataListener",
          "name" : "Message Driven EJB [FeedAvailabilityDataListener]",
          "identityHash" : "8eb974d73a20f4df5dd406016a639b9677d4ca",
          "contentHash" : "b94a587e1ce9bb23ccbceef6694b733d041e7a5",
          "syncHash" : "9b455bb02bface7153a84c10aea235ecffb9dbe5",
          "type" : {
            "path" : "/t;hawkular/f;94f76aa25a3a/rt;Message%20Driven%20EJB",
            "name" : "Message Driven EJB",
            "identityHash" : "2eee38e96ef09ab44422a49bc5a8623596a34bc",
            "contentHash" : "f410641c3079566b173ec6274a361357a77cd49",
            "syncHash" : "5a568d8bb5d49c38a303f667fa432a3de6b5cfd",
            "id" : "Message Driven EJB"
          },
          "id" : "Local~/deployment=hawkular-rest-api.war/subsystem=ejb3/message-driven-bean=FeedAvailabilityDataListener"
        }, {
          "path" : "/t;hawkular/f;94f76aa25a3a/r;Local~~/r;Local~%2Fdeployment%3Dhawkular-rest-api.war/r;Local~%2Fdeployment%3Dhawkular-rest-api.war%2Fsubsystem%3Dundertow%2Fservlet%3DHystrixMetricsStreamServlet",
          "name" : "Servlet [HystrixMetricsStreamServlet]",
          "identityHash" : "1f6ee2b1441c7659301fb1bf14c73a6c782ade1d",
          "contentHash" : "57b26a489a755ea379a116ae7dd25dc6e6964896",
          "syncHash" : "6dab5527a31b8cc0e575c6d3957627d68e1f15",
          "type" : {
            "path" : "/t;hawkular/f;94f76aa25a3a/rt;Servlet",
            "name" : "Servlet",
            "identityHash" : "d844da746834ebfc4aa7782c94eeaea85b4abb74",
            "contentHash" : "8a3d655f3696d872a783c7b5b2888a97188bc29",
            "syncHash" : "c225714570836f79fdafeeb5eb71fe2ce8b987",
            "id" : "Servlet"
          },
          "id" : "Local~/deployment=hawkular-rest-api.war/subsystem=undertow/servlet=HystrixMetricsStreamServlet"
        }, {
          "path" : "/t;hawkular/f;94f76aa25a3a/r;Local~~/r;Local~%2Fdeployment%3Dhawkular-rest-api.war/r;Local~%2Fdeployment%3Dhawkular-rest-api.war%2Fsubsystem%3Dundertow%2Fservlet%3Dorg.hawkular.rest.HawkularRestApi",
          "name" : "Servlet [org.hawkular.rest.HawkularRestApi]",
          "identityHash" : "fab15a673e86eac0b14556b76ab8d1060828",
          "contentHash" : "d61918d1e73eb4598bb083327133ebd729375cc4",
          "syncHash" : "d98c892d646c67822fc769132c2f55241f2a848",
          "type" : {
            "path" : "/t;hawkular/f;94f76aa25a3a/rt;Servlet",
            "name" : "Servlet",
            "identityHash" : "d844da746834ebfc4aa7782c94eeaea85b4abb74",
            "contentHash" : "8a3d655f3696d872a783c7b5b2888a97188bc29",
            "syncHash" : "c225714570836f79fdafeeb5eb71fe2ce8b987",
            "id" : "Servlet"
          },
          "id" : "Local~/deployment=hawkular-rest-api.war/subsystem=undertow/servlet=org.hawkular.rest.HawkularRestApi"
        }, {
          "path" : "/t;hawkular/f;94f76aa25a3a/r;Local~~/r;Local~%2Fdeployment%3Dhawkular-rest-api.war/r;Local~%2Fdeployment%3Dhawkular-rest-api.war%2Fsubsystem%3Dejb3%2Fmessage-driven-bean%3DInventoryEventListener",
          "name" : "Message Driven EJB [InventoryEventListener]",
          "identityHash" : "e3243df54e3ff3485294c615991ae9c8ce7675a",
          "contentHash" : "3ea2444e55c07a42b7e475494d3eefa645587675",
          "syncHash" : "4b8aa849aae91af939aecc8ba6db71c98ca2b41c",
          "type" : {
            "path" : "/t;hawkular/f;94f76aa25a3a/rt;Message%20Driven%20EJB",
            "name" : "Message Driven EJB",
            "identityHash" : "2eee38e96ef09ab44422a49bc5a8623596a34bc",
            "contentHash" : "f410641c3079566b173ec6274a361357a77cd49",
            "syncHash" : "5a568d8bb5d49c38a303f667fa432a3de6b5cfd",
            "id" : "Message Driven EJB"
          },
          "id" : "Local~/deployment=hawkular-rest-api.war/subsystem=ejb3/message-driven-bean=InventoryEventListener"
        }, {
          "path" : "/t;hawkular/f;94f76aa25a3a/r;Local~~/r;Local~%2Fdeployment%3Dhawkular-rest-api.war/r;Local~%2Fdeployment%3Dhawkular-rest-api.war%2Fsubsystem%3Dejb3%2Fmessage-driven-bean%3DHawkularQueueListener",
          "name" : "Message Driven EJB [HawkularQueueListener]",
          "identityHash" : "ca8555de7c3bd9e9a87c7350a6bdfd5b5781b45",
          "contentHash" : "74a0db3da72d8b1cb4d7ba03f570b5ea48d1f5",
          "syncHash" : "19a00fa4845f3d601e6aa8c7b7b2bbb63a75a",
          "type" : {
            "path" : "/t;hawkular/f;94f76aa25a3a/rt;Message%20Driven%20EJB",
            "name" : "Message Driven EJB",
            "identityHash" : "2eee38e96ef09ab44422a49bc5a8623596a34bc",
            "contentHash" : "f410641c3079566b173ec6274a361357a77cd49",
            "syncHash" : "5a568d8bb5d49c38a303f667fa432a3de6b5cfd",
            "id" : "Message Driven EJB"
          },
          "id" : "Local~/deployment=hawkular-rest-api.war/subsystem=ejb3/message-driven-bean=HawkularQueueListener"
        }, {
          "path" : "/t;hawkular/f;94f76aa25a3a/r;Local~~/r;Local~%2Fdeployment%3Dhawkular-rest-api.war/r;Local~%2Fdeployment%3Dhawkular-rest-api.war%2Fsubsystem%3Dejb3%2Fmessage-driven-bean%3DHawkularTopicListener",
          "name" : "Message Driven EJB [HawkularTopicListener]",
          "identityHash" : "96dbf299296f3dbb6eeb05eda701183df122ef",
          "contentHash" : "b6d3cdf29a882af2494fc7bd79f8aad45c9216",
          "syncHash" : "67875f1e4833b7ea788eba7d869384db3d4825",
          "type" : {
            "path" : "/t;hawkular/f;94f76aa25a3a/rt;Message%20Driven%20EJB",
            "name" : "Message Driven EJB",
            "identityHash" : "2eee38e96ef09ab44422a49bc5a8623596a34bc",
            "contentHash" : "f410641c3079566b173ec6274a361357a77cd49",
            "syncHash" : "5a568d8bb5d49c38a303f667fa432a3de6b5cfd",
            "id" : "Message Driven EJB"
          },
          "id" : "Local~/deployment=hawkular-rest-api.war/subsystem=ejb3/message-driven-bean=HawkularTopicListener"
        }, {
          "path" : "/t;hawkular/f;94f76aa25a3a/r;Local~~/r;Local~%2Fdeployment%3Dhawkular-rest-api.war/r;Local~%2Fdeployment%3Dhawkular-rest-api.war%2Fsubsystem%3Dejb3%2Fsingleton-bean%3DBackfillCacheManager",
          "name" : "Singleton EJB [BackfillCacheManager]",
          "identityHash" : "e9839632abeb1a98ffd3bed1a18396452a21c3",
          "contentHash" : "288bc219108342e8c97ef2de33fcd33cec443271",
          "syncHash" : "22a1a164e75b9e64b648fff887aaeed553f",
          "type" : {
            "path" : "/t;hawkular/f;94f76aa25a3a/rt;Singleton%20EJB",
            "name" : "Singleton EJB",
            "identityHash" : "42f0638e5e8e266d17d2f7e95f35313e96fa9b39",
            "contentHash" : "9c45b8135d1640115bd1e16ddf6ed623abe9833",
            "syncHash" : "2260ecbd58da298aae11888aaa666a21dbe71f",
            "id" : "Singleton EJB"
          },
          "id" : "Local~/deployment=hawkular-rest-api.war/subsystem=ejb3/singleton-bean=BackfillCacheManager"
        }, {
          "path" : "/t;hawkular/f;94f76aa25a3a/r;Local~~/r;Local~%2Fsocket-binding-group%3Dstandard-sockets/r;Local~%2Fsocket-binding-group%3Dstandard-sockets%2Fremote-destination-outbound-socket-binding%3Dmail-smtp",
          "name" : "Remote Destination Outbound Socket Binding [mail-smtp]",
          "identityHash" : "8f5567368a3e0488abed7549f49cdc3b560",
          "contentHash" : "4ec0c3c604848b38c42c4a6edc475ed7c1154",
          "syncHash" : "fc3d51df947984cb9924763588f9021aedf37fa",
          "type" : {
            "path" : "/t;hawkular/f;94f76aa25a3a/rt;Remote%20Destination%20Outbound%20Socket%20Binding",
            "name" : "Remote Destination Outbound Socket Binding",
            "identityHash" : "35c9cb7b4ea86e90f10e3fe64c6d14d3456ee96",
            "contentHash" : "ae41459183688898119286f4e1d5c972297b54f",
            "syncHash" : "5d39254c7e28d0fbbd30d6f34e7c51bfb8f3a1ce",
            "id" : "Remote Destination Outbound Socket Binding"
          },
          "id" : "Local~/socket-binding-group=standard-sockets/remote-destination-outbound-socket-binding=mail-smtp"
        }, {
          "path" : "/t;hawkular/f;94f76aa25a3a/r;Local~~/r;Local~%2Fsocket-binding-group%3Dstandard-sockets/r;Local~%2Fsocket-binding-group%3Dstandard-sockets%2Fsocket-binding%3Dtxn-recovery-environment",
          "name" : "Socket Binding [txn-recovery-environment]",
          "identityHash" : "4cea53782366671d1f168840d3c075cc83a99083",
          "contentHash" : "11233a14674ce338b31cc5f68f6658d1d948d",
          "syncHash" : "16abb365abb4ce39a278ff9c7d1f8487255683c",
          "type" : {
            "path" : "/t;hawkular/f;94f76aa25a3a/rt;Socket%20Binding",
            "name" : "Socket Binding",
            "identityHash" : "9e8eefdeb8e37da1b2fa96e756b262caeea5",
            "contentHash" : "2f81bc49e564e3806c1179824029ffcac3ecb8ed",
            "syncHash" : "429b6e781fd8cc8734d8e7c74dcded0cf716a39",
            "id" : "Socket Binding"
          },
          "id" : "Local~/socket-binding-group=standard-sockets/socket-binding=txn-recovery-environment"
        }, {
          "path" : "/t;hawkular/f;94f76aa25a3a/r;Local~~/r;Local~%2Fsocket-binding-group%3Dstandard-sockets/r;Local~%2Fsocket-binding-group%3Dstandard-sockets%2Fsocket-binding%3Dmanagement-http",
          "name" : "Socket Binding [management-http]",
          "identityHash" : "0ec285d1d4125503c260293a5472c4f55a75c",
          "contentHash" : "d0eba94951038818d2481856c63186614f9b",
          "syncHash" : "d79d1fdf3d915e6d67bc49b68ea9f858315f068",
          "type" : {
            "path" : "/t;hawkular/f;94f76aa25a3a/rt;Socket%20Binding",
            "name" : "Socket Binding",
            "identityHash" : "9e8eefdeb8e37da1b2fa96e756b262caeea5",
            "contentHash" : "2f81bc49e564e3806c1179824029ffcac3ecb8ed",
            "syncHash" : "429b6e781fd8cc8734d8e7c74dcded0cf716a39",
            "id" : "Socket Binding"
          },
          "id" : "Local~/socket-binding-group=standard-sockets/socket-binding=management-http"
        }, {
          "path" : "/t;hawkular/f;94f76aa25a3a/r;Local~~/r;Local~%2Fsocket-binding-group%3Dstandard-sockets/r;Local~%2Fsocket-binding-group%3Dstandard-sockets%2Fsocket-binding%3Dmanagement-https",
          "name" : "Socket Binding [management-https]",
          "identityHash" : "35fba6824b5f3b1cf29138545bec67de312eaa1c",
          "contentHash" : "40aa76f8d78ac3349e73e180a4c0e690bbe11cb5",
          "syncHash" : "bcd793ec232d5c74af92c576740a659ec9e6f36",
          "type" : {
            "path" : "/t;hawkular/f;94f76aa25a3a/rt;Socket%20Binding",
            "name" : "Socket Binding",
            "identityHash" : "9e8eefdeb8e37da1b2fa96e756b262caeea5",
            "contentHash" : "2f81bc49e564e3806c1179824029ffcac3ecb8ed",
            "syncHash" : "429b6e781fd8cc8734d8e7c74dcded0cf716a39",
            "id" : "Socket Binding"
          },
          "id" : "Local~/socket-binding-group=standard-sockets/socket-binding=management-https"
        }, {
          "path" : "/t;hawkular/f;94f76aa25a3a/r;Local~~/r;Local~%2Fsocket-binding-group%3Dstandard-sockets/r;Local~%2Fsocket-binding-group%3Dstandard-sockets%2Fsocket-binding%3Dtxn-status-manager",
          "name" : "Socket Binding [txn-status-manager]",
          "identityHash" : "63de5c556bf2f47fbda31b721af1d6d2c88c9e",
          "contentHash" : "5b48a46c9e51a680549f6167f6aae133e973383",
          "syncHash" : "ae521aa916de28bcf7e9818ff34ea41569df4a3",
          "type" : {
            "path" : "/t;hawkular/f;94f76aa25a3a/rt;Socket%20Binding",
            "name" : "Socket Binding",
            "identityHash" : "9e8eefdeb8e37da1b2fa96e756b262caeea5",
            "contentHash" : "2f81bc49e564e3806c1179824029ffcac3ecb8ed",
            "syncHash" : "429b6e781fd8cc8734d8e7c74dcded0cf716a39",
            "id" : "Socket Binding"
          },
          "id" : "Local~/socket-binding-group=standard-sockets/socket-binding=txn-status-manager"
        }, {
          "path" : "/t;hawkular/f;94f76aa25a3a/r;Local~~/r;Local~%2Fsocket-binding-group%3Dstandard-sockets/r;Local~%2Fsocket-binding-group%3Dstandard-sockets%2Fsocket-binding%3Dajp",
          "name" : "Socket Binding [ajp]",
          "identityHash" : "304cf7f1b5ca5560824096d8b2cbbd2b5d2e65bd",
          "contentHash" : "db6790ce6ce289b458312e959762f4e061b7e1bd",
          "syncHash" : "d156a555983b5fdfeddb2b85ecaa29c4869738",
          "type" : {
            "path" : "/t;hawkular/f;94f76aa25a3a/rt;Socket%20Binding",
            "name" : "Socket Binding",
            "identityHash" : "9e8eefdeb8e37da1b2fa96e756b262caeea5",
            "contentHash" : "2f81bc49e564e3806c1179824029ffcac3ecb8ed",
            "syncHash" : "429b6e781fd8cc8734d8e7c74dcded0cf716a39",
            "id" : "Socket Binding"
          },
          "id" : "Local~/socket-binding-group=standard-sockets/socket-binding=ajp"
        }, {
          "path" : "/t;hawkular/f;94f76aa25a3a/r;Local~~/r;Local~%2Fsocket-binding-group%3Dstandard-sockets/r;Local~%2Fsocket-binding-group%3Dstandard-sockets%2Fsocket-binding%3Dhttps",
          "name" : "Socket Binding [https]",
          "identityHash" : "5db7ca31ed6268ebe89f7012dce398f3f58e8d7c",
          "contentHash" : "b17723a696316dc7ecb44406fc34d7313b91b10",
          "syncHash" : "4aa7946c118c2ad71a38a665b9dfb7143ee5682",
          "type" : {
            "path" : "/t;hawkular/f;94f76aa25a3a/rt;Socket%20Binding",
            "name" : "Socket Binding",
            "identityHash" : "9e8eefdeb8e37da1b2fa96e756b262caeea5",
            "contentHash" : "2f81bc49e564e3806c1179824029ffcac3ecb8ed",
            "syncHash" : "429b6e781fd8cc8734d8e7c74dcded0cf716a39",
            "id" : "Socket Binding"
          },
          "id" : "Local~/socket-binding-group=standard-sockets/socket-binding=https"
        }, {
          "path" : "/t;hawkular/f;94f76aa25a3a/r;Local~~/r;Local~%2Fsocket-binding-group%3Dstandard-sockets/r;Local~%2Fsocket-binding-group%3Dstandard-sockets%2Fsocket-binding%3Dhttp",
          "name" : "Socket Binding [http]",
          "identityHash" : "69d234f1f2fe88986b9cccc1e6b9e5b1fd1ef6e",
          "contentHash" : "cbf2764bfc934aad65762cfb5569e281c1ebd34",
          "syncHash" : "cc52e9196fe761ac46ae47f163695e91376e9eb",
          "type" : {
            "path" : "/t;hawkular/f;94f76aa25a3a/rt;Socket%20Binding",
            "name" : "Socket Binding",
            "identityHash" : "9e8eefdeb8e37da1b2fa96e756b262caeea5",
            "contentHash" : "2f81bc49e564e3806c1179824029ffcac3ecb8ed",
            "syncHash" : "429b6e781fd8cc8734d8e7c74dcded0cf716a39",
            "id" : "Socket Binding"
          },
          "id" : "Local~/socket-binding-group=standard-sockets/socket-binding=http"
        }, {
          "path" : "/t;hawkular/f;94f76aa25a3a/r;Local~~/r;Local~%2Fdeployment%3Dhawkular-status.war/r;Local~%2Fdeployment%3Dhawkular-status.war%2Fsubsystem%3Dundertow%2Fservlet%3Dorg.hawkular.services.rest.HawkularServicesStatusApp",
          "name" : "Servlet [org.hawkular.services.rest.HawkularServicesStatusApp]",
          "identityHash" : "863c235d7c36a7d9cea8239fd3e73abe1687b1f",
          "contentHash" : "c14bdf75c5f086b26bf840c65b1d2fbe3cd338",
          "syncHash" : "52dde68fd43c5d8d0d5c722cf154e25905252b9",
          "type" : {
            "path" : "/t;hawkular/f;94f76aa25a3a/rt;Servlet",
            "name" : "Servlet",
            "identityHash" : "d844da746834ebfc4aa7782c94eeaea85b4abb74",
            "contentHash" : "8a3d655f3696d872a783c7b5b2888a97188bc29",
            "syncHash" : "c225714570836f79fdafeeb5eb71fe2ce8b987",
            "id" : "Servlet"
          },
          "id" : "Local~/deployment=hawkular-status.war/subsystem=undertow/servlet=org.hawkular.services.rest.HawkularServicesStatusApp"
        }, {
          "path" : "/t;hawkular/f;94f76aa25a3a/r;Local~~/r;Local~%2Fsubsystem%3Dmessaging-activemq%2Fserver%3Ddefault/r;Local~%2Fsubsystem%3Dmessaging-activemq%2Fserver%3Ddefault%2Fjms-topic%3DHawkularAlertData",
          "name" : "JMS Topic [HawkularAlertData]",
          "identityHash" : "bc46c0eb7c51de7cfcc96b2dbe248a42d165b1",
          "contentHash" : "7b23ec77694928edcc51d935169c6ab1da3dac7",
          "syncHash" : "a2f37b5ce726f382210f3ee63a6551aa54f21e3",
          "type" : {
            "path" : "/t;hawkular/f;94f76aa25a3a/rt;JMS%20Topic",
            "name" : "JMS Topic",
            "identityHash" : "75c24027bbd562b062152731fd59a0cee80ffa2",
            "contentHash" : "2eb3b63ebb579817658d11a75d0299b2daf334a",
            "syncHash" : "f3d5fa41258b4ab487abd41428b89a15372533",
            "id" : "JMS Topic"
          },
          "id" : "Local~/subsystem=messaging-activemq/server=default/jms-topic=HawkularAlertData"
        }, {
          "path" : "/t;hawkular/f;94f76aa25a3a/r;Local~~/r;Local~%2Fsubsystem%3Dmessaging-activemq%2Fserver%3Ddefault/r;Local~%2Fsubsystem%3Dmessaging-activemq%2Fserver%3Ddefault%2Fjms-topic%3DHawkularInventoryChanges",
          "name" : "JMS Topic [HawkularInventoryChanges]",
          "identityHash" : "5ff465371cc74543302d5a452cf5c1602323338a",
          "contentHash" : "2ce11418d61867e6b6594bebbb521b13de13e46",
          "syncHash" : "226c4c37a0f1cbb96869e9dbea58474227432722",
          "type" : {
            "path" : "/t;hawkular/f;94f76aa25a3a/rt;JMS%20Topic",
            "name" : "JMS Topic",
            "identityHash" : "75c24027bbd562b062152731fd59a0cee80ffa2",
            "contentHash" : "2eb3b63ebb579817658d11a75d0299b2daf334a",
            "syncHash" : "f3d5fa41258b4ab487abd41428b89a15372533",
            "id" : "JMS Topic"
          },
          "id" : "Local~/subsystem=messaging-activemq/server=default/jms-topic=HawkularInventoryChanges"
        }, {
          "path" : "/t;hawkular/f;94f76aa25a3a/r;Local~~/r;Local~%2Fsubsystem%3Dmessaging-activemq%2Fserver%3Ddefault/r;Local~%2Fsubsystem%3Dmessaging-activemq%2Fserver%3Ddefault%2Fjms-queue%3DHawkularAlertsPluginsQueue",
          "name" : "JMS Queue [HawkularAlertsPluginsQueue]",
          "identityHash" : "d996d863a34247486c78b511fcaf6a4636e368",
          "contentHash" : "d91e28d8d63bec9035e47b37f3211b21c8eb528",
          "syncHash" : "10621fe5f8c08089f37eed99a8b05772f2bac8ec",
          "type" : {
            "path" : "/t;hawkular/f;94f76aa25a3a/rt;JMS%20Queue",
            "name" : "JMS Queue",
            "identityHash" : "e231d2d4c8c38b428725c32f4e695fad772c1db8",
            "contentHash" : "75b04b43485b3d9ee4da2153e44944e2f63ef",
            "syncHash" : "646cd44497a45d7afbdabbd466c412829c3262",
            "id" : "JMS Queue"
          },
          "id" : "Local~/subsystem=messaging-activemq/server=default/jms-queue=HawkularAlertsPluginsQueue"
        }, {
          "path" : "/t;hawkular/f;94f76aa25a3a/r;Local~~/r;Local~%2Fsubsystem%3Dmessaging-activemq%2Fserver%3Ddefault/r;Local~%2Fsubsystem%3Dmessaging-activemq%2Fserver%3Ddefault%2Fjms-topic%3DHawkularAlertsActionsTopic",
          "name" : "JMS Topic [HawkularAlertsActionsTopic]",
          "identityHash" : "61d97499296cb95dc4b98a91b5e4047bc652b6",
          "contentHash" : "257c3ac6e910183bcff651a68243f5fa5764324c",
          "syncHash" : "faca3ca0b40e261f3e7cab659af7541615b5e1",
          "type" : {
            "path" : "/t;hawkular/f;94f76aa25a3a/rt;JMS%20Topic",
            "name" : "JMS Topic",
            "identityHash" : "75c24027bbd562b062152731fd59a0cee80ffa2",
            "contentHash" : "2eb3b63ebb579817658d11a75d0299b2daf334a",
            "syncHash" : "f3d5fa41258b4ab487abd41428b89a15372533",
            "id" : "JMS Topic"
          },
          "id" : "Local~/subsystem=messaging-activemq/server=default/jms-topic=HawkularAlertsActionsTopic"
        }, {
          "path" : "/t;hawkular/f;94f76aa25a3a/r;Local~~/r;Local~%2Fsubsystem%3Dmessaging-activemq%2Fserver%3Ddefault/r;Local~%2Fsubsystem%3Dmessaging-activemq%2Fserver%3Ddefault%2Fjms-queue%3DDLQ",
          "name" : "JMS Queue [DLQ]",
          "identityHash" : "28d43195745dcb50cbff108cc94f716698175d98",
          "contentHash" : "b7fd1bfbed2ce39f8d402fac606758a241c6708b",
          "syncHash" : "766b606317abbcf01bc2d2e1855ee1db3b469d8",
          "type" : {
            "path" : "/t;hawkular/f;94f76aa25a3a/rt;JMS%20Queue",
            "name" : "JMS Queue",
            "identityHash" : "e231d2d4c8c38b428725c32f4e695fad772c1db8",
            "contentHash" : "75b04b43485b3d9ee4da2153e44944e2f63ef",
            "syncHash" : "646cd44497a45d7afbdabbd466c412829c3262",
            "id" : "JMS Queue"
          },
          "id" : "Local~/subsystem=messaging-activemq/server=default/jms-queue=DLQ"
        }, {
          "path" : "/t;hawkular/f;94f76aa25a3a/r;Local~~/r;Local~%2Fsubsystem%3Dmessaging-activemq%2Fserver%3Ddefault/r;Local~%2Fsubsystem%3Dmessaging-activemq%2Fserver%3Ddefault%2Fjms-queue%3Dhawkular%2Fmetrics%2Favailability%2Fnew",
          "name" : "JMS Queue [hawkular/metrics/availability/new]",
          "identityHash" : "d4fb9aa2bc49ac5565cf4f3a65767bf7e4f6ad6",
          "contentHash" : "9dc1ddde8aa08f6ff5a5188d72679a2970113a",
          "syncHash" : "5afb1b8ae1447058a403390b328f6c613e60",
          "type" : {
            "path" : "/t;hawkular/f;94f76aa25a3a/rt;JMS%20Queue",
            "name" : "JMS Queue",
            "identityHash" : "e231d2d4c8c38b428725c32f4e695fad772c1db8",
            "contentHash" : "75b04b43485b3d9ee4da2153e44944e2f63ef",
            "syncHash" : "646cd44497a45d7afbdabbd466c412829c3262",
            "id" : "JMS Queue"
          },
          "id" : "Local~/subsystem=messaging-activemq/server=default/jms-queue=hawkular/metrics/availability/new"
        }, {
          "path" : "/t;hawkular/f;94f76aa25a3a/r;Local~~/r;Local~%2Fsubsystem%3Dmessaging-activemq%2Fserver%3Ddefault/r;Local~%2Fsubsystem%3Dmessaging-activemq%2Fserver%3Ddefault%2Fjms-topic%3DHawkularTopic",
          "name" : "JMS Topic [HawkularTopic]",
          "identityHash" : "c6b8eebdda99cf218b191d999f4c4fc6ae85626",
          "contentHash" : "132c6fe445f88da736c2f97816614bd7843669",
          "syncHash" : "36c993981d6e7ca826f1be29f2919f1e2a2eca",
          "type" : {
            "path" : "/t;hawkular/f;94f76aa25a3a/rt;JMS%20Topic",
            "name" : "JMS Topic",
            "identityHash" : "75c24027bbd562b062152731fd59a0cee80ffa2",
            "contentHash" : "2eb3b63ebb579817658d11a75d0299b2daf334a",
            "syncHash" : "f3d5fa41258b4ab487abd41428b89a15372533",
            "id" : "JMS Topic"
          },
          "id" : "Local~/subsystem=messaging-activemq/server=default/jms-topic=HawkularTopic"
        }, {
          "path" : "/t;hawkular/f;94f76aa25a3a/r;Local~~/r;Local~%2Fsubsystem%3Dmessaging-activemq%2Fserver%3Ddefault/r;Local~%2Fsubsystem%3Dmessaging-activemq%2Fserver%3Ddefault%2Fjms-queue%3DExpiryQueue",
          "name" : "JMS Queue [ExpiryQueue]",
          "identityHash" : "80a44fb658d380864a2c78af1d23bf96d34cdd35",
          "contentHash" : "be8465843986b46521f790755ed20ed975fc02a",
          "syncHash" : "5950eef266d6513f22ad5e6683c7cd523899364e",
          "type" : {
            "path" : "/t;hawkular/f;94f76aa25a3a/rt;JMS%20Queue",
            "name" : "JMS Queue",
            "identityHash" : "e231d2d4c8c38b428725c32f4e695fad772c1db8",
            "contentHash" : "75b04b43485b3d9ee4da2153e44944e2f63ef",
            "syncHash" : "646cd44497a45d7afbdabbd466c412829c3262",
            "id" : "JMS Queue"
          },
          "id" : "Local~/subsystem=messaging-activemq/server=default/jms-queue=ExpiryQueue"
        }, {
          "path" : "/t;hawkular/f;94f76aa25a3a/r;Local~~/r;Local~%2Fsubsystem%3Dmessaging-activemq%2Fserver%3Ddefault/r;Local~%2Fsubsystem%3Dmessaging-activemq%2Fserver%3Ddefault%2Fjms-topic%3DHawkularQueue",
          "name" : "JMS Topic [HawkularQueue]",
          "identityHash" : "5863dff75396d592126dc5d4977469119445742",
          "contentHash" : "dd68e13095c7664bc65476f3ee5563edeecbef2b",
          "syncHash" : "d5d339902d4fa28e93928fbd21517eb425a3af",
          "type" : {
            "path" : "/t;hawkular/f;94f76aa25a3a/rt;JMS%20Topic",
            "name" : "JMS Topic",
            "identityHash" : "75c24027bbd562b062152731fd59a0cee80ffa2",
            "contentHash" : "2eb3b63ebb579817658d11a75d0299b2daf334a",
            "syncHash" : "f3d5fa41258b4ab487abd41428b89a15372533",
            "id" : "JMS Topic"
          },
          "id" : "Local~/subsystem=messaging-activemq/server=default/jms-topic=HawkularQueue"
        }, {
          "path" : "/t;hawkular/f;94f76aa25a3a/r;Local~~/r;Local~%2Fsubsystem%3Dmessaging-activemq%2Fserver%3Ddefault/r;Local~%2Fsubsystem%3Dmessaging-activemq%2Fserver%3Ddefault%2Fjms-queue%3DHawkularAlertsActionsResponseQueue",
          "name" : "JMS Queue [HawkularAlertsActionsResponseQueue]",
          "identityHash" : "aa22f2cbd44f64c43fda0c097fbec50999efa11",
          "contentHash" : "bf6243633217684994a84e6b205ddb9043457",
          "syncHash" : "2864d93f896bf3035dccb61a1abdd51cf55ff1",
          "type" : {
            "path" : "/t;hawkular/f;94f76aa25a3a/rt;JMS%20Queue",
            "name" : "JMS Queue",
            "identityHash" : "e231d2d4c8c38b428725c32f4e695fad772c1db8",
            "contentHash" : "75b04b43485b3d9ee4da2153e44944e2f63ef",
            "syncHash" : "646cd44497a45d7afbdabbd466c412829c3262",
            "id" : "JMS Queue"
          },
          "id" : "Local~/subsystem=messaging-activemq/server=default/jms-queue=HawkularAlertsActionsResponseQueue"
        }, {
          "path" : "/t;hawkular/f;94f76aa25a3a/r;Local~~/r;Local~%2Fsubsystem%3Dmessaging-activemq%2Fserver%3Ddefault/r;Local~%2Fsubsystem%3Dmessaging-activemq%2Fserver%3Ddefault%2Fjms-queue%3Dhawkular%2Fmetrics%2Fcounters%2Fnew",
          "name" : "JMS Queue [hawkular/metrics/counters/new]",
          "identityHash" : "eb658016c74eecc1817cdd61635b69dbdda9d7ef",
          "contentHash" : "64b9f569ed88d2171fc81483f2e184675855ee5",
          "syncHash" : "a0d8dc4e9eb5f0fab421c8e03cf01876125eca98",
          "type" : {
            "path" : "/t;hawkular/f;94f76aa25a3a/rt;JMS%20Queue",
            "name" : "JMS Queue",
            "identityHash" : "e231d2d4c8c38b428725c32f4e695fad772c1db8",
            "contentHash" : "75b04b43485b3d9ee4da2153e44944e2f63ef",
            "syncHash" : "646cd44497a45d7afbdabbd466c412829c3262",
            "id" : "JMS Queue"
          },
          "id" : "Local~/subsystem=messaging-activemq/server=default/jms-queue=hawkular/metrics/counters/new"
        }, {
          "path" : "/t;hawkular/f;94f76aa25a3a/r;Local~~/r;Local~%2Fsubsystem%3Dmessaging-activemq%2Fserver%3Ddefault/r;Local~%2Fsubsystem%3Dmessaging-activemq%2Fserver%3Ddefault%2Fjms-queue%3Dhawkular%2Fmetrics%2Fgauges%2Fnew",
          "name" : "JMS Queue [hawkular/metrics/gauges/new]",
          "identityHash" : "e1421d2b03f7f135c411caebc13a807fbc90a8",
          "contentHash" : "34dfac349816c672f3958e517a71dac46438da7",
          "syncHash" : "fcad9bcfda82c94cbefc215799a7265b783f5aa0",
          "type" : {
            "path" : "/t;hawkular/f;94f76aa25a3a/rt;JMS%20Queue",
            "name" : "JMS Queue",
            "identityHash" : "e231d2d4c8c38b428725c32f4e695fad772c1db8",
            "contentHash" : "75b04b43485b3d9ee4da2153e44944e2f63ef",
            "syncHash" : "646cd44497a45d7afbdabbd466c412829c3262",
            "id" : "JMS Queue"
          },
          "id" : "Local~/subsystem=messaging-activemq/server=default/jms-queue=hawkular/metrics/gauges/new"
        }, {
          "path" : "/t;hawkular/f;94f76aa25a3a/r;Local~~/r;Local~%2Fsubsystem%3Dmessaging-activemq%2Fserver%3Ddefault/r;Local~%2Fsubsystem%3Dmessaging-activemq%2Fserver%3Ddefault%2Fjms-topic%3DHawkularCommandEvent",
          "name" : "JMS Topic [HawkularCommandEvent]",
          "identityHash" : "f172ca90d332c7c721ffdc12e3090213ca2c459",
          "contentHash" : "4059e5718dadc5704f17227ea74616a3751b6e7",
          "syncHash" : "90494dd596446667c124f836f84b5ee6284ba77",
          "type" : {
            "path" : "/t;hawkular/f;94f76aa25a3a/rt;JMS%20Topic",
            "name" : "JMS Topic",
            "identityHash" : "75c24027bbd562b062152731fd59a0cee80ffa2",
            "contentHash" : "2eb3b63ebb579817658d11a75d0299b2daf334a",
            "syncHash" : "f3d5fa41258b4ab487abd41428b89a15372533",
            "id" : "JMS Topic"
          },
          "id" : "Local~/subsystem=messaging-activemq/server=default/jms-topic=HawkularCommandEvent"
        }, {
          "path" : "/t;hawkular/f;94f76aa25a3a/r;Local~~/r;Local~%2Fdeployment%3Dhawkular-metrics.ear/r;Local~%2Fdeployment%3Dhawkular-metrics.ear%2Fsubdeployment%3Dhawkular-metrics.war",
          "name" : "SubDeployment [hawkular-metrics.war]",
          "identityHash" : "d1af7c8da2ce8fdfd1fd54e2a612c182bde47",
          "contentHash" : "77d9f4923eb55950d2c034c5be73aeef28faee",
          "syncHash" : "4e363ee68fc13513137f7e7b154ec1572e74ed",
          "type" : {
            "path" : "/t;hawkular/f;94f76aa25a3a/rt;SubDeployment",
            "name" : "SubDeployment",
            "identityHash" : "e7c36274c35e9eeeb9564de6c5e7f14697bdbdc",
            "contentHash" : "ed9a1f4e8965cb7c17a2278f406ef1d9bae45d7",
            "syncHash" : "a7fcbe50b890591b1346776254aa8c2826ec4b3f",
            "id" : "SubDeployment"
          },
          "id" : "Local~/deployment=hawkular-metrics.ear/subdeployment=hawkular-metrics.war"
        }, {
          "path" : "/t;hawkular/f;94f76aa25a3a/r;Local~~/r;Local~%2Fdeployment%3Dhawkular-metrics.ear/r;Local~%2Fdeployment%3Dhawkular-metrics.ear%2Fsubdeployment%3Dhawkular-alerts.war",
          "name" : "SubDeployment [hawkular-alerts.war]",
          "identityHash" : "2e38c4a7f66da06d78d5fa1f97eb589c85d59721",
          "contentHash" : "867658459c1c9be3286209898fb799345ed7ca",
          "syncHash" : "d48218ea957120d0f0d22ce1b53dccb79f63643",
          "type" : {
            "path" : "/t;hawkular/f;94f76aa25a3a/rt;SubDeployment",
            "name" : "SubDeployment",
            "identityHash" : "e7c36274c35e9eeeb9564de6c5e7f14697bdbdc",
            "contentHash" : "ed9a1f4e8965cb7c17a2278f406ef1d9bae45d7",
            "syncHash" : "a7fcbe50b890591b1346776254aa8c2826ec4b3f",
            "id" : "SubDeployment"
          },
          "id" : "Local~/deployment=hawkular-metrics.ear/subdeployment=hawkular-alerts.war"
        }, {
          "path" : "/t;hawkular/f;94f76aa25a3a/r;Local~~/r;Local~%2Fdeployment%3Dhawkular-metrics.ear/r;Local~%2Fdeployment%3Dhawkular-metrics.ear%2Fsubdeployment%3Dhawkular-alerts-action-webhook.war",
          "name" : "SubDeployment [hawkular-alerts-action-webhook.war]",
          "identityHash" : "aad488407b304e85a6a13cec18f3dbe37fc17c6",
          "contentHash" : "4a4ecc5d65f364483f56ba43eb78732aaa47b375",
          "syncHash" : "d14436ed9947bd419ff12a54285dbb9be441dee",
          "type" : {
            "path" : "/t;hawkular/f;94f76aa25a3a/rt;SubDeployment",
            "name" : "SubDeployment",
            "identityHash" : "e7c36274c35e9eeeb9564de6c5e7f14697bdbdc",
            "contentHash" : "ed9a1f4e8965cb7c17a2278f406ef1d9bae45d7",
            "syncHash" : "a7fcbe50b890591b1346776254aa8c2826ec4b3f",
            "id" : "SubDeployment"
          },
          "id" : "Local~/deployment=hawkular-metrics.ear/subdeployment=hawkular-alerts-action-webhook.war"
        }, {
          "path" : "/t;hawkular/f;94f76aa25a3a/r;Local~~/r;Local~%2Fdeployment%3Dhawkular-metrics.ear/r;Local~%2Fdeployment%3Dhawkular-metrics.ear%2Fsubdeployment%3Dhawkular-alerts-action-email.war",
          "name" : "SubDeployment [hawkular-alerts-action-email.war]",
          "identityHash" : "c72c44fdff6d5da472fd14d3bddd1aeffefa25a",
          "contentHash" : "616971c77a2c9d21697a13ea781a26d1352aa4",
          "syncHash" : "28ad30647bb2af37147645451c379283fc1e19",
          "type" : {
            "path" : "/t;hawkular/f;94f76aa25a3a/rt;SubDeployment",
            "name" : "SubDeployment",
            "identityHash" : "e7c36274c35e9eeeb9564de6c5e7f14697bdbdc",
            "contentHash" : "ed9a1f4e8965cb7c17a2278f406ef1d9bae45d7",
            "syncHash" : "a7fcbe50b890591b1346776254aa8c2826ec4b3f",
            "id" : "SubDeployment"
          },
          "id" : "Local~/deployment=hawkular-metrics.ear/subdeployment=hawkular-alerts-action-email.war"
        }, {
          "path" : "/t;hawkular/f;94f76aa25a3a/r;Local~~/r;Local~%2Fdeployment%3Dhawkular-metrics.ear/r;Local~%2Fdeployment%3Dhawkular-metrics.ear%2Fsubdeployment%3Dhawkular-metrics-alerter.war",
          "name" : "SubDeployment [hawkular-metrics-alerter.war]",
          "identityHash" : "dc51535c8ebed9bd1dcac8fe4393f1bc9a343ba2",
          "contentHash" : "e2d665615c785368de3512a48a401740c23c3910",
          "syncHash" : "1028c88d5c6f8ce2fb488360a0acb643473824",
          "type" : {
            "path" : "/t;hawkular/f;94f76aa25a3a/rt;SubDeployment",
            "name" : "SubDeployment",
            "identityHash" : "e7c36274c35e9eeeb9564de6c5e7f14697bdbdc",
            "contentHash" : "ed9a1f4e8965cb7c17a2278f406ef1d9bae45d7",
            "syncHash" : "a7fcbe50b890591b1346776254aa8c2826ec4b3f",
            "id" : "SubDeployment"
          },
          "id" : "Local~/deployment=hawkular-metrics.ear/subdeployment=hawkular-metrics-alerter.war"
        }, {
          "path" : "/t;hawkular/f;94f76aa25a3a/r;Local~~/r;Local~%2Fdeployment%3Dhawkular-wildfly-agent-download.war/r;Local~%2Fdeployment%3Dhawkular-wildfly-agent-download.war%2Fsubsystem%3Dundertow%2Fservlet%3Dorg.hawkular.component.wildflymonitor.WildFlyAgentServlet",
          "name" : "Servlet [org.hawkular.component.wildflymonitor.WildFlyAgentServlet]",
          "identityHash" : "2eba2ecc97549f428a64f25db58752b0fb44608c",
          "contentHash" : "ea8c5721c3fc4b31a96f91d847875a91b1b7c9f",
          "syncHash" : "15647c32824fd37cbac7ead52185f44b55c4adc",
          "type" : {
            "path" : "/t;hawkular/f;94f76aa25a3a/rt;Servlet",
            "name" : "Servlet",
            "identityHash" : "d844da746834ebfc4aa7782c94eeaea85b4abb74",
            "contentHash" : "8a3d655f3696d872a783c7b5b2888a97188bc29",
            "syncHash" : "c225714570836f79fdafeeb5eb71fe2ce8b987",
            "id" : "Servlet"
          },
          "id" : "Local~/deployment=hawkular-wildfly-agent-download.war/subsystem=undertow/servlet=org.hawkular.component.wildflymonitor.WildFlyAgentServlet"
        }, {
          "path" : "/t;hawkular/f;94f76aa25a3a/r;Local~~/r;Local~%2Fdeployment%3Dhawkular-inventory-dist.war/r;Local~%2Fdeployment%3Dhawkular-inventory-dist.war%2Fsubsystem%3Dejb3%2Fsingleton-bean%3DInventoryJNDIPublisher",
          "name" : "Singleton EJB [InventoryJNDIPublisher]",
          "identityHash" : "6dc580b6ececcf222a1cf784fb65ecdf52afa5c",
          "contentHash" : "d6f27fdf33cb9586cc2ed3d548a8a7535d7e8d7",
          "syncHash" : "69a5b7e2bf1b8cba1a56de0a893644e57c256a1",
          "type" : {
            "path" : "/t;hawkular/f;94f76aa25a3a/rt;Singleton%20EJB",
            "name" : "Singleton EJB",
            "identityHash" : "42f0638e5e8e266d17d2f7e95f35313e96fa9b39",
            "contentHash" : "9c45b8135d1640115bd1e16ddf6ed623abe9833",
            "syncHash" : "2260ecbd58da298aae11888aaa666a21dbe71f",
            "id" : "Singleton EJB"
          },
          "id" : "Local~/deployment=hawkular-inventory-dist.war/subsystem=ejb3/singleton-bean=InventoryJNDIPublisher"
        }, {
          "path" : "/t;hawkular/f;94f76aa25a3a/r;Local~~/r;Local~%2Fdeployment%3Dhawkular-inventory-dist.war/r;Local~%2Fdeployment%3Dhawkular-inventory-dist.war%2Fsubsystem%3Dundertow%2Fservlet%3Dorg.hawkular.inventory.rest.HawkularRestApi",
          "name" : "Servlet [org.hawkular.inventory.rest.HawkularRestApi]",
          "identityHash" : "2a27dca8c025737b6ec1f6a51b65d5ab6ee6fb0",
          "contentHash" : "80c5f042a119325548bd8871f4b1843eff977cde",
          "syncHash" : "63c2d76b2aacbcabbd5b2f30e7151f62424460d4",
          "type" : {
            "path" : "/t;hawkular/f;94f76aa25a3a/rt;Servlet",
            "name" : "Servlet",
            "identityHash" : "d844da746834ebfc4aa7782c94eeaea85b4abb74",
            "contentHash" : "8a3d655f3696d872a783c7b5b2888a97188bc29",
            "syncHash" : "c225714570836f79fdafeeb5eb71fe2ce8b987",
            "id" : "Servlet"
          },
          "id" : "Local~/deployment=hawkular-inventory-dist.war/subsystem=undertow/servlet=org.hawkular.inventory.rest.HawkularRestApi"
        }, {
          "path" : "/t;hawkular/f;94f76aa25a3a/r;Local~~/r;Local~%2Fdeployment%3Dhawkular-metrics.ear/r;Local~%2Fdeployment%3Dhawkular-metrics.ear%2Fsubdeployment%3Dhawkular-metrics.war/r;Local~%2Fdeployment%3Dhawkular-metrics.ear%2Fsubdeployment%3Dhawkular-metrics.war%2Fsubsystem%3Dundertow%2Fservlet%3Dorg.hawkular.metrics.api.jaxrs.HawkularMetricsRestApp",
          "name" : "Servlet [org.hawkular.metrics.api.jaxrs.HawkularMetricsRestApp]",
          "identityHash" : "9c97e4f72825db1cf315d9922c469432a9919d1b",
          "contentHash" : "251b5d9d19d549f158b83e45b5c2f9b03fcad0f7",
          "syncHash" : "2bc0c4f9fabfb58d6d1f51712e918fdb9c1cdacd",
          "type" : {
            "path" : "/t;hawkular/f;94f76aa25a3a/rt;Servlet",
            "name" : "Servlet",
            "identityHash" : "d844da746834ebfc4aa7782c94eeaea85b4abb74",
            "contentHash" : "8a3d655f3696d872a783c7b5b2888a97188bc29",
            "syncHash" : "c225714570836f79fdafeeb5eb71fe2ce8b987",
            "id" : "Servlet"
          },
          "id" : "Local~/deployment=hawkular-metrics.ear/subdeployment=hawkular-metrics.war/subsystem=undertow/servlet=org.hawkular.metrics.api.jaxrs.HawkularMetricsRestApp"
        }, {
          "path" : "/t;hawkular/f;94f76aa25a3a/r;Local~~/r;Local~%2Fdeployment%3Dhawkular-metrics.ear/r;Local~%2Fdeployment%3Dhawkular-metrics.ear%2Fsubdeployment%3Dhawkular-metrics.war/r;Local~%2Fdeployment%3Dhawkular-metrics.ear%2Fsubdeployment%3Dhawkular-metrics.war%2Fsubsystem%3Dejb3%2Fsingleton-bean%3DMetricsJNDIPublisher",
          "name" : "Singleton EJB [MetricsJNDIPublisher]",
          "identityHash" : "4f38c9d170ae1db3df878b8b6e9c35e317afb44",
          "contentHash" : "825048415b37efaffb5f2dd349ba144648ea4a",
          "syncHash" : "21b6c6f43ecad99f9b17b8ce1a8c31ab912079",
          "type" : {
            "path" : "/t;hawkular/f;94f76aa25a3a/rt;Singleton%20EJB",
            "name" : "Singleton EJB",
            "identityHash" : "42f0638e5e8e266d17d2f7e95f35313e96fa9b39",
            "contentHash" : "9c45b8135d1640115bd1e16ddf6ed623abe9833",
            "syncHash" : "2260ecbd58da298aae11888aaa666a21dbe71f",
            "id" : "Singleton EJB"
          },
          "id" : "Local~/deployment=hawkular-metrics.ear/subdeployment=hawkular-metrics.war/subsystem=ejb3/singleton-bean=MetricsJNDIPublisher"
        }, {
          "path" : "/t;hawkular/f;94f76aa25a3a/r;Local~~/r;Local~%2Fdeployment%3Dhawkular-metrics.ear/r;Local~%2Fdeployment%3Dhawkular-metrics.ear%2Fsubdeployment%3Dhawkular-metrics.war/r;Local~%2Fdeployment%3Dhawkular-metrics.ear%2Fsubdeployment%3Dhawkular-metrics.war%2Fsubsystem%3Dundertow%2Fservlet%3DstaticContent",
          "name" : "Servlet [staticContent]",
          "identityHash" : "4a26e752ab15e8152d60aa8d4db38c14ab793f",
          "contentHash" : "ad19e6b507977da7e37f2d77db0206f861e30",
          "syncHash" : "b3c2cb8ffbc082112635dc3ae8f465cedd68d9",
          "type" : {
            "path" : "/t;hawkular/f;94f76aa25a3a/rt;Servlet",
            "name" : "Servlet",
            "identityHash" : "d844da746834ebfc4aa7782c94eeaea85b4abb74",
            "contentHash" : "8a3d655f3696d872a783c7b5b2888a97188bc29",
            "syncHash" : "c225714570836f79fdafeeb5eb71fe2ce8b987",
            "id" : "Servlet"
          },
          "id" : "Local~/deployment=hawkular-metrics.ear/subdeployment=hawkular-metrics.war/subsystem=undertow/servlet=staticContent"
        }, {
          "path" : "/t;hawkular/f;94f76aa25a3a/r;Local~~/r;Local~%2Fdeployment%3Dhawkular-metrics.ear/r;Local~%2Fdeployment%3Dhawkular-metrics.ear%2Fsubdeployment%3Dhawkular-alerts.war/r;Local~%2Fdeployment%3Dhawkular-metrics.ear%2Fsubdeployment%3Dhawkular-alerts.war%2Fsubsystem%3Dejb3%2Fsingleton-bean%3DPropertiesServiceImpl",
          "name" : "Singleton EJB [PropertiesServiceImpl]",
          "identityHash" : "be949297975f7bbc313d06665f0202c8bebf1c8",
          "contentHash" : "44a9bbcc6392b24c713352c6caf9c91d89e2c82",
          "syncHash" : "f0ca6c614b3fa0d61ecd845c94dcddc4645e9f5c",
          "type" : {
            "path" : "/t;hawkular/f;94f76aa25a3a/rt;Singleton%20EJB",
            "name" : "Singleton EJB",
            "identityHash" : "42f0638e5e8e266d17d2f7e95f35313e96fa9b39",
            "contentHash" : "9c45b8135d1640115bd1e16ddf6ed623abe9833",
            "syncHash" : "2260ecbd58da298aae11888aaa666a21dbe71f",
            "id" : "Singleton EJB"
          },
          "id" : "Local~/deployment=hawkular-metrics.ear/subdeployment=hawkular-alerts.war/subsystem=ejb3/singleton-bean=PropertiesServiceImpl"
        }, {
          "path" : "/t;hawkular/f;94f76aa25a3a/r;Local~~/r;Local~%2Fdeployment%3Dhawkular-metrics.ear/r;Local~%2Fdeployment%3Dhawkular-metrics.ear%2Fsubdeployment%3Dhawkular-alerts.war/r;Local~%2Fdeployment%3Dhawkular-metrics.ear%2Fsubdeployment%3Dhawkular-alerts.war%2Fsubsystem%3Dejb3%2Fsingleton-bean%3DDroolsRulesEngineImpl",
          "name" : "Singleton EJB [DroolsRulesEngineImpl]",
          "identityHash" : "dcc832ab281c8fd030d7f5c733e378548bb67817",
          "contentHash" : "c89a4071954658cfc93e34ebe6913414721c6575",
          "syncHash" : "5b39d89c82b233257b2a6cb5ed64642a5d6c617d",
          "type" : {
            "path" : "/t;hawkular/f;94f76aa25a3a/rt;Singleton%20EJB",
            "name" : "Singleton EJB",
            "identityHash" : "42f0638e5e8e266d17d2f7e95f35313e96fa9b39",
            "contentHash" : "9c45b8135d1640115bd1e16ddf6ed623abe9833",
            "syncHash" : "2260ecbd58da298aae11888aaa666a21dbe71f",
            "id" : "Singleton EJB"
          },
          "id" : "Local~/deployment=hawkular-metrics.ear/subdeployment=hawkular-alerts.war/subsystem=ejb3/singleton-bean=DroolsRulesEngineImpl"
        }, {
          "path" : "/t;hawkular/f;94f76aa25a3a/r;Local~~/r;Local~%2Fdeployment%3Dhawkular-metrics.ear/r;Local~%2Fdeployment%3Dhawkular-metrics.ear%2Fsubdeployment%3Dhawkular-alerts.war/r;Local~%2Fdeployment%3Dhawkular-metrics.ear%2Fsubdeployment%3Dhawkular-alerts.war%2Fsubsystem%3Dejb3%2Fsingleton-bean%3DAlertsEngineImpl",
          "name" : "Singleton EJB [AlertsEngineImpl]",
          "identityHash" : "eabd1fd7bda8f2c6e636c459293d48db8873bae",
          "contentHash" : "99e7d8d08695fa6512ac9395b3dbcf5a02f1d72",
          "syncHash" : "36d72d51a6acd7e22d2374537f2d29a39765a9b",
          "type" : {
            "path" : "/t;hawkular/f;94f76aa25a3a/rt;Singleton%20EJB",
            "name" : "Singleton EJB",
            "identityHash" : "42f0638e5e8e266d17d2f7e95f35313e96fa9b39",
            "contentHash" : "9c45b8135d1640115bd1e16ddf6ed623abe9833",
            "syncHash" : "2260ecbd58da298aae11888aaa666a21dbe71f",
            "id" : "Singleton EJB"
          },
          "id" : "Local~/deployment=hawkular-metrics.ear/subdeployment=hawkular-alerts.war/subsystem=ejb3/singleton-bean=AlertsEngineImpl"
        }, {
          "path" : "/t;hawkular/f;94f76aa25a3a/r;Local~~/r;Local~%2Fdeployment%3Dhawkular-metrics.ear/r;Local~%2Fdeployment%3Dhawkular-metrics.ear%2Fsubdeployment%3Dhawkular-alerts.war/r;Local~%2Fdeployment%3Dhawkular-metrics.ear%2Fsubdeployment%3Dhawkular-alerts.war%2Fsubsystem%3Dejb3%2Fsingleton-bean%3DActionsCacheManager",
          "name" : "Singleton EJB [ActionsCacheManager]",
          "identityHash" : "d180e7a548b4376481094b0f324497e43d01c3",
          "contentHash" : "95cf657f26427d8dcb2ec788b4e7fbb4e6c99cd",
          "syncHash" : "9dcd21beea85b2f57a665b07f9e56c3f6887d2",
          "type" : {
            "path" : "/t;hawkular/f;94f76aa25a3a/rt;Singleton%20EJB",
            "name" : "Singleton EJB",
            "identityHash" : "42f0638e5e8e266d17d2f7e95f35313e96fa9b39",
            "contentHash" : "9c45b8135d1640115bd1e16ddf6ed623abe9833",
            "syncHash" : "2260ecbd58da298aae11888aaa666a21dbe71f",
            "id" : "Singleton EJB"
          },
          "id" : "Local~/deployment=hawkular-metrics.ear/subdeployment=hawkular-alerts.war/subsystem=ejb3/singleton-bean=ActionsCacheManager"
        }, {
          "path" : "/t;hawkular/f;94f76aa25a3a/r;Local~~/r;Local~%2Fdeployment%3Dhawkular-metrics.ear/r;Local~%2Fdeployment%3Dhawkular-metrics.ear%2Fsubdeployment%3Dhawkular-alerts.war/r;Local~%2Fdeployment%3Dhawkular-metrics.ear%2Fsubdeployment%3Dhawkular-alerts.war%2Fsubsystem%3Dejb3%2Fstateless-session-bean%3DCassAlertsServiceImpl",
          "name" : "Stateless Session EJB [CassAlertsServiceImpl]",
          "identityHash" : "b6f666c9ea71d31a59307d2ecf1a8985b5e3adb5",
          "contentHash" : "372b9dcd629699a632ac481199641c3a31e4c0",
          "syncHash" : "e979d959f2995c0707723169263876b8a98d336",
          "type" : {
            "path" : "/t;hawkular/f;94f76aa25a3a/rt;Stateless%20Session%20EJB",
            "name" : "Stateless Session EJB",
            "identityHash" : "8db06fc15c4b85fdfc5843944dde9594652a634",
            "contentHash" : "bfa5b10fe4963014f26cdf5a6541b7f42814",
            "syncHash" : "dc33e68f960d5393464f9cec9e915d5842b3835",
            "id" : "Stateless Session EJB"
          },
          "id" : "Local~/deployment=hawkular-metrics.ear/subdeployment=hawkular-alerts.war/subsystem=ejb3/stateless-session-bean=CassAlertsServiceImpl"
        }, {
          "path" : "/t;hawkular/f;94f76aa25a3a/r;Local~~/r;Local~%2Fdeployment%3Dhawkular-metrics.ear/r;Local~%2Fdeployment%3Dhawkular-metrics.ear%2Fsubdeployment%3Dhawkular-alerts.war/r;Local~%2Fdeployment%3Dhawkular-metrics.ear%2Fsubdeployment%3Dhawkular-alerts.war%2Fsubsystem%3Dejb3%2Fmessage-driven-bean%3DAlertDataListener",
          "name" : "Message Driven EJB [AlertDataListener]",
          "identityHash" : "76dfb1a474e6aa766aaf79e4f7c599c0ba5b7548",
          "contentHash" : "433c82c5758cbe974057ca2cf3218692d5ab66f5",
          "syncHash" : "2ad64d967350698f26ba25974774ed6697c677f",
          "type" : {
            "path" : "/t;hawkular/f;94f76aa25a3a/rt;Message%20Driven%20EJB",
            "name" : "Message Driven EJB",
            "identityHash" : "2eee38e96ef09ab44422a49bc5a8623596a34bc",
            "contentHash" : "f410641c3079566b173ec6274a361357a77cd49",
            "syncHash" : "5a568d8bb5d49c38a303f667fa432a3de6b5cfd",
            "id" : "Message Driven EJB"
          },
          "id" : "Local~/deployment=hawkular-metrics.ear/subdeployment=hawkular-alerts.war/subsystem=ejb3/message-driven-bean=AlertDataListener"
        }, {
          "path" : "/t;hawkular/f;94f76aa25a3a/r;Local~~/r;Local~%2Fdeployment%3Dhawkular-metrics.ear/r;Local~%2Fdeployment%3Dhawkular-metrics.ear%2Fsubdeployment%3Dhawkular-alerts.war/r;Local~%2Fdeployment%3Dhawkular-metrics.ear%2Fsubdeployment%3Dhawkular-alerts.war%2Fsubsystem%3Dejb3%2Fsingleton-bean%3DCassCluster",
          "name" : "Singleton EJB [CassCluster]",
          "identityHash" : "897910b7e3ab163595c0e567fc93b33c277fd17",
          "contentHash" : "9cab617cb65b3c4968db7b1afecb15d93daa3ae",
          "syncHash" : "1b4b893ab9696255b67a81a43d1285aaac62e6",
          "type" : {
            "path" : "/t;hawkular/f;94f76aa25a3a/rt;Singleton%20EJB",
            "name" : "Singleton EJB",
            "identityHash" : "42f0638e5e8e266d17d2f7e95f35313e96fa9b39",
            "contentHash" : "9c45b8135d1640115bd1e16ddf6ed623abe9833",
            "syncHash" : "2260ecbd58da298aae11888aaa666a21dbe71f",
            "id" : "Singleton EJB"
          },
          "id" : "Local~/deployment=hawkular-metrics.ear/subdeployment=hawkular-alerts.war/subsystem=ejb3/singleton-bean=CassCluster"
        }, {
          "path" : "/t;hawkular/f;94f76aa25a3a/r;Local~~/r;Local~%2Fdeployment%3Dhawkular-metrics.ear/r;Local~%2Fdeployment%3Dhawkular-metrics.ear%2Fsubdeployment%3Dhawkular-alerts.war/r;Local~%2Fdeployment%3Dhawkular-metrics.ear%2Fsubdeployment%3Dhawkular-alerts.war%2Fsubsystem%3Dejb3%2Fsingleton-bean%3DDataDrivenGroupCacheManager",
          "name" : "Singleton EJB [DataDrivenGroupCacheManager]",
          "identityHash" : "a56e3111f9aaa192d5955a21987bd3966e132765",
          "contentHash" : "641b914d31a1a992635a9a742b22b3d716ce16b",
          "syncHash" : "2783bd11ef76cff6f2f2c1d3266bb345286f96",
          "type" : {
            "path" : "/t;hawkular/f;94f76aa25a3a/rt;Singleton%20EJB",
            "name" : "Singleton EJB",
            "identityHash" : "42f0638e5e8e266d17d2f7e95f35313e96fa9b39",
            "contentHash" : "9c45b8135d1640115bd1e16ddf6ed623abe9833",
            "syncHash" : "2260ecbd58da298aae11888aaa666a21dbe71f",
            "id" : "Singleton EJB"
          },
          "id" : "Local~/deployment=hawkular-metrics.ear/subdeployment=hawkular-alerts.war/subsystem=ejb3/singleton-bean=DataDrivenGroupCacheManager"
        }, {
          "path" : "/t;hawkular/f;94f76aa25a3a/r;Local~~/r;Local~%2Fdeployment%3Dhawkular-metrics.ear/r;Local~%2Fdeployment%3Dhawkular-metrics.ear%2Fsubdeployment%3Dhawkular-alerts.war/r;Local~%2Fdeployment%3Dhawkular-metrics.ear%2Fsubdeployment%3Dhawkular-alerts.war%2Fsubsystem%3Dejb3%2Fsingleton-bean%3DPublishCacheManager",
          "name" : "Singleton EJB [PublishCacheManager]",
          "identityHash" : "ffe62618a78488ebf6e9e11c26c2996746b9c9aa",
          "contentHash" : "a31b1880af3c187940fa984e6e8dfe77e29165d",
          "syncHash" : "993e08be3bf3f359135a83ffa3d67ad379beb9",
          "type" : {
            "path" : "/t;hawkular/f;94f76aa25a3a/rt;Singleton%20EJB",
            "name" : "Singleton EJB",
            "identityHash" : "42f0638e5e8e266d17d2f7e95f35313e96fa9b39",
            "contentHash" : "9c45b8135d1640115bd1e16ddf6ed623abe9833",
            "syncHash" : "2260ecbd58da298aae11888aaa666a21dbe71f",
            "id" : "Singleton EJB"
          },
          "id" : "Local~/deployment=hawkular-metrics.ear/subdeployment=hawkular-alerts.war/subsystem=ejb3/singleton-bean=PublishCacheManager"
        }, {
          "path" : "/t;hawkular/f;94f76aa25a3a/r;Local~~/r;Local~%2Fdeployment%3Dhawkular-metrics.ear/r;Local~%2Fdeployment%3Dhawkular-metrics.ear%2Fsubdeployment%3Dhawkular-alerts.war/r;Local~%2Fdeployment%3Dhawkular-metrics.ear%2Fsubdeployment%3Dhawkular-alerts.war%2Fsubsystem%3Dejb3%2Fsingleton-bean%3DAlertsContext",
          "name" : "Singleton EJB [AlertsContext]",
          "identityHash" : "a0652441747b48808799c0cd7665138690f86b",
          "contentHash" : "115754177edcf6c74d2c4164eec955497993f3",
          "syncHash" : "9e16e8b5fa5acbdb311a8aa42816fea53ae349b",
          "type" : {
            "path" : "/t;hawkular/f;94f76aa25a3a/rt;Singleton%20EJB",
            "name" : "Singleton EJB",
            "identityHash" : "42f0638e5e8e266d17d2f7e95f35313e96fa9b39",
            "contentHash" : "9c45b8135d1640115bd1e16ddf6ed623abe9833",
            "syncHash" : "2260ecbd58da298aae11888aaa666a21dbe71f",
            "id" : "Singleton EJB"
          },
          "id" : "Local~/deployment=hawkular-metrics.ear/subdeployment=hawkular-alerts.war/subsystem=ejb3/singleton-bean=AlertsContext"
        }, {
          "path" : "/t;hawkular/f;94f76aa25a3a/r;Local~~/r;Local~%2Fdeployment%3Dhawkular-metrics.ear/r;Local~%2Fdeployment%3Dhawkular-metrics.ear%2Fsubdeployment%3Dhawkular-alerts.war/r;Local~%2Fdeployment%3Dhawkular-metrics.ear%2Fsubdeployment%3Dhawkular-alerts.war%2Fsubsystem%3Dejb3%2Fstateless-session-bean%3DStatusServiceImpl",
          "name" : "Stateless Session EJB [StatusServiceImpl]",
          "identityHash" : "ee625c156eb882f989af6f5b2615b346a18f7",
          "contentHash" : "8211793411ac16388c48653d899c15deed1034",
          "syncHash" : "fafed82c207229b1b96ace723d584e6b6d262bda",
          "type" : {
            "path" : "/t;hawkular/f;94f76aa25a3a/rt;Stateless%20Session%20EJB",
            "name" : "Stateless Session EJB",
            "identityHash" : "8db06fc15c4b85fdfc5843944dde9594652a634",
            "contentHash" : "bfa5b10fe4963014f26cdf5a6541b7f42814",
            "syncHash" : "dc33e68f960d5393464f9cec9e915d5842b3835",
            "id" : "Stateless Session EJB"
          },
          "id" : "Local~/deployment=hawkular-metrics.ear/subdeployment=hawkular-alerts.war/subsystem=ejb3/stateless-session-bean=StatusServiceImpl"
        }, {
          "path" : "/t;hawkular/f;94f76aa25a3a/r;Local~~/r;Local~%2Fdeployment%3Dhawkular-metrics.ear/r;Local~%2Fdeployment%3Dhawkular-metrics.ear%2Fsubdeployment%3Dhawkular-alerts.war/r;Local~%2Fdeployment%3Dhawkular-metrics.ear%2Fsubdeployment%3Dhawkular-alerts.war%2Fsubsystem%3Dejb3%2Fsingleton-bean%3DIncomingDataManagerImpl",
          "name" : "Singleton EJB [IncomingDataManagerImpl]",
          "identityHash" : "14a08244dea7d3ccfabf601afe9e21d3ee8eec6",
          "contentHash" : "ce9fece4768677988fe9bb72ee8ba70e9f51a91",
          "syncHash" : "6029b9f25623268a9c1e6e735eddd4f67ff687f7",
          "type" : {
            "path" : "/t;hawkular/f;94f76aa25a3a/rt;Singleton%20EJB",
            "name" : "Singleton EJB",
            "identityHash" : "42f0638e5e8e266d17d2f7e95f35313e96fa9b39",
            "contentHash" : "9c45b8135d1640115bd1e16ddf6ed623abe9833",
            "syncHash" : "2260ecbd58da298aae11888aaa666a21dbe71f",
            "id" : "Singleton EJB"
          },
          "id" : "Local~/deployment=hawkular-metrics.ear/subdeployment=hawkular-alerts.war/subsystem=ejb3/singleton-bean=IncomingDataManagerImpl"
        }, {
          "path" : "/t;hawkular/f;94f76aa25a3a/r;Local~~/r;Local~%2Fdeployment%3Dhawkular-metrics.ear/r;Local~%2Fdeployment%3Dhawkular-metrics.ear%2Fsubdeployment%3Dhawkular-alerts.war/r;Local~%2Fdeployment%3Dhawkular-metrics.ear%2Fsubdeployment%3Dhawkular-alerts.war%2Fsubsystem%3Dundertow%2Fservlet%3Dorg.hawkular.alerts.rest.HawkularAlertsApp",
          "name" : "Servlet [org.hawkular.alerts.rest.HawkularAlertsApp]",
          "identityHash" : "8fa44f0f6865bc4ed35bb2578b01d3cf2902ca4",
          "contentHash" : "3ca457d49e546add93cae38ff782a4c472ac2ea1",
          "syncHash" : "679e9b7b8883c13b5821cd0ac9ee1eb18bb2a0",
          "type" : {
            "path" : "/t;hawkular/f;94f76aa25a3a/rt;Servlet",
            "name" : "Servlet",
            "identityHash" : "d844da746834ebfc4aa7782c94eeaea85b4abb74",
            "contentHash" : "8a3d655f3696d872a783c7b5b2888a97188bc29",
            "syncHash" : "c225714570836f79fdafeeb5eb71fe2ce8b987",
            "id" : "Servlet"
          },
          "id" : "Local~/deployment=hawkular-metrics.ear/subdeployment=hawkular-alerts.war/subsystem=undertow/servlet=org.hawkular.alerts.rest.HawkularAlertsApp"
        }, {
          "path" : "/t;hawkular/f;94f76aa25a3a/r;Local~~/r;Local~%2Fdeployment%3Dhawkular-metrics.ear/r;Local~%2Fdeployment%3Dhawkular-metrics.ear%2Fsubdeployment%3Dhawkular-alerts.war/r;Local~%2Fdeployment%3Dhawkular-metrics.ear%2Fsubdeployment%3Dhawkular-alerts.war%2Fsubsystem%3Dejb3%2Fsingleton-bean%3DPartitionManagerImpl",
          "name" : "Singleton EJB [PartitionManagerImpl]",
          "identityHash" : "1f97a8227dbf3d621e6fa3768444c918dfb83450",
          "contentHash" : "8aad7835a13a570c0c7d06277f8322f89fe80",
          "syncHash" : "da27841c47167ca8ac542a8f2eee12d41808b53",
          "type" : {
            "path" : "/t;hawkular/f;94f76aa25a3a/rt;Singleton%20EJB",
            "name" : "Singleton EJB",
            "identityHash" : "42f0638e5e8e266d17d2f7e95f35313e96fa9b39",
            "contentHash" : "9c45b8135d1640115bd1e16ddf6ed623abe9833",
            "syncHash" : "2260ecbd58da298aae11888aaa666a21dbe71f",
            "id" : "Singleton EJB"
          },
          "id" : "Local~/deployment=hawkular-metrics.ear/subdeployment=hawkular-alerts.war/subsystem=ejb3/singleton-bean=PartitionManagerImpl"
        }, {
          "path" : "/t;hawkular/f;94f76aa25a3a/r;Local~~/r;Local~%2Fdeployment%3Dhawkular-metrics.ear/r;Local~%2Fdeployment%3Dhawkular-metrics.ear%2Fsubdeployment%3Dhawkular-alerts.war/r;Local~%2Fdeployment%3Dhawkular-metrics.ear%2Fsubdeployment%3Dhawkular-alerts.war%2Fsubsystem%3Dejb3%2Fstateless-session-bean%3DCassActionsServiceImpl",
          "name" : "Stateless Session EJB [CassActionsServiceImpl]",
          "identityHash" : "4010b892c531e9dc25ed6d49c983beb497b487",
          "contentHash" : "c898b10c8cf8faab3c0f2c57159bb6d653a568",
          "syncHash" : "611e2fc5cdbd43f1959758d354ef5586646494cb",
          "type" : {
            "path" : "/t;hawkular/f;94f76aa25a3a/rt;Stateless%20Session%20EJB",
            "name" : "Stateless Session EJB",
            "identityHash" : "8db06fc15c4b85fdfc5843944dde9594652a634",
            "contentHash" : "bfa5b10fe4963014f26cdf5a6541b7f42814",
            "syncHash" : "dc33e68f960d5393464f9cec9e915d5842b3835",
            "id" : "Stateless Session EJB"
          },
          "id" : "Local~/deployment=hawkular-metrics.ear/subdeployment=hawkular-alerts.war/subsystem=ejb3/stateless-session-bean=CassActionsServiceImpl"
        }, {
          "path" : "/t;hawkular/f;94f76aa25a3a/r;Local~~/r;Local~%2Fdeployment%3Dhawkular-metrics.ear/r;Local~%2Fdeployment%3Dhawkular-metrics.ear%2Fsubdeployment%3Dhawkular-alerts.war/r;Local~%2Fdeployment%3Dhawkular-metrics.ear%2Fsubdeployment%3Dhawkular-alerts.war%2Fsubsystem%3Dejb3%2Fstateless-session-bean%3DCassDefinitionsServiceImpl",
          "name" : "Stateless Session EJB [CassDefinitionsServiceImpl]",
          "identityHash" : "ece7ffece2de8145ebfcaadf6f5b5ad75f55641",
          "contentHash" : "74ca92bb5f2a785c68adc366bd5cfcfce84a0eb",
          "syncHash" : "343e827e6693454c929ace85d367e4a081f7a86a",
          "type" : {
            "path" : "/t;hawkular/f;94f76aa25a3a/rt;Stateless%20Session%20EJB",
            "name" : "Stateless Session EJB",
            "identityHash" : "8db06fc15c4b85fdfc5843944dde9594652a634",
            "contentHash" : "bfa5b10fe4963014f26cdf5a6541b7f42814",
            "syncHash" : "dc33e68f960d5393464f9cec9e915d5842b3835",
            "id" : "Stateless Session EJB"
          },
          "id" : "Local~/deployment=hawkular-metrics.ear/subdeployment=hawkular-alerts.war/subsystem=ejb3/stateless-session-bean=CassDefinitionsServiceImpl"
        }, {
          "path" : "/t;hawkular/f;94f76aa25a3a/r;Local~~/r;Local~%2Fdeployment%3Dhawkular-metrics.ear/r;Local~%2Fdeployment%3Dhawkular-metrics.ear%2Fsubdeployment%3Dhawkular-alerts-action-webhook.war/r;Local~%2Fdeployment%3Dhawkular-metrics.ear%2Fsubdeployment%3Dhawkular-alerts-action-webhook.war%2Fsubsystem%3Dundertow%2Fservlet%3Dorg.hawkular.alerts.actions.webhook.WebHookApp",
          "name" : "Servlet [org.hawkular.alerts.actions.webhook.WebHookApp]",
          "identityHash" : "7536448f3e26f407333f02b4d2a466fd88d756e",
          "contentHash" : "f821ab6b1d5460219fe44a77b27fd4467e52825",
          "syncHash" : "8987b2ae7d63a83e6da5a2211edf323987f5772b",
          "type" : {
            "path" : "/t;hawkular/f;94f76aa25a3a/rt;Servlet",
            "name" : "Servlet",
            "identityHash" : "d844da746834ebfc4aa7782c94eeaea85b4abb74",
            "contentHash" : "8a3d655f3696d872a783c7b5b2888a97188bc29",
            "syncHash" : "c225714570836f79fdafeeb5eb71fe2ce8b987",
            "id" : "Servlet"
          },
          "id" : "Local~/deployment=hawkular-metrics.ear/subdeployment=hawkular-alerts-action-webhook.war/subsystem=undertow/servlet=org.hawkular.alerts.actions.webhook.WebHookApp"
        }, {
          "path" : "/t;hawkular/f;94f76aa25a3a/r;Local~~/r;Local~%2Fdeployment%3Dhawkular-metrics.ear/r;Local~%2Fdeployment%3Dhawkular-metrics.ear%2Fsubdeployment%3Dhawkular-alerts-action-webhook.war/r;Local~%2Fdeployment%3Dhawkular-metrics.ear%2Fsubdeployment%3Dhawkular-alerts-action-webhook.war%2Fsubsystem%3Dejb3%2Fsingleton-bean%3DStandaloneActionPluginRegister",
          "name" : "Singleton EJB [StandaloneActionPluginRegister]",
          "identityHash" : "813480c42686ab39835b13398f4a5c6c1bb6f43",
          "contentHash" : "25b3e9b28fa3c68b5e0cee8b40bb626a26a3bf",
          "syncHash" : "d6fefe591e3c70d594899dd0dc319634f3904170",
          "type" : {
            "path" : "/t;hawkular/f;94f76aa25a3a/rt;Singleton%20EJB",
            "name" : "Singleton EJB",
            "identityHash" : "42f0638e5e8e266d17d2f7e95f35313e96fa9b39",
            "contentHash" : "9c45b8135d1640115bd1e16ddf6ed623abe9833",
            "syncHash" : "2260ecbd58da298aae11888aaa666a21dbe71f",
            "id" : "Singleton EJB"
          },
          "id" : "Local~/deployment=hawkular-metrics.ear/subdeployment=hawkular-alerts-action-webhook.war/subsystem=ejb3/singleton-bean=StandaloneActionPluginRegister"
        }, {
          "path" : "/t;hawkular/f;94f76aa25a3a/r;Local~~/r;Local~%2Fdeployment%3Dhawkular-metrics.ear/r;Local~%2Fdeployment%3Dhawkular-metrics.ear%2Fsubdeployment%3Dhawkular-alerts-action-email.war/r;Local~%2Fdeployment%3Dhawkular-metrics.ear%2Fsubdeployment%3Dhawkular-alerts-action-email.war%2Fsubsystem%3Dejb3%2Fsingleton-bean%3DStandaloneActionPluginRegister",
          "name" : "Singleton EJB [StandaloneActionPluginRegister]",
          "identityHash" : "e38a73440dd118fa21d91de64135df2230daa2",
          "contentHash" : "25b3e9b28fa3c68b5e0cee8b40bb626a26a3bf",
          "syncHash" : "e69121fceb4efb73dddc7b465757b72e02d295",
          "type" : {
            "path" : "/t;hawkular/f;94f76aa25a3a/rt;Singleton%20EJB",
            "name" : "Singleton EJB",
            "identityHash" : "42f0638e5e8e266d17d2f7e95f35313e96fa9b39",
            "contentHash" : "9c45b8135d1640115bd1e16ddf6ed623abe9833",
            "syncHash" : "2260ecbd58da298aae11888aaa666a21dbe71f",
            "id" : "Singleton EJB"
          },
          "id" : "Local~/deployment=hawkular-metrics.ear/subdeployment=hawkular-alerts-action-email.war/subsystem=ejb3/singleton-bean=StandaloneActionPluginRegister"
        }, {
          "path" : "/t;hawkular/f;94f76aa25a3a/r;Local~~/r;Local~%2Fdeployment%3Dhawkular-metrics.ear/r;Local~%2Fdeployment%3Dhawkular-metrics.ear%2Fsubdeployment%3Dhawkular-alerts-action-email.war/r;Local~%2Fdeployment%3Dhawkular-metrics.ear%2Fsubdeployment%3Dhawkular-alerts-action-email.war%2Fsubsystem%3Dundertow%2Fservlet%3Djavax.ws.rs.core.Application",
          "name" : "Servlet [javax.ws.rs.core.Application]",
          "identityHash" : "5980f663d26af9fc55ca29f92a427ebaf6cda3a8",
          "contentHash" : "e4bf16a56b698d3b32ebc024f147b088f2a31569",
          "syncHash" : "97d2a6c19b4e9c8359d760ee55e4d3ccc19665f",
          "type" : {
            "path" : "/t;hawkular/f;94f76aa25a3a/rt;Servlet",
            "name" : "Servlet",
            "identityHash" : "d844da746834ebfc4aa7782c94eeaea85b4abb74",
            "contentHash" : "8a3d655f3696d872a783c7b5b2888a97188bc29",
            "syncHash" : "c225714570836f79fdafeeb5eb71fe2ce8b987",
            "id" : "Servlet"
          },
          "id" : "Local~/deployment=hawkular-metrics.ear/subdeployment=hawkular-alerts-action-email.war/subsystem=undertow/servlet=javax.ws.rs.core.Application"
        }, {
          "path" : "/t;hawkular/f;94f76aa25a3a/r;Local~~/r;Local~%2Fdeployment%3Dhawkular-metrics.ear/r;Local~%2Fdeployment%3Dhawkular-metrics.ear%2Fsubdeployment%3Dhawkular-metrics-alerter.war/r;Local~%2Fdeployment%3Dhawkular-metrics.ear%2Fsubdeployment%3Dhawkular-metrics-alerter.war%2Fsubsystem%3Dejb3%2Fsingleton-bean%3DConditionManager",
          "name" : "Singleton EJB [ConditionManager]",
          "identityHash" : "9150ec4a925c6ec0a3855cbc1dc7481c81b9",
          "contentHash" : "4d60123b1909e85d43886e3d2631ba36d2983c7",
          "syncHash" : "d9cbe8e782a51b8b104c6c4167a833cd6e4e5e5d",
          "type" : {
            "path" : "/t;hawkular/f;94f76aa25a3a/rt;Singleton%20EJB",
            "name" : "Singleton EJB",
            "identityHash" : "42f0638e5e8e266d17d2f7e95f35313e96fa9b39",
            "contentHash" : "9c45b8135d1640115bd1e16ddf6ed623abe9833",
            "syncHash" : "2260ecbd58da298aae11888aaa666a21dbe71f",
            "id" : "Singleton EJB"
          },
          "id" : "Local~/deployment=hawkular-metrics.ear/subdeployment=hawkular-metrics-alerter.war/subsystem=ejb3/singleton-bean=ConditionManager"
        }, {
          "path" : "/t;hawkular/f;94f76aa25a3a/r;Local~~/r;Local~%2Fdeployment%3Dhawkular-metrics.ear/r;Local~%2Fdeployment%3Dhawkular-metrics.ear%2Fsubdeployment%3Dhawkular-metrics-alerter.war/r;Local~%2Fdeployment%3Dhawkular-metrics.ear%2Fsubdeployment%3Dhawkular-metrics-alerter.war%2Fsubsystem%3Dundertow%2Fservlet%3Djavax.ws.rs.core.Application",
          "name" : "Servlet [javax.ws.rs.core.Application]",
          "identityHash" : "5c5c8dfcaa0a0bfc64a357e766d2e134c02bf8",
          "contentHash" : "e4bf16a56b698d3b32ebc024f147b088f2a31569",
          "syncHash" : "75ba3ffd1ea0267c6632633796b827ab86299e",
          "type" : {
            "path" : "/t;hawkular/f;94f76aa25a3a/rt;Servlet",
            "name" : "Servlet",
            "identityHash" : "d844da746834ebfc4aa7782c94eeaea85b4abb74",
            "contentHash" : "8a3d655f3696d872a783c7b5b2888a97188bc29",
            "syncHash" : "c225714570836f79fdafeeb5eb71fe2ce8b987",
            "id" : "Servlet"
          },
          "id" : "Local~/deployment=hawkular-metrics.ear/subdeployment=hawkular-metrics-alerter.war/subsystem=undertow/servlet=javax.ws.rs.core.Application"
        } ]
    http_version: 
  recorded_at: Thu, 16 Mar 2017 17:58:47 GMT
- request:
    method: get
    uri: http://jdoe:password@localhost:8080/hawkular/inventory/entity/f;94f76aa25a3a/r;Local~~/r;Local~%2Fsubsystem=datasources%2Fdata-source=HawkularInventoryDS_h2/d;configuration
    body:
      encoding: US-ASCII
      string: ''
    headers:
      Accept:
      - application/json
      Accept-Encoding:
      - gzip, deflate
      User-Agent:
      - rest-client/2.0.1 (linux-gnu x86_64) ruby/2.3.1p112
      Hawkular-Tenant:
      - hawkular
      Content-Type:
      - application/json
  response:
    status:
      code: 200
      message: OK
    headers:
      Expires:
      - '0'
      Cache-Control:
      - no-cache, no-store, must-revalidate
      X-Powered-By:
      - Undertow/1
      Server:
      - WildFly/10
      Pragma:
      - no-cache
      Date:
      - Thu, 16 Mar 2017 17:58:47 GMT
      Connection:
      - keep-alive
      Content-Type:
      - application/json
      Content-Length:
      - '757'
    body:
      encoding: ASCII-8BIT
      string: |-
        {
          "path" : "/t;hawkular/f;94f76aa25a3a/r;Local~~/r;Local~%2Fsubsystem%3Ddatasources%2Fdata-source%3DHawkularInventoryDS_h2/d;configuration",
          "name" : "configuration",
          "identityHash" : "30a3ce2fd5b8e66657d6e0f8307ced4db67dd0ad",
          "contentHash" : "2a705856d22153724077fa9d5e20bc64b6c21877",
          "syncHash" : "646facd8d0d78a98643ab5cfb06f50b4a9ee9b",
          "value" : {
            "Connection Properties" : null,
            "Datasource Class" : null,
            "Security Domain" : null,
            "Username" : "sa",
            "Driver Name" : "h2",
            "JNDI Name" : "java:/jboss/datasources/HawkularInventoryDS_h2",
            "Connection URL" : "jdbc:h2:/opt/data/data/hawkular-inventory/db;MVCC=true;CACHE_SIZE=32768",
            "Enabled" : "true",
            "Driver Class" : null,
            "Password" : "sa"
          }
        }
    http_version: 
  recorded_at: Thu, 16 Mar 2017 17:58:47 GMT
- request:
    method: get
    uri: http://jdoe:password@localhost:8080/hawkular/inventory/entity/f;94f76aa25a3a/r;Local~~/r;Local~%2Fsubsystem=datasources%2Fdata-source=ExampleDS/d;configuration
    body:
      encoding: US-ASCII
      string: ''
    headers:
      Accept:
      - application/json
      Accept-Encoding:
      - gzip, deflate
      User-Agent:
      - rest-client/2.0.1 (linux-gnu x86_64) ruby/2.3.1p112
      Hawkular-Tenant:
      - hawkular
      Content-Type:
      - application/json
  response:
    status:
      code: 200
      message: OK
    headers:
      Expires:
      - '0'
      Cache-Control:
      - no-cache, no-store, must-revalidate
      X-Powered-By:
      - Undertow/1
      Server:
      - WildFly/10
      Pragma:
      - no-cache
      Date:
      - Thu, 16 Mar 2017 17:58:47 GMT
      Connection:
      - keep-alive
      Content-Type:
      - application/json
      Content-Length:
      - '716'
    body:
      encoding: ASCII-8BIT
      string: |-
        {
          "path" : "/t;hawkular/f;94f76aa25a3a/r;Local~~/r;Local~%2Fsubsystem%3Ddatasources%2Fdata-source%3DExampleDS/d;configuration",
          "name" : "configuration",
          "identityHash" : "823ca07d76929e39fc468d25111455355aa81a8",
          "contentHash" : "20125a70ce2d55719321b336bf632eb518bcb4a",
          "syncHash" : "765d944a948b9f54ffe4b98d869f8b6ee16b2121",
          "value" : {
            "Connection Properties" : null,
            "Datasource Class" : null,
            "Security Domain" : null,
            "Username" : "sa",
            "Driver Name" : "h2",
            "JNDI Name" : "java:jboss/datasources/ExampleDS",
            "Connection URL" : "jdbc:h2:mem:test;DB_CLOSE_DELAY=-1;DB_CLOSE_ON_EXIT=FALSE",
            "Enabled" : "true",
            "Driver Class" : null,
            "Password" : "sa"
          }
        }
    http_version: 
  recorded_at: Thu, 16 Mar 2017 17:58:47 GMT
- request:
    method: get
    uri: http://jdoe:password@localhost:8080/hawkular/inventory/entity/f;94f76aa25a3a/r;Local~~/r;Local~%2Fsubsystem=datasources%2Fdata-source=HawkularInventoryDS_postgres/d;configuration
    body:
      encoding: US-ASCII
      string: ''
    headers:
      Accept:
      - application/json
      Accept-Encoding:
      - gzip, deflate
      User-Agent:
      - rest-client/2.0.1 (linux-gnu x86_64) ruby/2.3.1p112
      Hawkular-Tenant:
      - hawkular
      Content-Type:
      - application/json
  response:
    status:
      code: 200
      message: OK
    headers:
      Expires:
      - '0'
      Cache-Control:
      - no-cache, no-store, must-revalidate
      X-Powered-By:
      - Undertow/1
      Server:
      - WildFly/10
      Pragma:
      - no-cache
      Date:
      - Thu, 16 Mar 2017 17:58:47 GMT
      Connection:
      - keep-alive
      Content-Type:
      - application/json
      Content-Length:
      - '782'
    body:
      encoding: ASCII-8BIT
      string: |-
        {
          "path" : "/t;hawkular/f;94f76aa25a3a/r;Local~~/r;Local~%2Fsubsystem%3Ddatasources%2Fdata-source%3DHawkularInventoryDS_postgres/d;configuration",
          "name" : "configuration",
          "identityHash" : "fc78a4431302d998e117455b1765ab0c76dd72",
          "contentHash" : "66984e7ae614cf6db5f24afd1b174f5932dc3",
          "syncHash" : "955b3588aab981ae2ad9387d44e91e5f1c3edb17",
          "value" : {
            "Connection Properties" : "{\"prepareThreshold\":\"0\"}",
            "Datasource Class" : null,
            "Security Domain" : null,
            "Username" : "hawkular",
            "Driver Name" : "postgresql",
            "JNDI Name" : "java:/jboss/datasources/HawkularInventoryDS_postgres",
            "Connection URL" : "jdbc:postgresql://localhost:5432/hawkular",
            "Enabled" : "true",
            "Driver Class" : null,
            "Password" : "hawkular"
          }
        }
    http_version: 
  recorded_at: Thu, 16 Mar 2017 17:58:47 GMT
- request:
    method: get
    uri: http://jdoe:password@localhost:8080/hawkular/inventory/entity/f;94f76aa25a3a/r;Local~~/r;Local~%2Fsubsystem=messaging-activemq%2Fserver=default%2Fjms-topic=HawkularAlertData/d;configuration
    body:
      encoding: US-ASCII
      string: ''
    headers:
      Accept:
      - application/json
      Accept-Encoding:
      - gzip, deflate
      User-Agent:
      - rest-client/2.0.1 (linux-gnu x86_64) ruby/2.3.1p112
      Hawkular-Tenant:
      - hawkular
      Content-Type:
      - application/json
  response:
    status:
      code: 404
      message: Not Found
    headers:
      Expires:
      - '0'
      Cache-Control:
      - no-cache, no-store, must-revalidate
      X-Powered-By:
      - Undertow/1
      Server:
      - WildFly/10
      Pragma:
      - no-cache
      Date:
      - Thu, 16 Mar 2017 17:58:47 GMT
      Connection:
      - keep-alive
      Content-Type:
      - application/json
      Content-Length:
      - '488'
    body:
      encoding: ASCII-8BIT
      string: |-
        {
          "errorMsg" : "No DataEntity found on any of the following paths: [[CanonicalPaths[/t;hawkular/f;94f76aa25a3a/r;Local~~/r;Local~%2Fsubsystem%3Dmessaging-activemq%2Fserver%3Ddefault%2Fjms-topic%3DHawkularAlertData/d;configuration]]]",
          "details" : {
            "entityType" : "DataEntity",
            "path" : [ [ {
              "paths" : [ "/t;hawkular/f;94f76aa25a3a/r;Local~~/r;Local~%2Fsubsystem%3Dmessaging-activemq%2Fserver%3Ddefault%2Fjms-topic%3DHawkularAlertData/d;configuration" ]
            } ] ]
          }
        }
    http_version: 
  recorded_at: Thu, 16 Mar 2017 17:58:47 GMT
- request:
    method: get
    uri: http://jdoe:password@localhost:8080/hawkular/inventory/entity/f;94f76aa25a3a/r;Local~~/r;Local~%2Fsubsystem=messaging-activemq%2Fserver=default%2Fjms-topic=HawkularInventoryChanges/d;configuration
    body:
      encoding: US-ASCII
      string: ''
    headers:
      Accept:
      - application/json
      Accept-Encoding:
      - gzip, deflate
      User-Agent:
      - rest-client/2.0.1 (linux-gnu x86_64) ruby/2.3.1p112
      Hawkular-Tenant:
      - hawkular
      Content-Type:
      - application/json
  response:
    status:
      code: 404
      message: Not Found
    headers:
      Expires:
      - '0'
      Cache-Control:
      - no-cache, no-store, must-revalidate
      X-Powered-By:
      - Undertow/1
      Server:
      - WildFly/10
      Pragma:
      - no-cache
      Date:
      - Thu, 16 Mar 2017 17:58:47 GMT
      Connection:
      - keep-alive
      Content-Type:
      - application/json
      Content-Length:
      - '502'
    body:
      encoding: ASCII-8BIT
      string: |-
        {
          "errorMsg" : "No DataEntity found on any of the following paths: [[CanonicalPaths[/t;hawkular/f;94f76aa25a3a/r;Local~~/r;Local~%2Fsubsystem%3Dmessaging-activemq%2Fserver%3Ddefault%2Fjms-topic%3DHawkularInventoryChanges/d;configuration]]]",
          "details" : {
            "entityType" : "DataEntity",
            "path" : [ [ {
              "paths" : [ "/t;hawkular/f;94f76aa25a3a/r;Local~~/r;Local~%2Fsubsystem%3Dmessaging-activemq%2Fserver%3Ddefault%2Fjms-topic%3DHawkularInventoryChanges/d;configuration" ]
            } ] ]
          }
        }
    http_version: 
  recorded_at: Thu, 16 Mar 2017 17:58:47 GMT
- request:
    method: get
    uri: http://jdoe:password@localhost:8080/hawkular/inventory/entity/f;94f76aa25a3a/r;Local~~/r;Local~%2Fsubsystem=messaging-activemq%2Fserver=default%2Fjms-queue=HawkularAlertsPluginsQueue/d;configuration
    body:
      encoding: US-ASCII
      string: ''
    headers:
      Accept:
      - application/json
      Accept-Encoding:
      - gzip, deflate
      User-Agent:
      - rest-client/2.0.1 (linux-gnu x86_64) ruby/2.3.1p112
      Hawkular-Tenant:
      - hawkular
      Content-Type:
      - application/json
  response:
    status:
      code: 404
      message: Not Found
    headers:
      Expires:
      - '0'
      Cache-Control:
      - no-cache, no-store, must-revalidate
      X-Powered-By:
      - Undertow/1
      Server:
      - WildFly/10
      Pragma:
      - no-cache
      Date:
      - Thu, 16 Mar 2017 17:58:47 GMT
      Connection:
      - keep-alive
      Content-Type:
      - application/json
      Content-Length:
      - '506'
    body:
      encoding: ASCII-8BIT
      string: |-
        {
          "errorMsg" : "No DataEntity found on any of the following paths: [[CanonicalPaths[/t;hawkular/f;94f76aa25a3a/r;Local~~/r;Local~%2Fsubsystem%3Dmessaging-activemq%2Fserver%3Ddefault%2Fjms-queue%3DHawkularAlertsPluginsQueue/d;configuration]]]",
          "details" : {
            "entityType" : "DataEntity",
            "path" : [ [ {
              "paths" : [ "/t;hawkular/f;94f76aa25a3a/r;Local~~/r;Local~%2Fsubsystem%3Dmessaging-activemq%2Fserver%3Ddefault%2Fjms-queue%3DHawkularAlertsPluginsQueue/d;configuration" ]
            } ] ]
          }
        }
    http_version: 
  recorded_at: Thu, 16 Mar 2017 17:58:47 GMT
- request:
    method: get
    uri: http://jdoe:password@localhost:8080/hawkular/inventory/entity/f;94f76aa25a3a/r;Local~~/r;Local~%2Fsubsystem=messaging-activemq%2Fserver=default%2Fjms-topic=HawkularAlertsActionsTopic/d;configuration
    body:
      encoding: US-ASCII
      string: ''
    headers:
      Accept:
      - application/json
      Accept-Encoding:
      - gzip, deflate
      User-Agent:
      - rest-client/2.0.1 (linux-gnu x86_64) ruby/2.3.1p112
      Hawkular-Tenant:
      - hawkular
      Content-Type:
      - application/json
  response:
    status:
      code: 404
      message: Not Found
    headers:
      Expires:
      - '0'
      Cache-Control:
      - no-cache, no-store, must-revalidate
      X-Powered-By:
      - Undertow/1
      Server:
      - WildFly/10
      Pragma:
      - no-cache
      Date:
      - Thu, 16 Mar 2017 17:58:47 GMT
      Connection:
      - keep-alive
      Content-Type:
      - application/json
      Content-Length:
      - '506'
    body:
      encoding: ASCII-8BIT
      string: |-
        {
          "errorMsg" : "No DataEntity found on any of the following paths: [[CanonicalPaths[/t;hawkular/f;94f76aa25a3a/r;Local~~/r;Local~%2Fsubsystem%3Dmessaging-activemq%2Fserver%3Ddefault%2Fjms-topic%3DHawkularAlertsActionsTopic/d;configuration]]]",
          "details" : {
            "entityType" : "DataEntity",
            "path" : [ [ {
              "paths" : [ "/t;hawkular/f;94f76aa25a3a/r;Local~~/r;Local~%2Fsubsystem%3Dmessaging-activemq%2Fserver%3Ddefault%2Fjms-topic%3DHawkularAlertsActionsTopic/d;configuration" ]
            } ] ]
          }
        }
    http_version: 
  recorded_at: Thu, 16 Mar 2017 17:58:47 GMT
- request:
    method: get
    uri: http://jdoe:password@localhost:8080/hawkular/inventory/entity/f;94f76aa25a3a/r;Local~~/r;Local~%2Fsubsystem=messaging-activemq%2Fserver=default%2Fjms-queue=DLQ/d;configuration
    body:
      encoding: US-ASCII
      string: ''
    headers:
      Accept:
      - application/json
      Accept-Encoding:
      - gzip, deflate
      User-Agent:
      - rest-client/2.0.1 (linux-gnu x86_64) ruby/2.3.1p112
      Hawkular-Tenant:
      - hawkular
      Content-Type:
      - application/json
  response:
    status:
      code: 404
      message: Not Found
    headers:
      Expires:
      - '0'
      Cache-Control:
      - no-cache, no-store, must-revalidate
      X-Powered-By:
      - Undertow/1
      Server:
      - WildFly/10
      Pragma:
      - no-cache
      Date:
      - Thu, 16 Mar 2017 17:58:47 GMT
      Connection:
      - keep-alive
      Content-Type:
      - application/json
      Content-Length:
      - '460'
    body:
      encoding: ASCII-8BIT
      string: |-
        {
          "errorMsg" : "No DataEntity found on any of the following paths: [[CanonicalPaths[/t;hawkular/f;94f76aa25a3a/r;Local~~/r;Local~%2Fsubsystem%3Dmessaging-activemq%2Fserver%3Ddefault%2Fjms-queue%3DDLQ/d;configuration]]]",
          "details" : {
            "entityType" : "DataEntity",
            "path" : [ [ {
              "paths" : [ "/t;hawkular/f;94f76aa25a3a/r;Local~~/r;Local~%2Fsubsystem%3Dmessaging-activemq%2Fserver%3Ddefault%2Fjms-queue%3DDLQ/d;configuration" ]
            } ] ]
          }
        }
    http_version: 
  recorded_at: Thu, 16 Mar 2017 17:58:47 GMT
- request:
    method: get
    uri: http://jdoe:password@localhost:8080/hawkular/inventory/entity/f;94f76aa25a3a/r;Local~~/r;Local~%2Fsubsystem=messaging-activemq%2Fserver=default%2Fjms-queue=hawkular%2Fmetrics%2Favailability%2Fnew/d;configuration
    body:
      encoding: US-ASCII
      string: ''
    headers:
      Accept:
      - application/json
      Accept-Encoding:
      - gzip, deflate
      User-Agent:
      - rest-client/2.0.1 (linux-gnu x86_64) ruby/2.3.1p112
      Hawkular-Tenant:
      - hawkular
      Content-Type:
      - application/json
  response:
    status:
      code: 404
      message: Not Found
    headers:
      Expires:
      - '0'
      Cache-Control:
      - no-cache, no-store, must-revalidate
      X-Powered-By:
      - Undertow/1
      Server:
      - WildFly/10
      Pragma:
      - no-cache
      Date:
      - Thu, 16 Mar 2017 17:58:47 GMT
      Connection:
      - keep-alive
      Content-Type:
      - application/json
      Content-Length:
      - '532'
    body:
      encoding: ASCII-8BIT
      string: |-
        {
          "errorMsg" : "No DataEntity found on any of the following paths: [[CanonicalPaths[/t;hawkular/f;94f76aa25a3a/r;Local~~/r;Local~%2Fsubsystem%3Dmessaging-activemq%2Fserver%3Ddefault%2Fjms-queue%3Dhawkular%2Fmetrics%2Favailability%2Fnew/d;configuration]]]",
          "details" : {
            "entityType" : "DataEntity",
            "path" : [ [ {
              "paths" : [ "/t;hawkular/f;94f76aa25a3a/r;Local~~/r;Local~%2Fsubsystem%3Dmessaging-activemq%2Fserver%3Ddefault%2Fjms-queue%3Dhawkular%2Fmetrics%2Favailability%2Fnew/d;configuration" ]
            } ] ]
          }
        }
    http_version: 
  recorded_at: Thu, 16 Mar 2017 17:58:47 GMT
- request:
    method: get
    uri: http://jdoe:password@localhost:8080/hawkular/inventory/entity/f;94f76aa25a3a/r;Local~~/r;Local~%2Fsubsystem=messaging-activemq%2Fserver=default%2Fjms-topic=HawkularTopic/d;configuration
    body:
      encoding: US-ASCII
      string: ''
    headers:
      Accept:
      - application/json
      Accept-Encoding:
      - gzip, deflate
      User-Agent:
      - rest-client/2.0.1 (linux-gnu x86_64) ruby/2.3.1p112
      Hawkular-Tenant:
      - hawkular
      Content-Type:
      - application/json
  response:
    status:
      code: 404
      message: Not Found
    headers:
      Expires:
      - '0'
      Cache-Control:
      - no-cache, no-store, must-revalidate
      X-Powered-By:
      - Undertow/1
      Server:
      - WildFly/10
      Pragma:
      - no-cache
      Date:
      - Thu, 16 Mar 2017 17:58:47 GMT
      Connection:
      - keep-alive
      Content-Type:
      - application/json
      Content-Length:
      - '480'
    body:
      encoding: ASCII-8BIT
      string: |-
        {
          "errorMsg" : "No DataEntity found on any of the following paths: [[CanonicalPaths[/t;hawkular/f;94f76aa25a3a/r;Local~~/r;Local~%2Fsubsystem%3Dmessaging-activemq%2Fserver%3Ddefault%2Fjms-topic%3DHawkularTopic/d;configuration]]]",
          "details" : {
            "entityType" : "DataEntity",
            "path" : [ [ {
              "paths" : [ "/t;hawkular/f;94f76aa25a3a/r;Local~~/r;Local~%2Fsubsystem%3Dmessaging-activemq%2Fserver%3Ddefault%2Fjms-topic%3DHawkularTopic/d;configuration" ]
            } ] ]
          }
        }
    http_version: 
  recorded_at: Thu, 16 Mar 2017 17:58:47 GMT
- request:
    method: get
    uri: http://jdoe:password@localhost:8080/hawkular/inventory/entity/f;94f76aa25a3a/r;Local~~/r;Local~%2Fsubsystem=messaging-activemq%2Fserver=default%2Fjms-queue=ExpiryQueue/d;configuration
    body:
      encoding: US-ASCII
      string: ''
    headers:
      Accept:
      - application/json
      Accept-Encoding:
      - gzip, deflate
      User-Agent:
      - rest-client/2.0.1 (linux-gnu x86_64) ruby/2.3.1p112
      Hawkular-Tenant:
      - hawkular
      Content-Type:
      - application/json
  response:
    status:
      code: 404
      message: Not Found
    headers:
      Expires:
      - '0'
      Cache-Control:
      - no-cache, no-store, must-revalidate
      X-Powered-By:
      - Undertow/1
      Server:
      - WildFly/10
      Pragma:
      - no-cache
      Date:
      - Thu, 16 Mar 2017 17:58:47 GMT
      Connection:
      - keep-alive
      Content-Type:
      - application/json
      Content-Length:
      - '476'
    body:
      encoding: ASCII-8BIT
      string: |-
        {
          "errorMsg" : "No DataEntity found on any of the following paths: [[CanonicalPaths[/t;hawkular/f;94f76aa25a3a/r;Local~~/r;Local~%2Fsubsystem%3Dmessaging-activemq%2Fserver%3Ddefault%2Fjms-queue%3DExpiryQueue/d;configuration]]]",
          "details" : {
            "entityType" : "DataEntity",
            "path" : [ [ {
              "paths" : [ "/t;hawkular/f;94f76aa25a3a/r;Local~~/r;Local~%2Fsubsystem%3Dmessaging-activemq%2Fserver%3Ddefault%2Fjms-queue%3DExpiryQueue/d;configuration" ]
            } ] ]
          }
        }
    http_version: 
  recorded_at: Thu, 16 Mar 2017 17:58:47 GMT
- request:
    method: get
    uri: http://jdoe:password@localhost:8080/hawkular/inventory/entity/f;94f76aa25a3a/r;Local~~/r;Local~%2Fsubsystem=messaging-activemq%2Fserver=default%2Fjms-topic=HawkularQueue/d;configuration
    body:
      encoding: US-ASCII
      string: ''
    headers:
      Accept:
      - application/json
      Accept-Encoding:
      - gzip, deflate
      User-Agent:
      - rest-client/2.0.1 (linux-gnu x86_64) ruby/2.3.1p112
      Hawkular-Tenant:
      - hawkular
      Content-Type:
      - application/json
  response:
    status:
      code: 404
      message: Not Found
    headers:
      Expires:
      - '0'
      Cache-Control:
      - no-cache, no-store, must-revalidate
      X-Powered-By:
      - Undertow/1
      Server:
      - WildFly/10
      Pragma:
      - no-cache
      Date:
      - Thu, 16 Mar 2017 17:58:47 GMT
      Connection:
      - keep-alive
      Content-Type:
      - application/json
      Content-Length:
      - '480'
    body:
      encoding: ASCII-8BIT
      string: |-
        {
          "errorMsg" : "No DataEntity found on any of the following paths: [[CanonicalPaths[/t;hawkular/f;94f76aa25a3a/r;Local~~/r;Local~%2Fsubsystem%3Dmessaging-activemq%2Fserver%3Ddefault%2Fjms-topic%3DHawkularQueue/d;configuration]]]",
          "details" : {
            "entityType" : "DataEntity",
            "path" : [ [ {
              "paths" : [ "/t;hawkular/f;94f76aa25a3a/r;Local~~/r;Local~%2Fsubsystem%3Dmessaging-activemq%2Fserver%3Ddefault%2Fjms-topic%3DHawkularQueue/d;configuration" ]
            } ] ]
          }
        }
    http_version: 
  recorded_at: Thu, 16 Mar 2017 17:58:47 GMT
- request:
    method: get
    uri: http://jdoe:password@localhost:8080/hawkular/inventory/entity/f;94f76aa25a3a/r;Local~~/r;Local~%2Fsubsystem=messaging-activemq%2Fserver=default%2Fjms-queue=HawkularAlertsActionsResponseQueue/d;configuration
    body:
      encoding: US-ASCII
      string: ''
    headers:
      Accept:
      - application/json
      Accept-Encoding:
      - gzip, deflate
      User-Agent:
      - rest-client/2.0.1 (linux-gnu x86_64) ruby/2.3.1p112
      Hawkular-Tenant:
      - hawkular
      Content-Type:
      - application/json
  response:
    status:
      code: 404
      message: Not Found
    headers:
      Expires:
      - '0'
      Cache-Control:
      - no-cache, no-store, must-revalidate
      X-Powered-By:
      - Undertow/1
      Server:
      - WildFly/10
      Pragma:
      - no-cache
      Date:
      - Thu, 16 Mar 2017 17:58:47 GMT
      Connection:
      - keep-alive
      Content-Type:
      - application/json
      Content-Length:
      - '522'
    body:
      encoding: ASCII-8BIT
      string: |-
        {
          "errorMsg" : "No DataEntity found on any of the following paths: [[CanonicalPaths[/t;hawkular/f;94f76aa25a3a/r;Local~~/r;Local~%2Fsubsystem%3Dmessaging-activemq%2Fserver%3Ddefault%2Fjms-queue%3DHawkularAlertsActionsResponseQueue/d;configuration]]]",
          "details" : {
            "entityType" : "DataEntity",
            "path" : [ [ {
              "paths" : [ "/t;hawkular/f;94f76aa25a3a/r;Local~~/r;Local~%2Fsubsystem%3Dmessaging-activemq%2Fserver%3Ddefault%2Fjms-queue%3DHawkularAlertsActionsResponseQueue/d;configuration" ]
            } ] ]
          }
        }
    http_version: 
  recorded_at: Thu, 16 Mar 2017 17:58:47 GMT
- request:
    method: get
    uri: http://jdoe:password@localhost:8080/hawkular/inventory/entity/f;94f76aa25a3a/r;Local~~/r;Local~%2Fsubsystem=messaging-activemq%2Fserver=default%2Fjms-queue=hawkular%2Fmetrics%2Fcounters%2Fnew/d;configuration
    body:
      encoding: US-ASCII
      string: ''
    headers:
      Accept:
      - application/json
      Accept-Encoding:
      - gzip, deflate
      User-Agent:
      - rest-client/2.0.1 (linux-gnu x86_64) ruby/2.3.1p112
      Hawkular-Tenant:
      - hawkular
      Content-Type:
      - application/json
  response:
    status:
      code: 404
      message: Not Found
    headers:
      Expires:
      - '0'
      Cache-Control:
      - no-cache, no-store, must-revalidate
      X-Powered-By:
      - Undertow/1
      Server:
      - WildFly/10
      Pragma:
      - no-cache
      Date:
      - Thu, 16 Mar 2017 17:58:47 GMT
      Connection:
      - keep-alive
      Content-Type:
      - application/json
      Content-Length:
      - '524'
    body:
      encoding: ASCII-8BIT
      string: |-
        {
          "errorMsg" : "No DataEntity found on any of the following paths: [[CanonicalPaths[/t;hawkular/f;94f76aa25a3a/r;Local~~/r;Local~%2Fsubsystem%3Dmessaging-activemq%2Fserver%3Ddefault%2Fjms-queue%3Dhawkular%2Fmetrics%2Fcounters%2Fnew/d;configuration]]]",
          "details" : {
            "entityType" : "DataEntity",
            "path" : [ [ {
              "paths" : [ "/t;hawkular/f;94f76aa25a3a/r;Local~~/r;Local~%2Fsubsystem%3Dmessaging-activemq%2Fserver%3Ddefault%2Fjms-queue%3Dhawkular%2Fmetrics%2Fcounters%2Fnew/d;configuration" ]
            } ] ]
          }
        }
    http_version: 
  recorded_at: Thu, 16 Mar 2017 17:58:47 GMT
- request:
    method: get
    uri: http://jdoe:password@localhost:8080/hawkular/inventory/entity/f;94f76aa25a3a/r;Local~~/r;Local~%2Fsubsystem=messaging-activemq%2Fserver=default%2Fjms-queue=hawkular%2Fmetrics%2Fgauges%2Fnew/d;configuration
    body:
      encoding: US-ASCII
      string: ''
    headers:
      Accept:
      - application/json
      Accept-Encoding:
      - gzip, deflate
      User-Agent:
      - rest-client/2.0.1 (linux-gnu x86_64) ruby/2.3.1p112
      Hawkular-Tenant:
      - hawkular
      Content-Type:
      - application/json
  response:
    status:
      code: 404
      message: Not Found
    headers:
      Expires:
      - '0'
      Cache-Control:
      - no-cache, no-store, must-revalidate
      X-Powered-By:
      - Undertow/1
      Server:
      - WildFly/10
      Pragma:
      - no-cache
      Date:
      - Thu, 16 Mar 2017 17:58:47 GMT
      Connection:
      - keep-alive
      Content-Type:
      - application/json
      Content-Length:
      - '520'
    body:
      encoding: ASCII-8BIT
      string: |-
        {
          "errorMsg" : "No DataEntity found on any of the following paths: [[CanonicalPaths[/t;hawkular/f;94f76aa25a3a/r;Local~~/r;Local~%2Fsubsystem%3Dmessaging-activemq%2Fserver%3Ddefault%2Fjms-queue%3Dhawkular%2Fmetrics%2Fgauges%2Fnew/d;configuration]]]",
          "details" : {
            "entityType" : "DataEntity",
            "path" : [ [ {
              "paths" : [ "/t;hawkular/f;94f76aa25a3a/r;Local~~/r;Local~%2Fsubsystem%3Dmessaging-activemq%2Fserver%3Ddefault%2Fjms-queue%3Dhawkular%2Fmetrics%2Fgauges%2Fnew/d;configuration" ]
            } ] ]
          }
        }
    http_version: 
  recorded_at: Thu, 16 Mar 2017 17:58:47 GMT
- request:
    method: get
    uri: http://jdoe:password@localhost:8080/hawkular/inventory/entity/f;94f76aa25a3a/r;Local~~/r;Local~%2Fsubsystem=messaging-activemq%2Fserver=default%2Fjms-topic=HawkularCommandEvent/d;configuration
    body:
      encoding: US-ASCII
      string: ''
    headers:
      Accept:
      - application/json
      Accept-Encoding:
      - gzip, deflate
      User-Agent:
      - rest-client/2.0.1 (linux-gnu x86_64) ruby/2.3.1p112
      Hawkular-Tenant:
      - hawkular
      Content-Type:
      - application/json
  response:
    status:
      code: 404
      message: Not Found
    headers:
      Expires:
      - '0'
      Cache-Control:
      - no-cache, no-store, must-revalidate
      X-Powered-By:
      - Undertow/1
      Server:
      - WildFly/10
      Pragma:
      - no-cache
      Date:
      - Thu, 16 Mar 2017 17:58:47 GMT
      Connection:
      - keep-alive
      Content-Type:
      - application/json
      Content-Length:
      - '494'
    body:
      encoding: ASCII-8BIT
      string: |-
        {
          "errorMsg" : "No DataEntity found on any of the following paths: [[CanonicalPaths[/t;hawkular/f;94f76aa25a3a/r;Local~~/r;Local~%2Fsubsystem%3Dmessaging-activemq%2Fserver%3Ddefault%2Fjms-topic%3DHawkularCommandEvent/d;configuration]]]",
          "details" : {
            "entityType" : "DataEntity",
            "path" : [ [ {
              "paths" : [ "/t;hawkular/f;94f76aa25a3a/r;Local~~/r;Local~%2Fsubsystem%3Dmessaging-activemq%2Fserver%3Ddefault%2Fjms-topic%3DHawkularCommandEvent/d;configuration" ]
            } ] ]
          }
        }
    http_version: 
  recorded_at: Thu, 16 Mar 2017 17:58:47 GMT
- request:
    method: get
    uri: http://jdoe:password@localhost:8080/hawkular/inventory/traversal/f;master.Unnamed%20Domain/r;Local~~/r;Local~%2Fhost=master/r;Local~%2Fhost=master%2Fserver=s/recursive;over=isParentOf;type=r
    body:
      encoding: US-ASCII
      string: ''
    headers:
      Accept:
      - application/json
      Accept-Encoding:
      - gzip, deflate
      User-Agent:
      - rest-client/2.0.1 (linux-gnu x86_64) ruby/2.3.1p112
      Hawkular-Tenant:
      - hawkular
      Content-Type:
      - application/json
  response:
    status:
      code: 200
      message: OK
    headers:
      Expires:
      - '0'
      Cache-Control:
      - no-cache, no-store, must-revalidate
      X-Powered-By:
      - Undertow/1
      Server:
      - WildFly/10
      Pragma:
      - no-cache
      Date:
      - Thu, 16 Mar 2017 17:58:47 GMT
      X-Total-Count:
      - '8'
      Connection:
      - keep-alive
      Content-Type:
      - application/json
      Content-Length:
      - '7157'
      Link:
      - <http://localhost:8080/hawkular/inventory/traversal/f;master.Unnamed%20Domain/r;Local~~/r;Local~%2Fhost%3Dmaster/r;Local~%2Fhost%3Dmaster%2Fserver%3Ds/recursive;over=isParentOf;type=r>;
        rel="current"
    body:
      encoding: ASCII-8BIT
      string: |-
        [ {
          "path" : "/t;hawkular/f;master.Unnamed%20Domain/r;Local~~/r;Local~%2Fhost%3Dmaster/r;Local~%2Fhost%3Dmaster%2Fserver%3Ds/r;Local~%2Fhost%3Dmaster%2Fserver%3Ds%2Fsubsystem%3Dtransactions",
          "name" : "Transaction Manager",
          "identityHash" : "45ba7e10d7425894667615883805be2b4282616",
          "contentHash" : "8e90fd10711e88f57c0320407746b293fca579",
          "syncHash" : "25e463fb2723ee225cc6319f84816928f4b1c2",
          "type" : {
            "path" : "/t;hawkular/f;master.Unnamed%20Domain/rt;Transaction%20Manager",
            "name" : "Transaction Manager",
            "identityHash" : "2c82df7330b7ae48c43ae5413f9b8857f24a85f",
            "contentHash" : "46c527a46c609bf03a66b2b9d8e091838a28107",
            "syncHash" : "af0db9d805244129d4b12e8d4c5167ad52c2ca1",
            "id" : "Transaction Manager"
          },
          "id" : "Local~/host=master/server=s/subsystem=transactions"
        }, {
          "path" : "/t;hawkular/f;master.Unnamed%20Domain/r;Local~~/r;Local~%2Fhost%3Dmaster/r;Local~%2Fhost%3Dmaster%2Fserver%3Ds/r;Local~%2Fhost%3Dmaster%2Fserver%3Ds%2Fsubsystem%3Ddatasources%2Fjdbc-driver%3Dh2",
          "name" : "JDBC Driver [h2]",
          "identityHash" : "6a1a285e0bb619f5fb7a7b6bff29aa56fd15958",
          "contentHash" : "f8c46c1ba786b4aebed5f1f6ebf96ce848557f3",
          "syncHash" : "6b5fe6eee8cc5fd9274e788821b54275d82a9195",
          "type" : {
            "path" : "/t;hawkular/f;master.Unnamed%20Domain/rt;JDBC%20Driver",
            "name" : "JDBC Driver",
            "identityHash" : "f9eaf22c8dff1416a34eb4d26a4bc6a99c46af2",
            "contentHash" : "3f1b769e6846f49e2d5cfc55b8fe7a58e2742f2",
            "syncHash" : "fa298d5f329ae7313f8648b70c0a4816a2734e0",
            "id" : "JDBC Driver"
          },
          "id" : "Local~/host=master/server=s/subsystem=datasources/jdbc-driver=h2"
        }, {
          "path" : "/t;hawkular/f;master.Unnamed%20Domain/r;Local~~/r;Local~%2Fhost%3Dmaster/r;Local~%2Fhost%3Dmaster%2Fserver%3Ds/r;Local~%2Fhost%3Dmaster%2Fserver%3Ds%2Fsubsystem%3Dinfinispan",
          "name" : "Infinispan",
          "identityHash" : "5065311867641abd5124490dd820de1d3e7916",
          "contentHash" : "0e01d148288143e57624eb996f8fcf551aa5148",
          "syncHash" : "feb4c1a8d8e126ceebc32b890f09cee4bb24e4d",
          "type" : {
            "path" : "/t;hawkular/f;master.Unnamed%20Domain/rt;Infinispan",
            "name" : "Infinispan",
            "identityHash" : "a02a9a0121b9fe564ef869e72765e7f1c56b2a",
            "contentHash" : "acbd2d38de78a774e94c399a2922ae46bea3783",
            "syncHash" : "4daf646564159dbdc4ec5b5c8f9ba62a0ffb6",
            "id" : "Infinispan"
          },
          "id" : "Local~/host=master/server=s/subsystem=infinispan"
        }, {
          "path" : "/t;hawkular/f;master.Unnamed%20Domain/r;Local~~/r;Local~%2Fhost%3Dmaster/r;Local~%2Fhost%3Dmaster%2Fserver%3Ds/r;Local~%2Fhost%3Dmaster%2Fserver%3Ds%2Fsubsystem%3Ddatasources%2Fdata-source%3DExampleDS",
          "name" : "Datasource [ExampleDS]",
          "identityHash" : "f7b173fb4a8acf6839dd154eb9b484902c3a6b2c",
          "contentHash" : "ddba59ad66b121b5e59f1c39adf915628cf6cc",
          "syncHash" : "53dbef73a809b13a430624b6c3dbcf54c016c",
          "type" : {
            "path" : "/t;hawkular/f;master.Unnamed%20Domain/rt;Datasource",
            "name" : "Datasource",
            "identityHash" : "b3291af08b396960f425871b493b6d9ee97e339f",
            "contentHash" : "546c2a207bd841a0c2d94a6ae8a87371c36ffa9f",
            "syncHash" : "f65ba261ef70efe3812e95a9ecb68d4fb6f3157",
            "id" : "Datasource"
          },
          "id" : "Local~/host=master/server=s/subsystem=datasources/data-source=ExampleDS"
        }, {
          "path" : "/t;hawkular/f;master.Unnamed%20Domain/r;Local~~/r;Local~%2Fhost%3Dmaster/r;Local~%2Fhost%3Dmaster%2Fserver%3Ds/r;Local~%2Fhost%3Dmaster%2Fserver%3Ds%2Fsubsystem%3Dinfinispan/r;Local~%2Fhost%3Dmaster%2Fserver%3Ds%2Fsubsystem%3Dinfinispan%2Fcache-container%3Dejb",
          "name" : "Infinispan Cache Container [ejb]",
          "identityHash" : "22e9571fe8965bc78aa79abb5978a4fd493c2cc5",
          "contentHash" : "6fadc1319031dbfacf9c62ea1bccba84d4e849",
          "syncHash" : "8abfe8edfafbf08daaff29d08f67762972cf5a40",
          "type" : {
            "path" : "/t;hawkular/f;master.Unnamed%20Domain/rt;Infinispan%20Cache%20Container",
            "name" : "Infinispan Cache Container",
            "identityHash" : "53f33112d2fa8726fd7a36b3b09827b874f36c2",
            "contentHash" : "58e8394667e6d252b359de36a5fd148a2c15352",
            "syncHash" : "f2771559147eedc294f187c9d2acfa94df82175",
            "id" : "Infinispan Cache Container"
          },
          "id" : "Local~/host=master/server=s/subsystem=infinispan/cache-container=ejb"
        }, {
          "path" : "/t;hawkular/f;master.Unnamed%20Domain/r;Local~~/r;Local~%2Fhost%3Dmaster/r;Local~%2Fhost%3Dmaster%2Fserver%3Ds/r;Local~%2Fhost%3Dmaster%2Fserver%3Ds%2Fsubsystem%3Dinfinispan/r;Local~%2Fhost%3Dmaster%2Fserver%3Ds%2Fsubsystem%3Dinfinispan%2Fcache-container%3Dweb",
          "name" : "Infinispan Cache Container [web]",
          "identityHash" : "a6d4f2e0121a9d8a634c2f62dbe7a9584aaec4b",
          "contentHash" : "4abf467f7671dd43c81eff75a99a70c664186d",
          "syncHash" : "819df99faddf76295b759302380416b093da",
          "type" : {
            "path" : "/t;hawkular/f;master.Unnamed%20Domain/rt;Infinispan%20Cache%20Container",
            "name" : "Infinispan Cache Container",
            "identityHash" : "53f33112d2fa8726fd7a36b3b09827b874f36c2",
            "contentHash" : "58e8394667e6d252b359de36a5fd148a2c15352",
            "syncHash" : "f2771559147eedc294f187c9d2acfa94df82175",
            "id" : "Infinispan Cache Container"
          },
          "id" : "Local~/host=master/server=s/subsystem=infinispan/cache-container=web"
        }, {
          "path" : "/t;hawkular/f;master.Unnamed%20Domain/r;Local~~/r;Local~%2Fhost%3Dmaster/r;Local~%2Fhost%3Dmaster%2Fserver%3Ds/r;Local~%2Fhost%3Dmaster%2Fserver%3Ds%2Fsubsystem%3Dinfinispan/r;Local~%2Fhost%3Dmaster%2Fserver%3Ds%2Fsubsystem%3Dinfinispan%2Fcache-container%3Dserver",
          "name" : "Infinispan Cache Container [server]",
          "identityHash" : "df1af28e9189f6d9a14be523be6f31a98bf2d",
          "contentHash" : "96a97558eea27231389480adb4d6a54e24bb4e33",
          "syncHash" : "29c31914c74759514eefd8fbdcffc4950ff67f8",
          "type" : {
            "path" : "/t;hawkular/f;master.Unnamed%20Domain/rt;Infinispan%20Cache%20Container",
            "name" : "Infinispan Cache Container",
            "identityHash" : "53f33112d2fa8726fd7a36b3b09827b874f36c2",
            "contentHash" : "58e8394667e6d252b359de36a5fd148a2c15352",
            "syncHash" : "f2771559147eedc294f187c9d2acfa94df82175",
            "id" : "Infinispan Cache Container"
          },
          "id" : "Local~/host=master/server=s/subsystem=infinispan/cache-container=server"
        }, {
          "path" : "/t;hawkular/f;master.Unnamed%20Domain/r;Local~~/r;Local~%2Fhost%3Dmaster/r;Local~%2Fhost%3Dmaster%2Fserver%3Ds/r;Local~%2Fhost%3Dmaster%2Fserver%3Ds%2Fsubsystem%3Dinfinispan/r;Local~%2Fhost%3Dmaster%2Fserver%3Ds%2Fsubsystem%3Dinfinispan%2Fcache-container%3Dhibernate",
          "name" : "Infinispan Cache Container [hibernate]",
          "identityHash" : "86452cb6bb78ea4623f022b6d62c4aeb3337885a",
          "contentHash" : "2f8a87eedcbad55c868e2bf6414351333dca96",
          "syncHash" : "f5e5e2476ae6dd695f5bc9148205dd9be9050",
          "type" : {
            "path" : "/t;hawkular/f;master.Unnamed%20Domain/rt;Infinispan%20Cache%20Container",
            "name" : "Infinispan Cache Container",
            "identityHash" : "53f33112d2fa8726fd7a36b3b09827b874f36c2",
            "contentHash" : "58e8394667e6d252b359de36a5fd148a2c15352",
            "syncHash" : "f2771559147eedc294f187c9d2acfa94df82175",
            "id" : "Infinispan Cache Container"
          },
          "id" : "Local~/host=master/server=s/subsystem=infinispan/cache-container=hibernate"
        } ]
    http_version: 
  recorded_at: Thu, 16 Mar 2017 17:58:47 GMT
- request:
    method: get
    uri: http://jdoe:password@localhost:8080/hawkular/inventory/entity/f;master.Unnamed%20Domain/r;Local~~/r;Local~%2Fhost=master/r;Local~%2Fhost=master%2Fserver=s/r;Local~%2Fhost=master%2Fserver=s%2Fsubsystem=datasources%2Fdata-source=ExampleDS/d;configuration
    body:
      encoding: US-ASCII
      string: ''
    headers:
      Accept:
      - application/json
      Accept-Encoding:
      - gzip, deflate
      User-Agent:
      - rest-client/2.0.1 (linux-gnu x86_64) ruby/2.3.1p112
      Hawkular-Tenant:
      - hawkular
      Content-Type:
      - application/json
  response:
    status:
      code: 200
      message: OK
    headers:
      Expires:
      - '0'
      Cache-Control:
      - no-cache, no-store, must-revalidate
      X-Powered-By:
      - Undertow/1
      Server:
      - WildFly/10
      Pragma:
      - no-cache
      Date:
      - Thu, 16 Mar 2017 17:58:47 GMT
      Connection:
      - keep-alive
      Content-Type:
      - application/json
      Content-Length:
      - '819'
    body:
      encoding: ASCII-8BIT
      string: |-
        {
          "path" : "/t;hawkular/f;master.Unnamed%20Domain/r;Local~~/r;Local~%2Fhost%3Dmaster/r;Local~%2Fhost%3Dmaster%2Fserver%3Ds/r;Local~%2Fhost%3Dmaster%2Fserver%3Ds%2Fsubsystem%3Ddatasources%2Fdata-source%3DExampleDS/d;configuration",
          "name" : "configuration",
          "identityHash" : "823ca07d76929e39fc468d25111455355aa81a8",
          "contentHash" : "20125a70ce2d55719321b336bf632eb518bcb4a",
          "syncHash" : "765d944a948b9f54ffe4b98d869f8b6ee16b2121",
          "value" : {
            "Connection Properties" : null,
            "Datasource Class" : null,
            "Security Domain" : null,
            "Username" : "sa",
            "Driver Name" : "h2",
            "JNDI Name" : "java:jboss/datasources/ExampleDS",
            "Connection URL" : "jdbc:h2:mem:test;DB_CLOSE_DELAY=-1;DB_CLOSE_ON_EXIT=FALSE",
            "Enabled" : "true",
            "Driver Class" : null,
            "Password" : "sa"
          }
        }
    http_version: 
  recorded_at: Thu, 16 Mar 2017 17:58:47 GMT
- request:
    method: get
    uri: http://jdoe:password@localhost:8080/hawkular/inventory/traversal/type=f
    body:
      encoding: US-ASCII
      string: ''
    headers:
      Accept:
      - application/json
      Accept-Encoding:
      - gzip, deflate
      User-Agent:
      - rest-client/2.0.1 (linux-gnu x86_64) ruby/2.3.1p112
      Hawkular-Tenant:
      - hawkular
      Content-Type:
      - application/json
  response:
    status:
      code: 200
      message: OK
    headers:
      Expires:
      - '0'
      Cache-Control:
      - no-cache, no-store, must-revalidate
      X-Powered-By:
      - Undertow/1
      Server:
      - WildFly/10
      Pragma:
      - no-cache
      Date:
      - Thu, 16 Mar 2017 17:58:47 GMT
      X-Total-Count:
      - '2'
      Connection:
      - keep-alive
      Content-Type:
      - application/json
      Content-Length:
      - '520'
      Link:
      - <http://localhost:8080/hawkular/inventory/traversal/type=f>; rel="current"
    body:
      encoding: ASCII-8BIT
      string: |-
        [ {
          "path" : "/t;hawkular/f;master.Unnamed%20Domain",
          "identityHash" : "30f57c15827b92fbd6ae865f7a713a19fe5d92",
          "contentHash" : "da39a3ee5e6b4bd3255bfef95601890afd879",
          "syncHash" : "39586a9980cea65ba04eb4623cf11d843e942253",
          "id" : "master.Unnamed Domain"
        }, {
          "path" : "/t;hawkular/f;94f76aa25a3a",
          "identityHash" : "52c22f6479aaa464a93a9ca3d993f2fd6838e74",
          "contentHash" : "da39a3ee5e6b4bd3255bfef95601890afd879",
          "syncHash" : "e4162397bb66dfc67838ac89a524d73d78de92a",
          "id" : "94f76aa25a3a"
        } ]
    http_version: 
  recorded_at: Thu, 16 Mar 2017 17:58:47 GMT
- request:
    method: get
    uri: http://jdoe:password@localhost:8080/hawkular/inventory/traversal/f;94f76aa25a3a/mt;Deployment%20Status~Deployment%20Status/rl;defines/type=m
    body:
      encoding: US-ASCII
      string: ''
    headers:
      Accept:
      - application/json
      Accept-Encoding:
      - gzip, deflate
      User-Agent:
      - rest-client/2.0.1 (linux-gnu x86_64) ruby/2.3.1p112
      Hawkular-Tenant:
      - hawkular
      Content-Type:
      - application/json
  response:
    status:
      code: 200
      message: OK
    headers:
      Expires:
      - '0'
      Cache-Control:
      - no-cache, no-store, must-revalidate
      X-Powered-By:
      - Undertow/1
      Server:
      - WildFly/10
      Pragma:
      - no-cache
      Date:
      - Thu, 16 Mar 2017 17:58:47 GMT
      X-Total-Count:
      - '6'
      Connection:
      - keep-alive
      Content-Type:
      - application/json
      Content-Length:
      - '6285'
      Link:
      - <http://localhost:8080/hawkular/inventory/traversal/f;94f76aa25a3a/mt;Deployment%20Status~Deployment%20Status/rl;defines/type=m>;
        rel="current"
    body:
      encoding: ASCII-8BIT
      string: |-
        [ {
          "path" : "/t;hawkular/f;94f76aa25a3a/r;Local~~/r;Local~%2Fdeployment%3Dhawkular-rest-api.war/m;AI~R~%5B94f76aa25a3a%2FLocal~%2Fdeployment%3Dhawkular-rest-api.war%5D~AT~Deployment%20Status~Deployment%20Status",
          "name" : "Deployment Status",
          "identityHash" : "c091d6bc3a4277549cf35ea59f497dc4a7b9e2",
          "contentHash" : "f9c48e98e9aa2926f3ee81cad694b40457c1613",
          "syncHash" : "8c35e06592e1aaecebdddad85913591ec14b894d",
          "type" : {
            "path" : "/t;hawkular/f;94f76aa25a3a/mt;Deployment%20Status~Deployment%20Status",
            "name" : "Deployment Status",
            "identityHash" : "92b2ec6a8ce2b54a435a3e0305c11dd6e993417",
            "contentHash" : "f3c6534da64d2a8686b1d4e236c44d16bfffe431",
            "syncHash" : "f3b33cc32943d9447a53350891e915198d844b",
            "unit" : "NONE",
            "metricDataType" : "availability",
            "collectionInterval" : 60,
            "type" : "AVAILABILITY",
            "id" : "Deployment Status~Deployment Status"
          },
          "id" : "AI~R~[94f76aa25a3a/Local~/deployment=hawkular-rest-api.war]~AT~Deployment Status~Deployment Status"
        }, {
          "path" : "/t;hawkular/f;94f76aa25a3a/r;Local~~/r;Local~%2Fdeployment%3Dhawkular-status.war/m;AI~R~%5B94f76aa25a3a%2FLocal~%2Fdeployment%3Dhawkular-status.war%5D~AT~Deployment%20Status~Deployment%20Status",
          "name" : "Deployment Status",
          "identityHash" : "93ce5f53a4f74c7bfc9281776531a7767f1b2",
          "contentHash" : "f9c48e98e9aa2926f3ee81cad694b40457c1613",
          "syncHash" : "7ce3e4de4fbe977e44a2c5ccd9c42adf1685d3",
          "type" : {
            "path" : "/t;hawkular/f;94f76aa25a3a/mt;Deployment%20Status~Deployment%20Status",
            "name" : "Deployment Status",
            "identityHash" : "92b2ec6a8ce2b54a435a3e0305c11dd6e993417",
            "contentHash" : "f3c6534da64d2a8686b1d4e236c44d16bfffe431",
            "syncHash" : "f3b33cc32943d9447a53350891e915198d844b",
            "unit" : "NONE",
            "metricDataType" : "availability",
            "collectionInterval" : 60,
            "type" : "AVAILABILITY",
            "id" : "Deployment Status~Deployment Status"
          },
          "id" : "AI~R~[94f76aa25a3a/Local~/deployment=hawkular-status.war]~AT~Deployment Status~Deployment Status"
        }, {
          "path" : "/t;hawkular/f;94f76aa25a3a/r;Local~~/r;Local~%2Fdeployment%3Dhawkular-metrics.ear/m;AI~R~%5B94f76aa25a3a%2FLocal~%2Fdeployment%3Dhawkular-metrics.ear%5D~AT~Deployment%20Status~Deployment%20Status",
          "name" : "Deployment Status",
          "identityHash" : "8122a17dbfb37b5b60c3981e97c559fa6ed51f4",
          "contentHash" : "f9c48e98e9aa2926f3ee81cad694b40457c1613",
          "syncHash" : "2690ec63c249e3425c4f2c3e9aa466a315a32d3",
          "type" : {
            "path" : "/t;hawkular/f;94f76aa25a3a/mt;Deployment%20Status~Deployment%20Status",
            "name" : "Deployment Status",
            "identityHash" : "92b2ec6a8ce2b54a435a3e0305c11dd6e993417",
            "contentHash" : "f3c6534da64d2a8686b1d4e236c44d16bfffe431",
            "syncHash" : "f3b33cc32943d9447a53350891e915198d844b",
            "unit" : "NONE",
            "metricDataType" : "availability",
            "collectionInterval" : 60,
            "type" : "AVAILABILITY",
            "id" : "Deployment Status~Deployment Status"
          },
          "id" : "AI~R~[94f76aa25a3a/Local~/deployment=hawkular-metrics.ear]~AT~Deployment Status~Deployment Status"
        }, {
          "path" : "/t;hawkular/f;94f76aa25a3a/r;Local~~/r;Local~%2Fdeployment%3Dhawkular-wildfly-agent-download.war/m;AI~R~%5B94f76aa25a3a%2FLocal~%2Fdeployment%3Dhawkular-wildfly-agent-download.war%5D~AT~Deployment%20Status~Deployment%20Status",
          "name" : "Deployment Status",
          "identityHash" : "38defa1381efa9d63e23914631675f8ca338c770",
          "contentHash" : "f9c48e98e9aa2926f3ee81cad694b40457c1613",
          "syncHash" : "50f4f41c6ea86490a4d9b9374e2be9566e846",
          "type" : {
            "path" : "/t;hawkular/f;94f76aa25a3a/mt;Deployment%20Status~Deployment%20Status",
            "name" : "Deployment Status",
            "identityHash" : "92b2ec6a8ce2b54a435a3e0305c11dd6e993417",
            "contentHash" : "f3c6534da64d2a8686b1d4e236c44d16bfffe431",
            "syncHash" : "f3b33cc32943d9447a53350891e915198d844b",
            "unit" : "NONE",
            "metricDataType" : "availability",
            "collectionInterval" : 60,
            "type" : "AVAILABILITY",
            "id" : "Deployment Status~Deployment Status"
          },
          "id" : "AI~R~[94f76aa25a3a/Local~/deployment=hawkular-wildfly-agent-download.war]~AT~Deployment Status~Deployment Status"
        }, {
          "path" : "/t;hawkular/f;94f76aa25a3a/r;Local~~/r;Local~%2Fdeployment%3Dhawkular-inventory-dist.war/m;AI~R~%5B94f76aa25a3a%2FLocal~%2Fdeployment%3Dhawkular-inventory-dist.war%5D~AT~Deployment%20Status~Deployment%20Status",
          "name" : "Deployment Status",
          "identityHash" : "95db75df5a65633231721fd52501b6ef1a4ae6",
          "contentHash" : "f9c48e98e9aa2926f3ee81cad694b40457c1613",
          "syncHash" : "995a122393ee2549849fb21e175f1b3a74b1d513",
          "type" : {
            "path" : "/t;hawkular/f;94f76aa25a3a/mt;Deployment%20Status~Deployment%20Status",
            "name" : "Deployment Status",
            "identityHash" : "92b2ec6a8ce2b54a435a3e0305c11dd6e993417",
            "contentHash" : "f3c6534da64d2a8686b1d4e236c44d16bfffe431",
            "syncHash" : "f3b33cc32943d9447a53350891e915198d844b",
            "unit" : "NONE",
            "metricDataType" : "availability",
            "collectionInterval" : 60,
            "type" : "AVAILABILITY",
            "id" : "Deployment Status~Deployment Status"
          },
          "id" : "AI~R~[94f76aa25a3a/Local~/deployment=hawkular-inventory-dist.war]~AT~Deployment Status~Deployment Status"
        }, {
          "path" : "/t;hawkular/f;94f76aa25a3a/r;Local~~/r;Local~%2Fdeployment%3Dhawkular-command-gateway-war.war/m;AI~R~%5B94f76aa25a3a%2FLocal~%2Fdeployment%3Dhawkular-command-gateway-war.war%5D~AT~Deployment%20Status~Deployment%20Status",
          "name" : "Deployment Status",
          "identityHash" : "144a68e8784a7a2e41a1116d8708ae1eabaf58d",
          "contentHash" : "f9c48e98e9aa2926f3ee81cad694b40457c1613",
          "syncHash" : "302f754f55537d5c38b1db2a787e398822e996",
          "type" : {
            "path" : "/t;hawkular/f;94f76aa25a3a/mt;Deployment%20Status~Deployment%20Status",
            "name" : "Deployment Status",
            "identityHash" : "92b2ec6a8ce2b54a435a3e0305c11dd6e993417",
            "contentHash" : "f3c6534da64d2a8686b1d4e236c44d16bfffe431",
            "syncHash" : "f3b33cc32943d9447a53350891e915198d844b",
            "unit" : "NONE",
            "metricDataType" : "availability",
            "collectionInterval" : 60,
            "type" : "AVAILABILITY",
            "id" : "Deployment Status~Deployment Status"
          },
          "id" : "AI~R~[94f76aa25a3a/Local~/deployment=hawkular-command-gateway-war.war]~AT~Deployment Status~Deployment Status"
        } ]
    http_version: 
  recorded_at: Thu, 16 Mar 2017 17:58:47 GMT
- request:
    method: post
    uri: http://jdoe:password@localhost:8080/hawkular/metrics/availability/raw/query
    body:
      encoding: UTF-8
      string: '{"ids":["AI~R~[94f76aa25a3a/Local~/deployment=hawkular-rest-api.war]~AT~Deployment
        Status~Deployment Status","AI~R~[94f76aa25a3a/Local~/deployment=hawkular-status.war]~AT~Deployment
        Status~Deployment Status","AI~R~[94f76aa25a3a/Local~/deployment=hawkular-metrics.ear]~AT~Deployment
        Status~Deployment Status","AI~R~[94f76aa25a3a/Local~/deployment=hawkular-wildfly-agent-download.war]~AT~Deployment
        Status~Deployment Status","AI~R~[94f76aa25a3a/Local~/deployment=hawkular-inventory-dist.war]~AT~Deployment
        Status~Deployment Status","AI~R~[94f76aa25a3a/Local~/deployment=hawkular-command-gateway-war.war]~AT~Deployment
        Status~Deployment Status"],"start":null,"end":null,"limit":1,"order":"DESC"}'
    headers:
      Accept:
      - application/json
      Accept-Encoding:
      - gzip, deflate
      User-Agent:
      - rest-client/2.0.1 (linux-gnu x86_64) ruby/2.3.1p112
      Hawkular-Tenant:
      - hawkular
      Content-Type:
      - application/json
      Content-Length:
      - '692'
  response:
    status:
      code: 200
      message: OK
    headers:
      Expires:
      - '0'
      Cache-Control:
      - no-cache, no-store, must-revalidate
      X-Powered-By:
      - Undertow/1
      Server:
      - WildFly/10
      Pragma:
      - no-cache
      Date:
      - Thu, 16 Mar 2017 17:58:47 GMT
      Connection:
      - keep-alive
      Content-Type:
      - application/json
      Content-Length:
      - '977'
    body:
      encoding: UTF-8
      string: '[{"id":"AI~R~[94f76aa25a3a/Local~/deployment=hawkular-rest-api.war]~AT~Deployment
        Status~Deployment Status","data":[{"timestamp":1489687110001,"value":"up"}]},{"id":"AI~R~[94f76aa25a3a/Local~/deployment=hawkular-status.war]~AT~Deployment
        Status~Deployment Status","data":[{"timestamp":1489687110001,"value":"up"}]},{"id":"AI~R~[94f76aa25a3a/Local~/deployment=hawkular-metrics.ear]~AT~Deployment
        Status~Deployment Status","data":[{"timestamp":1489687110001,"value":"up"}]},{"id":"AI~R~[94f76aa25a3a/Local~/deployment=hawkular-wildfly-agent-download.war]~AT~Deployment
        Status~Deployment Status","data":[{"timestamp":1489687110002,"value":"up"}]},{"id":"AI~R~[94f76aa25a3a/Local~/deployment=hawkular-inventory-dist.war]~AT~Deployment
        Status~Deployment Status","data":[{"timestamp":1489687110001,"value":"up"}]},{"id":"AI~R~[94f76aa25a3a/Local~/deployment=hawkular-command-gateway-war.war]~AT~Deployment
        Status~Deployment Status","data":[{"timestamp":1489687110001,"value":"up"}]}]'
    http_version: 
  recorded_at: Thu, 16 Mar 2017 17:58:47 GMT
recorded_with: VCR 3.0.3
