---
http_interactions:
- request:
    method: post
    uri: http://192.0.2.1:5000/v2.0/tokens
    body:
      encoding: UTF-8
      string: '{"auth":{"passwordCredentials":{"username":"admin","password":"a280e99820b2e01a42acc9535c81234842b45471"},"tenantName":"admin"}}'
    headers:
      User-Agent:
      - fog/1.27.0 fog-core/1.29.0
      Content-Type:
      - application/json
  response:
    status:
      code: 200
      message: ''
    headers:
      Vary:
      - X-Auth-Token
      Content-Type:
      - application/json
      Content-Length:
      - '3484'
      Date:
      - Tue, 10 Mar 2015 11:55:17 GMT
    body:
      encoding: UTF-8
      string: '{"access": {"token": {"issued_at": "2015-03-10T11:55:17.312079", "expires":
        "2015-03-10T15:55:17Z", "id": "8b382433cabc4636a8c8f42ed8bb6dd3", "tenant":
        {"description": null, "enabled": true, "id": "fa036029460349efad5dc3722c3073b2",
        "name": "admin"}, "audit_ids": ["UqOf-2keQb28nmHdijVR1A"]}, "serviceCatalog":
        [{"endpoints": [{"adminURL": "http://192.0.2.1:8585/", "region": "regionOne",
        "internalURL": "http://192.0.2.1:8585/", "id": "6760faff56944cf9a2bb65fb3a77c29d",
        "publicURL": "http://192.0.2.1:8585/"}], "endpoints_links": [], "type": "management",
        "name": "tuskar"}, {"endpoints": [{"adminURL": "http://192.0.2.1:8774/v2/fa036029460349efad5dc3722c3073b2",
        "region": "regionOne", "internalURL": "http://192.0.2.1:8774/v2/fa036029460349efad5dc3722c3073b2",
        "id": "1564c6a393b04b718dd8da94dd6af008", "publicURL": "http://192.0.2.1:8774/v2/fa036029460349efad5dc3722c3073b2"}],
        "endpoints_links": [], "type": "compute", "name": "nova"}, {"endpoints": [{"adminURL":
        "http://192.0.2.1:9696/", "region": "regionOne", "internalURL": "http://192.0.2.1:9696/",
        "id": "3865fe6f35b74020bfbf0e2aacbf1cff", "publicURL": "http://192.0.2.1:9696/"}],
        "endpoints_links": [], "type": "network", "name": "neutron"}, {"endpoints":
        [{"adminURL": "http://192.0.2.1:8774/v3", "region": "regionOne", "internalURL":
        "http://192.0.2.1:8774/v3", "id": "3adb38cd989e443caacede4d86c70e8a", "publicURL":
        "http://192.0.2.1:8774/v3"}], "endpoints_links": [], "type": "computev3",
        "name": "nova"}, {"endpoints": [{"adminURL": "http://192.0.2.1:9292/", "region":
        "regionOne", "internalURL": "http://192.0.2.1:9292/", "id": "03c47d3fb57f4b5a96b53624a1f73745",
        "publicURL": "http://192.0.2.1:9292/"}], "endpoints_links": [], "type": "image",
        "name": "glance"}, {"endpoints": [{"adminURL": "http://192.0.2.1:8777/", "region":
        "regionOne", "internalURL": "http://192.0.2.1:8777/", "id": "92f48a2262204ce49ad4639b31b28686",
        "publicURL": "http://192.0.2.1:8777/"}], "endpoints_links": [], "type": "metering",
        "name": "ceilometer"}, {"endpoints": [{"adminURL": "http://192.0.2.1:6385/",
        "region": "regionOne", "internalURL": "http://192.0.2.1:6385/", "id": "2fc9b054f0d94856bd2adaa3fe99688d",
        "publicURL": "http://192.0.2.1:6385/"}], "endpoints_links": [], "type": "baremetal",
        "name": "ironic"}, {"endpoints": [{"adminURL": "http://192.0.2.1:8773/services/Admin",
        "region": "regionOne", "internalURL": "http://192.0.2.1:8773/services/Cloud",
        "id": "1706505eb9d84732aa3999be106bcaf3", "publicURL": "http://192.0.2.1:8773/services/Cloud"}],
        "endpoints_links": [], "type": "ec2", "name": "ec2"}, {"endpoints": [{"adminURL":
        "http://192.0.2.1:8004/v1/fa036029460349efad5dc3722c3073b2", "region": "regionOne",
        "internalURL": "http://192.0.2.1:8004/v1/fa036029460349efad5dc3722c3073b2",
        "id": "572d55c2b76942e195e07341a7ca3eb6", "publicURL": "http://192.0.2.1:8004/v1/fa036029460349efad5dc3722c3073b2"}],
        "endpoints_links": [], "type": "orchestration", "name": "heat"}, {"endpoints":
        [{"adminURL": "http://192.0.2.1:35357/v2.0", "region": "regionOne", "internalURL":
        "http://192.0.2.1:5000/v2.0", "id": "32156dcd7c2244dd98e9e9fb1e09af4e", "publicURL":
        "http://192.0.2.1:5000/v2.0"}], "endpoints_links": [], "type": "identity",
        "name": "keystone"}], "user": {"username": "admin", "roles_links": [], "id":
        "a4af0ed557c3443ba76cf5440a19b5fa", "roles": [{"name": "admin"}, {"name":
        "_member_"}], "name": "admin"}, "metadata": {"is_admin": 0, "roles": ["6d6f94fca7eb4f0e9e64c67f031148c2",
        "9fe2ff9ee4384b1894a90878d3e92bab"]}}}'
    http_version: 
  recorded_at: Tue, 10 Mar 2015 11:55:17 GMT
- request:
    method: get
    uri: http://192.0.2.1:5000/v2.0/tenants
    body:
      encoding: US-ASCII
      string: ''
    headers:
      User-Agent:
      - fog/1.27.0 fog-core/1.29.0
      Content-Type:
      - application/json
      Accept:
      - application/json
      X-Auth-Token:
      - 8b382433cabc4636a8c8f42ed8bb6dd3
  response:
    status:
      code: 200
      message: ''
    headers:
      Vary:
      - X-Auth-Token
      Content-Type:
      - application/json
      Content-Length:
      - '133'
      Date:
      - Tue, 10 Mar 2015 11:55:17 GMT
    body:
      encoding: UTF-8
      string: '{"tenants_links": [], "tenants": [{"description": null, "enabled":
        true, "id": "fa036029460349efad5dc3722c3073b2", "name": "admin"}]}'
    http_version: 
  recorded_at: Tue, 10 Mar 2015 11:55:17 GMT
- request:
    method: post
    uri: http://192.0.2.1:5000/v2.0/tokens
    body:
      encoding: UTF-8
      string: '{"auth":{"passwordCredentials":{"username":"admin","password":"a280e99820b2e01a42acc9535c81234842b45471"},"tenantName":"admin"}}'
    headers:
      User-Agent:
      - fog/1.27.0 fog-core/1.29.0
      Content-Type:
      - application/json
  response:
    status:
      code: 200
      message: ''
    headers:
      Vary:
      - X-Auth-Token
      Content-Type:
      - application/json
      Content-Length:
      - '3484'
      Date:
      - Tue, 10 Mar 2015 11:55:18 GMT
    body:
      encoding: UTF-8
      string: '{"access": {"token": {"issued_at": "2015-03-10T11:55:18.085572", "expires":
        "2015-03-10T15:55:18Z", "id": "2f0572f806e14dc6bfcc387d229e48b8", "tenant":
        {"description": null, "enabled": true, "id": "fa036029460349efad5dc3722c3073b2",
        "name": "admin"}, "audit_ids": ["OlB61Jq7TDWv-a25o_q8uA"]}, "serviceCatalog":
        [{"endpoints": [{"adminURL": "http://192.0.2.1:8585/", "region": "regionOne",
        "internalURL": "http://192.0.2.1:8585/", "id": "6760faff56944cf9a2bb65fb3a77c29d",
        "publicURL": "http://192.0.2.1:8585/"}], "endpoints_links": [], "type": "management",
        "name": "tuskar"}, {"endpoints": [{"adminURL": "http://192.0.2.1:8774/v2/fa036029460349efad5dc3722c3073b2",
        "region": "regionOne", "internalURL": "http://192.0.2.1:8774/v2/fa036029460349efad5dc3722c3073b2",
        "id": "1564c6a393b04b718dd8da94dd6af008", "publicURL": "http://192.0.2.1:8774/v2/fa036029460349efad5dc3722c3073b2"}],
        "endpoints_links": [], "type": "compute", "name": "nova"}, {"endpoints": [{"adminURL":
        "http://192.0.2.1:9696/", "region": "regionOne", "internalURL": "http://192.0.2.1:9696/",
        "id": "3865fe6f35b74020bfbf0e2aacbf1cff", "publicURL": "http://192.0.2.1:9696/"}],
        "endpoints_links": [], "type": "network", "name": "neutron"}, {"endpoints":
        [{"adminURL": "http://192.0.2.1:8774/v3", "region": "regionOne", "internalURL":
        "http://192.0.2.1:8774/v3", "id": "3adb38cd989e443caacede4d86c70e8a", "publicURL":
        "http://192.0.2.1:8774/v3"}], "endpoints_links": [], "type": "computev3",
        "name": "nova"}, {"endpoints": [{"adminURL": "http://192.0.2.1:9292/", "region":
        "regionOne", "internalURL": "http://192.0.2.1:9292/", "id": "03c47d3fb57f4b5a96b53624a1f73745",
        "publicURL": "http://192.0.2.1:9292/"}], "endpoints_links": [], "type": "image",
        "name": "glance"}, {"endpoints": [{"adminURL": "http://192.0.2.1:8777/", "region":
        "regionOne", "internalURL": "http://192.0.2.1:8777/", "id": "92f48a2262204ce49ad4639b31b28686",
        "publicURL": "http://192.0.2.1:8777/"}], "endpoints_links": [], "type": "metering",
        "name": "ceilometer"}, {"endpoints": [{"adminURL": "http://192.0.2.1:6385/",
        "region": "regionOne", "internalURL": "http://192.0.2.1:6385/", "id": "2fc9b054f0d94856bd2adaa3fe99688d",
        "publicURL": "http://192.0.2.1:6385/"}], "endpoints_links": [], "type": "baremetal",
        "name": "ironic"}, {"endpoints": [{"adminURL": "http://192.0.2.1:8773/services/Admin",
        "region": "regionOne", "internalURL": "http://192.0.2.1:8773/services/Cloud",
        "id": "1706505eb9d84732aa3999be106bcaf3", "publicURL": "http://192.0.2.1:8773/services/Cloud"}],
        "endpoints_links": [], "type": "ec2", "name": "ec2"}, {"endpoints": [{"adminURL":
        "http://192.0.2.1:8004/v1/fa036029460349efad5dc3722c3073b2", "region": "regionOne",
        "internalURL": "http://192.0.2.1:8004/v1/fa036029460349efad5dc3722c3073b2",
        "id": "572d55c2b76942e195e07341a7ca3eb6", "publicURL": "http://192.0.2.1:8004/v1/fa036029460349efad5dc3722c3073b2"}],
        "endpoints_links": [], "type": "orchestration", "name": "heat"}, {"endpoints":
        [{"adminURL": "http://192.0.2.1:35357/v2.0", "region": "regionOne", "internalURL":
        "http://192.0.2.1:5000/v2.0", "id": "32156dcd7c2244dd98e9e9fb1e09af4e", "publicURL":
        "http://192.0.2.1:5000/v2.0"}], "endpoints_links": [], "type": "identity",
        "name": "keystone"}], "user": {"username": "admin", "roles_links": [], "id":
        "a4af0ed557c3443ba76cf5440a19b5fa", "roles": [{"name": "admin"}, {"name":
        "_member_"}], "name": "admin"}, "metadata": {"is_admin": 0, "roles": ["6d6f94fca7eb4f0e9e64c67f031148c2",
        "9fe2ff9ee4384b1894a90878d3e92bab"]}}}'
    http_version: 
  recorded_at: Tue, 10 Mar 2015 11:55:18 GMT
- request:
    method: post
    uri: http://192.0.2.1:5000/v2.0/tokens
    body:
      encoding: UTF-8
      string: '{"auth":{"passwordCredentials":{"username":"admin","password":"a280e99820b2e01a42acc9535c81234842b45471"},"tenantName":"admin"}}'
    headers:
      User-Agent:
      - fog/1.27.0 fog-core/1.29.0
      Content-Type:
      - application/json
  response:
    status:
      code: 200
      message: ''
    headers:
      Vary:
      - X-Auth-Token
      Content-Type:
      - application/json
      Content-Length:
      - '3484'
      Date:
      - Tue, 10 Mar 2015 11:55:18 GMT
    body:
      encoding: UTF-8
      string: '{"access": {"token": {"issued_at": "2015-03-10T11:55:18.616771", "expires":
        "2015-03-10T15:55:18Z", "id": "2b3572ec4896490fb85431aba96716ef", "tenant":
        {"description": null, "enabled": true, "id": "fa036029460349efad5dc3722c3073b2",
        "name": "admin"}, "audit_ids": ["yi63zpSOQyKmJS9IW9QF3A"]}, "serviceCatalog":
        [{"endpoints": [{"adminURL": "http://192.0.2.1:8585/", "region": "regionOne",
        "internalURL": "http://192.0.2.1:8585/", "id": "6760faff56944cf9a2bb65fb3a77c29d",
        "publicURL": "http://192.0.2.1:8585/"}], "endpoints_links": [], "type": "management",
        "name": "tuskar"}, {"endpoints": [{"adminURL": "http://192.0.2.1:8774/v2/fa036029460349efad5dc3722c3073b2",
        "region": "regionOne", "internalURL": "http://192.0.2.1:8774/v2/fa036029460349efad5dc3722c3073b2",
        "id": "1564c6a393b04b718dd8da94dd6af008", "publicURL": "http://192.0.2.1:8774/v2/fa036029460349efad5dc3722c3073b2"}],
        "endpoints_links": [], "type": "compute", "name": "nova"}, {"endpoints": [{"adminURL":
        "http://192.0.2.1:9696/", "region": "regionOne", "internalURL": "http://192.0.2.1:9696/",
        "id": "3865fe6f35b74020bfbf0e2aacbf1cff", "publicURL": "http://192.0.2.1:9696/"}],
        "endpoints_links": [], "type": "network", "name": "neutron"}, {"endpoints":
        [{"adminURL": "http://192.0.2.1:8774/v3", "region": "regionOne", "internalURL":
        "http://192.0.2.1:8774/v3", "id": "3adb38cd989e443caacede4d86c70e8a", "publicURL":
        "http://192.0.2.1:8774/v3"}], "endpoints_links": [], "type": "computev3",
        "name": "nova"}, {"endpoints": [{"adminURL": "http://192.0.2.1:9292/", "region":
        "regionOne", "internalURL": "http://192.0.2.1:9292/", "id": "03c47d3fb57f4b5a96b53624a1f73745",
        "publicURL": "http://192.0.2.1:9292/"}], "endpoints_links": [], "type": "image",
        "name": "glance"}, {"endpoints": [{"adminURL": "http://192.0.2.1:8777/", "region":
        "regionOne", "internalURL": "http://192.0.2.1:8777/", "id": "92f48a2262204ce49ad4639b31b28686",
        "publicURL": "http://192.0.2.1:8777/"}], "endpoints_links": [], "type": "metering",
        "name": "ceilometer"}, {"endpoints": [{"adminURL": "http://192.0.2.1:6385/",
        "region": "regionOne", "internalURL": "http://192.0.2.1:6385/", "id": "2fc9b054f0d94856bd2adaa3fe99688d",
        "publicURL": "http://192.0.2.1:6385/"}], "endpoints_links": [], "type": "baremetal",
        "name": "ironic"}, {"endpoints": [{"adminURL": "http://192.0.2.1:8773/services/Admin",
        "region": "regionOne", "internalURL": "http://192.0.2.1:8773/services/Cloud",
        "id": "1706505eb9d84732aa3999be106bcaf3", "publicURL": "http://192.0.2.1:8773/services/Cloud"}],
        "endpoints_links": [], "type": "ec2", "name": "ec2"}, {"endpoints": [{"adminURL":
        "http://192.0.2.1:8004/v1/fa036029460349efad5dc3722c3073b2", "region": "regionOne",
        "internalURL": "http://192.0.2.1:8004/v1/fa036029460349efad5dc3722c3073b2",
        "id": "572d55c2b76942e195e07341a7ca3eb6", "publicURL": "http://192.0.2.1:8004/v1/fa036029460349efad5dc3722c3073b2"}],
        "endpoints_links": [], "type": "orchestration", "name": "heat"}, {"endpoints":
        [{"adminURL": "http://192.0.2.1:35357/v2.0", "region": "regionOne", "internalURL":
        "http://192.0.2.1:5000/v2.0", "id": "32156dcd7c2244dd98e9e9fb1e09af4e", "publicURL":
        "http://192.0.2.1:5000/v2.0"}], "endpoints_links": [], "type": "identity",
        "name": "keystone"}], "user": {"username": "admin", "roles_links": [], "id":
        "a4af0ed557c3443ba76cf5440a19b5fa", "roles": [{"name": "admin"}, {"name":
        "_member_"}], "name": "admin"}, "metadata": {"is_admin": 0, "roles": ["6d6f94fca7eb4f0e9e64c67f031148c2",
        "9fe2ff9ee4384b1894a90878d3e92bab"]}}}'
    http_version: 
  recorded_at: Tue, 10 Mar 2015 11:55:18 GMT
- request:
    method: post
    uri: http://192.0.2.1:5000/v2.0/tokens
    body:
      encoding: UTF-8
      string: '{"auth":{"passwordCredentials":{"username":"admin","password":"a280e99820b2e01a42acc9535c81234842b45471"},"tenantName":"admin"}}'
    headers:
      User-Agent:
      - fog/1.27.0 fog-core/1.29.0
      Content-Type:
      - application/json
  response:
    status:
      code: 200
      message: ''
    headers:
      Vary:
      - X-Auth-Token
      Content-Type:
      - application/json
      Content-Length:
      - '3484'
      Date:
      - Tue, 10 Mar 2015 11:55:18 GMT
    body:
      encoding: UTF-8
      string: '{"access": {"token": {"issued_at": "2015-03-10T11:55:18.947346", "expires":
        "2015-03-10T15:55:18Z", "id": "8352f4f3134d4e14b1677d950da87de8", "tenant":
        {"description": null, "enabled": true, "id": "fa036029460349efad5dc3722c3073b2",
        "name": "admin"}, "audit_ids": ["wZGA6KB_Rv-hOFflqWzRew"]}, "serviceCatalog":
        [{"endpoints": [{"adminURL": "http://192.0.2.1:8585/", "region": "regionOne",
        "internalURL": "http://192.0.2.1:8585/", "id": "6760faff56944cf9a2bb65fb3a77c29d",
        "publicURL": "http://192.0.2.1:8585/"}], "endpoints_links": [], "type": "management",
        "name": "tuskar"}, {"endpoints": [{"adminURL": "http://192.0.2.1:8774/v2/fa036029460349efad5dc3722c3073b2",
        "region": "regionOne", "internalURL": "http://192.0.2.1:8774/v2/fa036029460349efad5dc3722c3073b2",
        "id": "1564c6a393b04b718dd8da94dd6af008", "publicURL": "http://192.0.2.1:8774/v2/fa036029460349efad5dc3722c3073b2"}],
        "endpoints_links": [], "type": "compute", "name": "nova"}, {"endpoints": [{"adminURL":
        "http://192.0.2.1:9696/", "region": "regionOne", "internalURL": "http://192.0.2.1:9696/",
        "id": "3865fe6f35b74020bfbf0e2aacbf1cff", "publicURL": "http://192.0.2.1:9696/"}],
        "endpoints_links": [], "type": "network", "name": "neutron"}, {"endpoints":
        [{"adminURL": "http://192.0.2.1:8774/v3", "region": "regionOne", "internalURL":
        "http://192.0.2.1:8774/v3", "id": "3adb38cd989e443caacede4d86c70e8a", "publicURL":
        "http://192.0.2.1:8774/v3"}], "endpoints_links": [], "type": "computev3",
        "name": "nova"}, {"endpoints": [{"adminURL": "http://192.0.2.1:9292/", "region":
        "regionOne", "internalURL": "http://192.0.2.1:9292/", "id": "03c47d3fb57f4b5a96b53624a1f73745",
        "publicURL": "http://192.0.2.1:9292/"}], "endpoints_links": [], "type": "image",
        "name": "glance"}, {"endpoints": [{"adminURL": "http://192.0.2.1:8777/", "region":
        "regionOne", "internalURL": "http://192.0.2.1:8777/", "id": "92f48a2262204ce49ad4639b31b28686",
        "publicURL": "http://192.0.2.1:8777/"}], "endpoints_links": [], "type": "metering",
        "name": "ceilometer"}, {"endpoints": [{"adminURL": "http://192.0.2.1:6385/",
        "region": "regionOne", "internalURL": "http://192.0.2.1:6385/", "id": "2fc9b054f0d94856bd2adaa3fe99688d",
        "publicURL": "http://192.0.2.1:6385/"}], "endpoints_links": [], "type": "baremetal",
        "name": "ironic"}, {"endpoints": [{"adminURL": "http://192.0.2.1:8773/services/Admin",
        "region": "regionOne", "internalURL": "http://192.0.2.1:8773/services/Cloud",
        "id": "1706505eb9d84732aa3999be106bcaf3", "publicURL": "http://192.0.2.1:8773/services/Cloud"}],
        "endpoints_links": [], "type": "ec2", "name": "ec2"}, {"endpoints": [{"adminURL":
        "http://192.0.2.1:8004/v1/fa036029460349efad5dc3722c3073b2", "region": "regionOne",
        "internalURL": "http://192.0.2.1:8004/v1/fa036029460349efad5dc3722c3073b2",
        "id": "572d55c2b76942e195e07341a7ca3eb6", "publicURL": "http://192.0.2.1:8004/v1/fa036029460349efad5dc3722c3073b2"}],
        "endpoints_links": [], "type": "orchestration", "name": "heat"}, {"endpoints":
        [{"adminURL": "http://192.0.2.1:35357/v2.0", "region": "regionOne", "internalURL":
        "http://192.0.2.1:5000/v2.0", "id": "32156dcd7c2244dd98e9e9fb1e09af4e", "publicURL":
        "http://192.0.2.1:5000/v2.0"}], "endpoints_links": [], "type": "identity",
        "name": "keystone"}], "user": {"username": "admin", "roles_links": [], "id":
        "a4af0ed557c3443ba76cf5440a19b5fa", "roles": [{"name": "admin"}, {"name":
        "_member_"}], "name": "admin"}, "metadata": {"is_admin": 0, "roles": ["6d6f94fca7eb4f0e9e64c67f031148c2",
        "9fe2ff9ee4384b1894a90878d3e92bab"]}}}'
    http_version: 
  recorded_at: Tue, 10 Mar 2015 11:55:18 GMT
- request:
    method: post
    uri: http://192.0.2.1:5000/v2.0/tokens
    body:
      encoding: UTF-8
      string: '{"auth":{"passwordCredentials":{"username":"admin","password":"a280e99820b2e01a42acc9535c81234842b45471"},"tenantName":"admin"}}'
    headers:
      User-Agent:
      - fog/1.27.0 fog-core/1.29.0
      Content-Type:
      - application/json
  response:
    status:
      code: 200
      message: ''
    headers:
      Vary:
      - X-Auth-Token
      Content-Type:
      - application/json
      Content-Length:
      - '3484'
      Date:
      - Tue, 10 Mar 2015 11:55:19 GMT
    body:
      encoding: UTF-8
      string: '{"access": {"token": {"issued_at": "2015-03-10T11:55:19.159226", "expires":
        "2015-03-10T15:55:19Z", "id": "f8ef6d9354694cb1a8bb51867c4675c1", "tenant":
        {"description": null, "enabled": true, "id": "fa036029460349efad5dc3722c3073b2",
        "name": "admin"}, "audit_ids": ["ebKcnzqqT4i05jfoxKrO8Q"]}, "serviceCatalog":
        [{"endpoints": [{"adminURL": "http://192.0.2.1:8585/", "region": "regionOne",
        "internalURL": "http://192.0.2.1:8585/", "id": "6760faff56944cf9a2bb65fb3a77c29d",
        "publicURL": "http://192.0.2.1:8585/"}], "endpoints_links": [], "type": "management",
        "name": "tuskar"}, {"endpoints": [{"adminURL": "http://192.0.2.1:8774/v2/fa036029460349efad5dc3722c3073b2",
        "region": "regionOne", "internalURL": "http://192.0.2.1:8774/v2/fa036029460349efad5dc3722c3073b2",
        "id": "1564c6a393b04b718dd8da94dd6af008", "publicURL": "http://192.0.2.1:8774/v2/fa036029460349efad5dc3722c3073b2"}],
        "endpoints_links": [], "type": "compute", "name": "nova"}, {"endpoints": [{"adminURL":
        "http://192.0.2.1:9696/", "region": "regionOne", "internalURL": "http://192.0.2.1:9696/",
        "id": "3865fe6f35b74020bfbf0e2aacbf1cff", "publicURL": "http://192.0.2.1:9696/"}],
        "endpoints_links": [], "type": "network", "name": "neutron"}, {"endpoints":
        [{"adminURL": "http://192.0.2.1:8774/v3", "region": "regionOne", "internalURL":
        "http://192.0.2.1:8774/v3", "id": "3adb38cd989e443caacede4d86c70e8a", "publicURL":
        "http://192.0.2.1:8774/v3"}], "endpoints_links": [], "type": "computev3",
        "name": "nova"}, {"endpoints": [{"adminURL": "http://192.0.2.1:9292/", "region":
        "regionOne", "internalURL": "http://192.0.2.1:9292/", "id": "03c47d3fb57f4b5a96b53624a1f73745",
        "publicURL": "http://192.0.2.1:9292/"}], "endpoints_links": [], "type": "image",
        "name": "glance"}, {"endpoints": [{"adminURL": "http://192.0.2.1:8777/", "region":
        "regionOne", "internalURL": "http://192.0.2.1:8777/", "id": "92f48a2262204ce49ad4639b31b28686",
        "publicURL": "http://192.0.2.1:8777/"}], "endpoints_links": [], "type": "metering",
        "name": "ceilometer"}, {"endpoints": [{"adminURL": "http://192.0.2.1:6385/",
        "region": "regionOne", "internalURL": "http://192.0.2.1:6385/", "id": "2fc9b054f0d94856bd2adaa3fe99688d",
        "publicURL": "http://192.0.2.1:6385/"}], "endpoints_links": [], "type": "baremetal",
        "name": "ironic"}, {"endpoints": [{"adminURL": "http://192.0.2.1:8773/services/Admin",
        "region": "regionOne", "internalURL": "http://192.0.2.1:8773/services/Cloud",
        "id": "1706505eb9d84732aa3999be106bcaf3", "publicURL": "http://192.0.2.1:8773/services/Cloud"}],
        "endpoints_links": [], "type": "ec2", "name": "ec2"}, {"endpoints": [{"adminURL":
        "http://192.0.2.1:8004/v1/fa036029460349efad5dc3722c3073b2", "region": "regionOne",
        "internalURL": "http://192.0.2.1:8004/v1/fa036029460349efad5dc3722c3073b2",
        "id": "572d55c2b76942e195e07341a7ca3eb6", "publicURL": "http://192.0.2.1:8004/v1/fa036029460349efad5dc3722c3073b2"}],
        "endpoints_links": [], "type": "orchestration", "name": "heat"}, {"endpoints":
        [{"adminURL": "http://192.0.2.1:35357/v2.0", "region": "regionOne", "internalURL":
        "http://192.0.2.1:5000/v2.0", "id": "32156dcd7c2244dd98e9e9fb1e09af4e", "publicURL":
        "http://192.0.2.1:5000/v2.0"}], "endpoints_links": [], "type": "identity",
        "name": "keystone"}], "user": {"username": "admin", "roles_links": [], "id":
        "a4af0ed557c3443ba76cf5440a19b5fa", "roles": [{"name": "admin"}, {"name":
        "_member_"}], "name": "admin"}, "metadata": {"is_admin": 0, "roles": ["6d6f94fca7eb4f0e9e64c67f031148c2",
        "9fe2ff9ee4384b1894a90878d3e92bab"]}}}'
    http_version: 
  recorded_at: Tue, 10 Mar 2015 11:55:19 GMT
- request:
    method: get
    uri: http://192.0.2.1:9292/
    body:
      encoding: US-ASCII
      string: ''
    headers:
      User-Agent:
      - fog/1.27.0 fog-core/1.29.0
      Content-Type:
      - application/json
      Accept:
      - application/json
      X-Auth-Token:
      - f8ef6d9354694cb1a8bb51867c4675c1
  response:
    status:
      code: 300
      message: ''
    headers:
      Content-Type:
      - application/json; charset=UTF-8
      Content-Length:
      - '530'
      Date:
      - Tue, 10 Mar 2015 11:55:19 GMT
    body:
      encoding: UTF-8
      string: '{"versions": [{"status": "CURRENT", "id": "v2.2", "links": [{"href":
        "http://192.0.2.1:9292/v2/", "rel": "self"}]}, {"status": "SUPPORTED", "id":
        "v2.1", "links": [{"href": "http://192.0.2.1:9292/v2/", "rel": "self"}]},
        {"status": "SUPPORTED", "id": "v2.0", "links": [{"href": "http://192.0.2.1:9292/v2/",
        "rel": "self"}]}, {"status": "CURRENT", "id": "v1.1", "links": [{"href": "http://192.0.2.1:9292/v1/",
        "rel": "self"}]}, {"status": "SUPPORTED", "id": "v1.0", "links": [{"href":
        "http://192.0.2.1:9292/v1/", "rel": "self"}]}]}'
    http_version: 
  recorded_at: Tue, 10 Mar 2015 11:55:19 GMT
- request:
    method: get
    uri: http://192.0.2.1:8774/v2/fa036029460349efad5dc3722c3073b2/servers/detail.json
    body:
      encoding: US-ASCII
      string: ''
    headers:
      User-Agent:
      - fog/1.27.0 fog-core/1.29.0
      Content-Type:
      - application/json
      Accept:
      - application/json
      X-Auth-Token:
      - 2f0572f806e14dc6bfcc387d229e48b8
  response:
    status:
      code: 200
      message: ''
    headers:
      Content-Type:
      - application/json
      Content-Length:
      - '7236'
      X-Compute-Request-Id:
      - req-b105f18c-2394-44f8-9566-b99c6057e455
      Date:
      - Tue, 10 Mar 2015 11:55:19 GMT
    body:
      encoding: UTF-8
      string: '{"servers": [{"status": "ACTIVE", "updated": "2015-03-10T10:57:08Z",
        "hostId": "290e9c2984b0814873b2b95c61232d7e1d285dc3a6bfe4cdd82da31f", "OS-EXT-SRV-ATTR:host":
        "undercloud", "addresses": {"ctlplane": [{"OS-EXT-IPS-MAC:mac_addr": "00:a7:12:2f:48:16",
        "version": 4, "addr": "192.0.2.23", "OS-EXT-IPS:type": "fixed"}]}, "links":
        [{"href": "http://192.0.2.1:8774/v2/fa036029460349efad5dc3722c3073b2/servers/9282131d-5e25-495c-82ce-dcbcd34158f7",
        "rel": "self"}, {"href": "http://192.0.2.1:8774/fa036029460349efad5dc3722c3073b2/servers/9282131d-5e25-495c-82ce-dcbcd34158f7",
        "rel": "bookmark"}], "key_name": "default", "image": {"id": "3ec3eed0-2b6e-42fd-8d79-99eab68f9515",
        "links": [{"href": "http://192.0.2.1:8774/fa036029460349efad5dc3722c3073b2/images/3ec3eed0-2b6e-42fd-8d79-99eab68f9515",
        "rel": "bookmark"}]}, "OS-EXT-STS:task_state": null, "OS-EXT-STS:vm_state":
        "active", "OS-EXT-SRV-ATTR:instance_name": "instance-0000000a", "OS-SRV-USG:launched_at":
        "2015-03-10T10:57:08.000000", "OS-EXT-SRV-ATTR:hypervisor_hostname": "15739d49-90ab-4a42-9620-fe140f5bdcb5",
        "flavor": {"id": "80aac8a3-8ea3-4b44-ae1e-32094c6e5906", "links": [{"href":
        "http://192.0.2.1:8774/fa036029460349efad5dc3722c3073b2/flavors/80aac8a3-8ea3-4b44-ae1e-32094c6e5906",
        "rel": "bookmark"}]}, "id": "9282131d-5e25-495c-82ce-dcbcd34158f7", "security_groups":
        [{"name": "default"}], "OS-SRV-USG:terminated_at": null, "OS-EXT-AZ:availability_zone":
        "nova", "user_id": "a4af0ed557c3443ba76cf5440a19b5fa", "name": "ov-sv7ikhkik6-2-j2c5u7rzryrz-NovaCompute-mhqhktm6if5y",
        "created": "2015-03-10T10:55:04Z", "tenant_id": "fa036029460349efad5dc3722c3073b2",
        "OS-DCF:diskConfig": "MANUAL", "os-extended-volumes:volumes_attached": [],
        "accessIPv4": "", "accessIPv6": "", "progress": 0, "OS-EXT-STS:power_state":
        1, "config_drive": "", "metadata": {}}, {"status": "ACTIVE", "updated": "2015-03-10T08:49:11Z",
        "hostId": "290e9c2984b0814873b2b95c61232d7e1d285dc3a6bfe4cdd82da31f", "OS-EXT-SRV-ATTR:host":
        "undercloud", "addresses": {"ctlplane": [{"OS-EXT-IPS-MAC:mac_addr": "00:6c:88:c2:41:23",
        "version": 4, "addr": "192.0.2.21", "OS-EXT-IPS:type": "fixed"}]}, "links":
        [{"href": "http://192.0.2.1:8774/v2/fa036029460349efad5dc3722c3073b2/servers/31fac73a-90d0-44ef-b3ef-014b43f735e8",
        "rel": "self"}, {"href": "http://192.0.2.1:8774/fa036029460349efad5dc3722c3073b2/servers/31fac73a-90d0-44ef-b3ef-014b43f735e8",
        "rel": "bookmark"}], "key_name": "default", "image": {"id": "3ec3eed0-2b6e-42fd-8d79-99eab68f9515",
        "links": [{"href": "http://192.0.2.1:8774/fa036029460349efad5dc3722c3073b2/images/3ec3eed0-2b6e-42fd-8d79-99eab68f9515",
        "rel": "bookmark"}]}, "OS-EXT-STS:task_state": null, "OS-EXT-STS:vm_state":
        "active", "OS-EXT-SRV-ATTR:instance_name": "instance-00000008", "OS-SRV-USG:launched_at":
        "2015-03-10T08:49:11.000000", "OS-EXT-SRV-ATTR:hypervisor_hostname": "3fb4021c-5a79-47ca-af39-f0dcde7109a4",
        "flavor": {"id": "80aac8a3-8ea3-4b44-ae1e-32094c6e5906", "links": [{"href":
        "http://192.0.2.1:8774/fa036029460349efad5dc3722c3073b2/flavors/80aac8a3-8ea3-4b44-ae1e-32094c6e5906",
        "rel": "bookmark"}]}, "id": "31fac73a-90d0-44ef-b3ef-014b43f735e8", "security_groups":
        [{"name": "default"}], "OS-SRV-USG:terminated_at": null, "OS-EXT-AZ:availability_zone":
        "nova", "user_id": "a4af0ed557c3443ba76cf5440a19b5fa", "name": "ov-sv7ikhkik6-1-ciwmrbrsab3q-NovaCompute-osrkij6r577i",
        "created": "2015-03-10T08:47:31Z", "tenant_id": "fa036029460349efad5dc3722c3073b2",
        "OS-DCF:diskConfig": "MANUAL", "os-extended-volumes:volumes_attached": [],
        "accessIPv4": "", "accessIPv6": "", "progress": 0, "OS-EXT-STS:power_state":
        1, "config_drive": "", "metadata": {}}, {"status": "ACTIVE", "updated": "2015-03-09T17:10:38Z",
        "hostId": "290e9c2984b0814873b2b95c61232d7e1d285dc3a6bfe4cdd82da31f", "OS-EXT-SRV-ATTR:host":
        "undercloud", "addresses": {"ctlplane": [{"OS-EXT-IPS-MAC:mac_addr": "00:46:f6:ea:b7:fa",
        "version": 4, "addr": "192.0.2.9", "OS-EXT-IPS:type": "fixed"}]}, "links":
        [{"href": "http://192.0.2.1:8774/v2/fa036029460349efad5dc3722c3073b2/servers/d52ebd4f-a28b-49cf-8adc-61847e6bb525",
        "rel": "self"}, {"href": "http://192.0.2.1:8774/fa036029460349efad5dc3722c3073b2/servers/d52ebd4f-a28b-49cf-8adc-61847e6bb525",
        "rel": "bookmark"}], "key_name": "default", "image": {"id": "3ec3eed0-2b6e-42fd-8d79-99eab68f9515",
        "links": [{"href": "http://192.0.2.1:8774/fa036029460349efad5dc3722c3073b2/images/3ec3eed0-2b6e-42fd-8d79-99eab68f9515",
        "rel": "bookmark"}]}, "OS-EXT-STS:task_state": null, "OS-EXT-STS:vm_state":
        "active", "OS-EXT-SRV-ATTR:instance_name": "instance-00000002", "OS-SRV-USG:launched_at":
        "2015-03-09T17:10:38.000000", "OS-EXT-SRV-ATTR:hypervisor_hostname": "4c9915f1-8f6e-4110-85e3-6dcb8539f51d",
        "flavor": {"id": "80aac8a3-8ea3-4b44-ae1e-32094c6e5906", "links": [{"href":
        "http://192.0.2.1:8774/fa036029460349efad5dc3722c3073b2/flavors/80aac8a3-8ea3-4b44-ae1e-32094c6e5906",
        "rel": "bookmark"}]}, "id": "d52ebd4f-a28b-49cf-8adc-61847e6bb525", "security_groups":
        [{"name": "default"}], "OS-SRV-USG:terminated_at": null, "OS-EXT-AZ:availability_zone":
        "nova", "user_id": "a4af0ed557c3443ba76cf5440a19b5fa", "name": "ov-sv7ikhkik6-0-z4tat34wjjkg-NovaCompute-jxw5svbepnm6",
        "created": "2015-03-09T17:07:47Z", "tenant_id": "fa036029460349efad5dc3722c3073b2",
        "OS-DCF:diskConfig": "MANUAL", "os-extended-volumes:volumes_attached": [],
        "accessIPv4": "", "accessIPv6": "", "progress": 0, "OS-EXT-STS:power_state":
        1, "config_drive": "", "metadata": {}}, {"status": "ACTIVE", "updated": "2015-03-09T17:11:45Z",
        "hostId": "290e9c2984b0814873b2b95c61232d7e1d285dc3a6bfe4cdd82da31f", "OS-EXT-SRV-ATTR:host":
        "undercloud", "addresses": {"ctlplane": [{"OS-EXT-IPS-MAC:mac_addr": "00:62:41:86:ad:73",
        "version": 4, "addr": "192.0.2.10", "OS-EXT-IPS:type": "fixed"}]}, "links":
        [{"href": "http://192.0.2.1:8774/v2/fa036029460349efad5dc3722c3073b2/servers/0a00e394-be74-45b2-9046-1d81dac3d4a4",
        "rel": "self"}, {"href": "http://192.0.2.1:8774/fa036029460349efad5dc3722c3073b2/servers/0a00e394-be74-45b2-9046-1d81dac3d4a4",
        "rel": "bookmark"}], "key_name": "default", "image": {"id": "6068f62b-5540-4556-9fae-8f11ce4fe39b",
        "links": [{"href": "http://192.0.2.1:8774/fa036029460349efad5dc3722c3073b2/images/6068f62b-5540-4556-9fae-8f11ce4fe39b",
        "rel": "bookmark"}]}, "OS-EXT-STS:task_state": null, "OS-EXT-STS:vm_state":
        "active", "OS-EXT-SRV-ATTR:instance_name": "instance-00000001", "OS-SRV-USG:launched_at":
        "2015-03-09T17:11:45.000000", "OS-EXT-SRV-ATTR:hypervisor_hostname": "3ef1e9e9-9f6b-4bbd-aab1-dd0941fb1ae1",
        "flavor": {"id": "80aac8a3-8ea3-4b44-ae1e-32094c6e5906", "links": [{"href":
        "http://192.0.2.1:8774/fa036029460349efad5dc3722c3073b2/flavors/80aac8a3-8ea3-4b44-ae1e-32094c6e5906",
        "rel": "bookmark"}]}, "id": "0a00e394-be74-45b2-9046-1d81dac3d4a4", "security_groups":
        [{"name": "default"}], "OS-SRV-USG:terminated_at": null, "OS-EXT-AZ:availability_zone":
        "nova", "user_id": "a4af0ed557c3443ba76cf5440a19b5fa", "name": "ov-jbhay7h27gb-0-pv4rr4umrrgo-Controller-e4eoumaxn3hr",
        "created": "2015-03-09T17:07:44Z", "tenant_id": "fa036029460349efad5dc3722c3073b2",
        "OS-DCF:diskConfig": "MANUAL", "os-extended-volumes:volumes_attached": [],
        "accessIPv4": "", "accessIPv6": "", "progress": 0, "OS-EXT-STS:power_state":
        1, "config_drive": "", "metadata": {}}]}'
    http_version: 
  recorded_at: Tue, 10 Mar 2015 11:55:19 GMT
- request:
    method: get
    uri: http://192.0.2.1:6385/ports/detail
    body:
      encoding: US-ASCII
      string: ''
    headers:
      User-Agent:
      - fog/1.27.0 fog-core/1.29.0
      Content-Type:
      - application/json
      X-Auth-Token:
      - 2b3572ec4896490fb85431aba96716ef
  response:
    status:
      code: 200
      message: ''
    headers:
      Date:
      - Tue, 10 Mar 2015 11:55:19 GMT
      Server:
      - WSGIServer/0.1 Python/2.7.5
      Content-Length:
      - '1975'
      Content-Type:
      - application/json; charset=UTF-8
    body:
      encoding: UTF-8
      string: '{"ports": [{"node_uuid": "15739d49-90ab-4a42-9620-fe140f5bdcb5", "uuid":
        "af71b334-555d-4c96-a589-86efdaf3d287", "links": [{"href": "http://192.0.2.1:6385/v1/ports/af71b334-555d-4c96-a589-86efdaf3d287",
        "rel": "self"}, {"href": "http://192.0.2.1:6385/ports/af71b334-555d-4c96-a589-86efdaf3d287",
        "rel": "bookmark"}], "extra": {"vif_port_id": "ff4aa372-1dc4-4cb1-b6bd-b2673526bfac"},
        "created_at": "2015-03-09T17:02:43+00:00", "updated_at": "2015-03-10T10:55:10+00:00",
        "address": "00:a7:12:2f:48:16"}, {"node_uuid": "3fb4021c-5a79-47ca-af39-f0dcde7109a4",
        "uuid": "1d6a8fef-73f4-4493-a965-30eb92d7ba41", "links": [{"href": "http://192.0.2.1:6385/v1/ports/1d6a8fef-73f4-4493-a965-30eb92d7ba41",
        "rel": "self"}, {"href": "http://192.0.2.1:6385/ports/1d6a8fef-73f4-4493-a965-30eb92d7ba41",
        "rel": "bookmark"}], "extra": {"vif_port_id": "675f2888-5c92-4d98-afab-7414ff3144be"},
        "created_at": "2015-03-09T17:02:59+00:00", "updated_at": "2015-03-10T08:47:38+00:00",
        "address": "00:6c:88:c2:41:23"}, {"node_uuid": "4c9915f1-8f6e-4110-85e3-6dcb8539f51d",
        "uuid": "56736f74-42de-4d9f-ac4c-78828a4c7b5b", "links": [{"href": "http://192.0.2.1:6385/v1/ports/56736f74-42de-4d9f-ac4c-78828a4c7b5b",
        "rel": "self"}, {"href": "http://192.0.2.1:6385/ports/56736f74-42de-4d9f-ac4c-78828a4c7b5b",
        "rel": "bookmark"}], "extra": {"vif_port_id": "d3155053-011c-44e1-a77d-7d7b4be9ece5"},
        "created_at": "2015-03-09T17:03:15+00:00", "updated_at": "2015-03-09T17:07:59+00:00",
        "address": "00:46:f6:ea:b7:fa"}, {"node_uuid": "3ef1e9e9-9f6b-4bbd-aab1-dd0941fb1ae1",
        "uuid": "6702b93c-7ff9-4dc5-882c-8c05fafa7c1d", "links": [{"href": "http://192.0.2.1:6385/v1/ports/6702b93c-7ff9-4dc5-882c-8c05fafa7c1d",
        "rel": "self"}, {"href": "http://192.0.2.1:6385/ports/6702b93c-7ff9-4dc5-882c-8c05fafa7c1d",
        "rel": "bookmark"}], "extra": {"vif_port_id": "b6cbc5b2-e41c-4c99-96d1-3d68c6f57a28"},
        "created_at": "2015-03-09T17:03:32+00:00", "updated_at": "2015-03-09T17:09:53+00:00",
        "address": "00:62:41:86:ad:73"}]}'
    http_version: 
  recorded_at: Tue, 10 Mar 2015 11:55:19 GMT
- request:
    method: get
    uri: http://192.0.2.1:8004/v1/fa036029460349efad5dc3722c3073b2/stacks
    body:
      encoding: US-ASCII
      string: ''
    headers:
      User-Agent:
      - fog/1.27.0 fog-core/1.29.0
      Content-Type:
      - application/json
      Accept:
      - application/json
      X-Auth-Token:
      - 8352f4f3134d4e14b1677d950da87de8
      X-Auth-User:
      - admin
      X-Auth-Key:
      - a280e99820b2e01a42acc9535c81234842b45471
  response:
    status:
      code: 200
      message: ''
    headers:
      Content-Type:
      - application/json; charset=UTF-8
      Content-Length:
      - '480'
      X-Openstack-Request-Id:
      - req-87b3e46d-4719-40ea-b09c-01b8572302e9
      Date:
      - Tue, 10 Mar 2015 11:55:19 GMT
    body:
      encoding: UTF-8
      string: '{"stacks": [{"parent": null, "description": "No description", "links":
        [{"href": "http://192.0.2.1:8004/v1/fa036029460349efad5dc3722c3073b2/stacks/overcloud/84c80a95-11ac-40c3-8ff9-4836378424d7",
        "rel": "self"}], "stack_status_reason": "Stack successfully updated", "stack_name":
        "overcloud", "creation_time": "2015-03-09T17:07:38Z", "updated_time": "2015-03-10T10:53:32Z",
        "stack_owner": "admin", "stack_status": "UPDATE_COMPLETE", "id": "84c80a95-11ac-40c3-8ff9-4836378424d7"}]}'
    http_version: 
  recorded_at: Tue, 10 Mar 2015 11:55:19 GMT
- request:
    method: get
    uri: http://192.0.2.1:8004/v1/fa036029460349efad5dc3722c3073b2/stacks/overcloud/84c80a95-11ac-40c3-8ff9-4836378424d7
    body:
      encoding: US-ASCII
      string: ''
    headers:
      User-Agent:
      - fog/1.27.0 fog-core/1.29.0
      Content-Type:
      - application/json
      Accept:
      - application/json
      X-Auth-Token:
      - 8352f4f3134d4e14b1677d950da87de8
      X-Auth-User:
      - admin
      X-Auth-Key:
      - a280e99820b2e01a42acc9535c81234842b45471
  response:
    status:
      code: 200
      message: ''
    headers:
      Content-Type:
      - application/json; charset=UTF-8
      Content-Length:
      - '8743'
      X-Openstack-Request-Id:
      - req-ebfc5fbd-5c76-4007-81a9-7b34c87066fd
      Date:
      - Tue, 10 Mar 2015 11:55:20 GMT
    body:
      encoding: UTF-8
      string: '{"stack": {"parent": null, "disable_rollback": true, "description":
        "No description", "links": [{"href": "http://192.0.2.1:8004/v1/fa036029460349efad5dc3722c3073b2/stacks/overcloud/84c80a95-11ac-40c3-8ff9-4836378424d7",
        "rel": "self"}], "stack_status_reason": "Stack successfully updated", "stack_name":
        "overcloud", "outputs": [{"output_value": "http://192.0.2.7:5000/v2.0/", "description":
        "URL for the Overcloud Keystone service", "output_key": "KeystoneURL"}], "stack_owner":
        "admin", "creation_time": "2015-03-09T17:07:38Z", "capabilities": [], "notification_topics":
        [], "updated_time": "2015-03-10T10:53:32Z", "timeout_mins": 60, "stack_status":
        "UPDATE_COMPLETE", "parameters": {"compute-1::NeutronBridgeMappings": "",
        "cinder-storage-1::CinderPassword": "******", "controller-1::RabbitPassword":
        "******", "controller-1::KeystoneSigningCertificate": "-----BEGIN CERTIFICATE-----\nMIIDJDCCAgygAwIBAgIBAjANBgkqhkiG9w0BAQUFADBTMQswCQYDVQQGEwJYWDEO\nMAwGA1UECBMFVW5zZXQxDjAMBgNVBAcTBVVuc2V0MQ4wDAYDVQQKEwVVbnNldDEU\nMBIGA1UEAxMLS2V5c3RvbmUgQ0EwHhcNMTUwMzA5MTcwNzI5WhcNMjUwMzA2MTcw\nNzI5WjBYMQswCQYDVQQGEwJYWDEOMAwGA1UECBMFVW5zZXQxDjAMBgNVBAcTBVVu\nc2V0MQ4wDAYDVQQKEwVVbnNldDEZMBcGA1UEAxMQS2V5c3RvbmUgU2lnbmluZzCC\nASIwDQYJKoZIhvcNAQEBBQADggEPADCCAQoCggEBAJiTehymrqrxV3W0QGBUhHmP\nyV6AcZBSsd+b+R5oahOw+z6vWVRKBfdMIW652IGONjSgNoah/aeRApLWQDsLy1Gj\nbjOCEWB4Po6RmPX8DmnqbY9joTVSCTsPVCnB7U5oSgUQRWhVW77piremtnQ0BV30\nUUiTgDernawuiFrJ/KSwaIelOBpeeMzEH/v4a7RxMOfGMjtsqH3SJexybxhfdm3g\nxNNovQWs0VkGTkrmaIJbqimtFfZUBr22z45nGWdguREWuiMeVUGiK/TT3KklU/sb\nuSccNiy5RMEQWzgHBAyx6S05dnoMKOUeiRzL5KqvwiDhUf1u5XAGB3hEZ1d1ai0C\nAwEAATANBgkqhkiG9w0BAQUFAAOCAQEAFbWX66eqisHkryqKiEGleg2d0zYOX7EV\n5gJiKJqFXZSbumCFvBfb4JdEkmU1dXAF8tEUfIrsQToK1sitQBargUk3I1l6oadJ\nbkn5C6Kg7TTBjUCgKcjqCAeWoHyjqEXwr1wOk5AkISY1iDHUHGE3DHCrLb5EwNTF\nEngfmHx0eV6oaHELSd92h/nCWfHI3EDLEGMn6MIkBxyNgkSGetrw2ctKSr78wRIp\nTioqjdnxEUcMG+K4PWmQroF/Ix7JT4BCNNaaDbYe+Fb41pihWDfr42z3BvNC9j3Q\nEMssYPIJ5ri7ticAAX8NOl/xNP8YqyeRADrLVQGA89m79vLgk8foPg==\n-----END
        CERTIFICATE-----", "controller-1::ExtraConfig": "{}", "compute-1::Flavor":
        "baremetal", "cinder-storage-1::SnmpdReadonlyUserName": "ro_snmp_user", "controller-1::GlanceProtocol":
        "http", "NeutronPublicInterfaceTag": "", "controller-1::HeatPassword": "******",
        "compute-1::SnmpdReadonlyUserName": "ro_snmp_user", "compute-1::NeutronTunnelTypes":
        "gre", "ControlFixedIPs": "[]", "controller-1::NeutronPassword": "******",
        "controller-1::SwiftPartPower": "10", "controller-1::SwiftHashSuffix": "******",
        "swift-storage-1::Password": "******", "controller-1::NtpServer": "", "compute-1::NovaPassword":
        "******", "PublicVirtualFixedIPs": "[]", "Debug": "", "controller-1::SwiftReplicas":
        "1", "cinder-storage-1::AdminPassword": "eb3e40e78c49382d8a321d9fdae41c887c30b271",
        "DefaultSignalTransport": "CFN_SIGNAL", "controller-1::GlanceNotifierStrategy":
        "noop", "controller-1::CinderPassword": "******", "controller-1::CinderISCSIHelper":
        "lioadm", "controller-1::NeutronFlatNetworks": "", "compute-1::Image": "3ec3eed0-2b6e-42fd-8d79-99eab68f9515",
        "cinder-storage-1::ExtraConfig": "{}", "swift-storage-1::ExtraConfig": "{}",
        "compute-1::CeilometerComputeAgent": "", "controller-1::SnmpdReadonlyUserName":
        "ro_snmp_user", "swift-storage-1::PartPower": "10", "controller-1::CeilometerPassword":
        "******", "compute-1::NeutronNetworkVLANRanges": "datacentre", "controller-1::SSLKey":
        "******", "controller-1::NeutronPublicInterfaceTag": "", "controller-1::CloudName":
        "overcloud", "cinder-storage-1::RabbitUserName": "", "controller-1::MysqlInnodbBufferPoolSize":
        "0", "cinder-storage-1::CinderLVMLoopDeviceSize": "5000", "controller-1::NeutronEnableTunnelling":
        "True", "controller-1::ControlVirtualInterface": "br-ex", "compute-1::LiveUpdateComputeImage":
        "", "swift-storage-1::count": "0", "swift-storage-1::Replicas": "1", "compute-1::NovaComputeDriver":
        "libvirt.LibvirtDriver", "compute-1::NeutronL3HA": "False", "swift-storage-1::Image":
        "d62577b0-f9e4-4240-b3b7-83e16c663f3c", "controller-1::NeutronBridgeMappings":
        "", "controller-1::AdminPassword": "******", "controller-1::CeilometerMeteringSecret":
        "******", "compute-1::GlanceProtocol": "http", "RabbitCookieSalt": "unset",
        "compute-1::RabbitPassword": "******", "compute-1::NeutronPassword": "******",
        "compute-1::CeilometerMeteringSecret": "******", "cinder-storage-1::GlancePort":
        "9292", "cinder-storage-1::RabbitPassword": "", "cinder-storage-1::CinderISCSIHelper":
        "lioadm", "swift-storage-1::SnmpdReadonlyUserName": "ro_snmp_user", "controller-1::KeyName":
        "default", "compute-1::LiveUpdateUserName": "", "controller-1::NeutronPublicInterfaceDefaultRoute":
        "", "compute-1::KeyName": "default", "controller-1::RabbitUserName": "guest",
        "controller-1::Debug": "", "controller-1::SSLCertificate": "******", "compute-1::LiveUpdatePassword":
        "******", "controller-1::ImageUpdatePolicy": "REBUILD_PRESERVE_EPHEMERAL",
        "compute-1::NeutronPhysicalBridge": "", "PublicVirtualNetwork": "ctlplane",
        "swift-storage-1::Flavor": "baremetal", "controller-1::CinderLVMLoopDeviceSize":
        "5000", "controller-1::SwiftPassword": "******", "controller-1::count": "1",
        "compute-1::GlancePort": "9292", "controller-1::NeutronL3HA": "False", "compute-1::ExtraConfig":
        "{}", "compute-1::RabbitUserName": "guest", "swift-storage-1::NeutronNetworkType":
        "gre", "compute-1::LiveUpdateHost": "", "compute-1::NeutronFlatNetworks":
        "", "compute-1::ImageUpdatePolicy": "REBUILD_PRESERVE_EPHEMERAL", "compute-1::LiveUpdateTenantName":
        "", "OS::stack_id": "84c80a95-11ac-40c3-8ff9-4836378424d7", "controller-1::HeatStackDomainAdminPassword":
        "******", "compute-1::NeutronPublicInterface": "eth0", "cinder-storage-1::KeyName":
        "default", "controller-1::ControllerExtraConfig": "{}", "controller-1::NeutronPublicInterfaceIP":
        "", "controller-1::Image": "6068f62b-5540-4556-9fae-8f11ce4fe39b", "controller-1::AdminToken":
        "******", "compute-1::NeutronEnableTunnelling": "True", "controller-1::KeystoneSigningKey":
        "******", "controller-1::NeutronNetworkVLANRanges": "datacentre", "controller-1::GlancePassword":
        "******", "compute-1::CeilometerPassword": "******", "controller-1::NeutronNetworkType":
        "gre", "compute-1::count": "3", "controller-1::SSLCACertificate": "", "swift-storage-1::KeyName":
        "default", "compute-1::NtpServer": "", "compute-1::NovaComputeLibvirtType":
        "qemu", "controller-1::SnmpdReadonlyUserPassword": "******", "compute-1::AdminPassword":
        "******", "compute-1::Debug": "", "NeutronControlPlaneID": "ec7a898c-7092-46da-b7e5-5a11d89da9dd",
        "controller-1::NovaPassword": "******", "controller-1::GlancePort": "9292",
        "swift-storage-1::SnmpdReadonlyUserPassword": "******", "OS::stack_name":
        "overcloud", "controller-1::NeutronDnsmasqOptions": "dhcp-option-force=26,1400",
        "controller-1::NeutronPublicInterfaceRawDevice": "", "compute-1::SnmpdReadonlyUserPassword":
        "******", "cinder-storage-1::SnmpdReadonlyUserPassword": "******", "controller-1::PublicVirtualInterface":
        "br-ex", "controller-1::KeystoneCACertificate": "-----BEGIN CERTIFICATE-----\nMIIDNzCCAh+gAwIBAgIBATANBgkqhkiG9w0BAQUFADBTMQswCQYDVQQGEwJYWDEO\nMAwGA1UECBMFVW5zZXQxDjAMBgNVBAcTBVVuc2V0MQ4wDAYDVQQKEwVVbnNldDEU\nMBIGA1UEAxMLS2V5c3RvbmUgQ0EwHhcNMTUwMzA5MTcwNzI5WhcNMjUwMzA2MTcw\nNzI5WjBTMQswCQYDVQQGEwJYWDEOMAwGA1UECBMFVW5zZXQxDjAMBgNVBAcTBVVu\nc2V0MQ4wDAYDVQQKEwVVbnNldDEUMBIGA1UEAxMLS2V5c3RvbmUgQ0EwggEiMA0G\nCSqGSIb3DQEBAQUAA4IBDwAwggEKAoIBAQC2HeACZ94kyUI6f7u9SlmC0IN6cPJc\nLQUPzTg9CvGHS4KBbzPJTy9sa5YLxqri0bGRmMZh7VTXlKUjEUCdVtnnVb6q22IO\n8j5UfHPE+goR5vILJ+PkVYFqe3MiGMi4TlcYiLH5+ZpLby8t/jSOnFKybbrPhBjO\nJvzHGmRXhsB6KtfBe8M2WUs9WTiH5kiQvj3Zwq8xb5r7qW8YE6hgqa5r/aN7nNnN\nK5Ap+2/7rqU3rOT+qzKjKCox7qALq+kSrNbInjliZmt0WXAG/tZq1ODJ9vktVs0J\nD5fhVFuH4xiWHU5lr6Mi1xXE+xTxRjY7X2E9olCOwnL9sJt2Y1VAFdEbAgMBAAGj\nFjAUMBIGA1UdEwEB/wQIMAYBAf8CAQAwDQYJKoZIhvcNAQEFBQADggEBAETbUGEX\nSO1Sy/gjHdrRdRpTw3jWieGCDPa6NsnpJiW9rW+seA13+Zk6jZbBTqtHwAslN6LQ\nVDad89begSJyh9RYObgmUjEP+9HR9I7imsISe+jgoWAg1ncvvUnwtpW31SYBGuYN\nJoUD7v8Ru3p9LfpG2viq4RhYpQ8Yo2bUaqq3M//n+rNZVY8tliqRWfbV2xilNGwM\nzcCuJKcVkT9ta6Xo5OQN9pS1ofNlpEug4b8uiyAenQMOMaEDQhEX6Y0viuoa/nXP\nJ3rx+cUVG1nQYDwQrvcF8n9k/it+QoeZ2xa442hUXDcXd/5mjRAzvA7J9tcmkFyi\nU+576S+Fu8Esg0g=\n-----END
        CERTIFICATE-----", "compute-1::NovaComputeExtraConfig": "{}", "controller-1::Flavor":
        "baremetal", "swift-storage-1::HashSuffix": "******", "controller-1::NeutronTunnelTypes":
        "gre", "compute-1::NeutronNetworkType": "gre", "cinder-storage-1::Image":
        "77682b0b-5eba-41da-b996-943153f327ac", "controller-1::NeutronPublicInterface":
        "eth0", "swift-storage-1::NeutronEnableTunnelling": "True", "cinder-storage-1::count":
        "0", "cinder-storage-1::Flavor": "baremetal", "controller-1::GlanceLogFile":
        ""}, "id": "84c80a95-11ac-40c3-8ff9-4836378424d7", "template_description":
        "No description"}}'
    http_version: 
  recorded_at: Tue, 10 Mar 2015 11:55:20 GMT
- request:
    method: get
    uri: http://192.0.2.1:8004/v1/fa036029460349efad5dc3722c3073b2/stacks/overcloud/84c80a95-11ac-40c3-8ff9-4836378424d7/resources?nested_depth=50
    body:
      encoding: US-ASCII
      string: ''
    headers:
      User-Agent:
      - fog/1.27.0 fog-core/1.29.0
      Content-Type:
      - application/json
      Accept:
      - application/json
      X-Auth-Token:
      - 8352f4f3134d4e14b1677d950da87de8
      X-Auth-User:
      - admin
      X-Auth-Key:
      - a280e99820b2e01a42acc9535c81234842b45471
  response:
    status:
      code: 200
      message: ''
    headers:
      Content-Type:
      - application/json; charset=UTF-8
      Content-Length:
      - '50039'
      X-Openstack-Request-Id:
      - req-16dcc03e-3c77-4226-a9f2-fd4d392b80ef
      Date:
      - Tue, 10 Mar 2015 11:55:20 GMT
    body:
      encoding: UTF-8
      string: '{"resources": [{"resource_name": "SwiftDevicesAndProxyConfig", "links":
        [{"href": "http://192.0.2.1:8004/v1/fa036029460349efad5dc3722c3073b2/stacks/overcloud/84c80a95-11ac-40c3-8ff9-4836378424d7/resources/SwiftDevicesAndProxyConfig",
        "rel": "self"}, {"href": "http://192.0.2.1:8004/v1/fa036029460349efad5dc3722c3073b2/stacks/overcloud/84c80a95-11ac-40c3-8ff9-4836378424d7",
        "rel": "stack"}], "logical_resource_id": "SwiftDevicesAndProxyConfig", "resource_status":
        "CREATE_COMPLETE", "updated_time": "2015-03-09T17:11:50Z", "required_by":
        ["ControllerSwiftDeployment", "ObjectStorageSwiftDeployment"], "resource_status_reason":
        "state changed", "physical_resource_id": "31bf0c15-99dc-4f58-bccd-489bef746442",
        "resource_type": "OS::Heat::StructuredConfig"}, {"resource_name": "controller-1-servers",
        "links": [{"href": "http://192.0.2.1:8004/v1/fa036029460349efad5dc3722c3073b2/stacks/overcloud/84c80a95-11ac-40c3-8ff9-4836378424d7/resources/controller-1-servers",
        "rel": "self"}, {"href": "http://192.0.2.1:8004/v1/fa036029460349efad5dc3722c3073b2/stacks/overcloud/84c80a95-11ac-40c3-8ff9-4836378424d7",
        "rel": "stack"}, {"href": "http://192.0.2.1:8004/v1/fa036029460349efad5dc3722c3073b2/stacks/overcloud-controller-1-servers-jjbhay7h27gb/9e2a0553-3f3e-4c03-bb34-8d066e080f15",
        "rel": "nested"}], "logical_resource_id": "controller-1-servers", "resource_status":
        "UPDATE_COMPLETE", "updated_time": "2015-03-10T10:53:38Z", "required_by":
        ["ControllerClusterDeployment", "ControllerAllNodesDeployment", "ControllerBootstrapNodeDeployment",
        "SwiftDevicesAndProxyConfig", "allNodesConfig", "ControllerClusterConfig",
        "ControllerSwiftDeployment", "ControllerBootstrapNodeConfig"], "resource_status_reason":
        "state changed", "physical_resource_id": "9e2a0553-3f3e-4c03-bb34-8d066e080f15",
        "resource_type": "OS::Heat::ResourceGroup"}, {"parent_resource": "controller-1-servers",
        "resource_name": "0", "links": [{"href": "http://192.0.2.1:8004/v1/fa036029460349efad5dc3722c3073b2/stacks/overcloud-controller-1-servers-jjbhay7h27gb/9e2a0553-3f3e-4c03-bb34-8d066e080f15/resources/0",
        "rel": "self"}, {"href": "http://192.0.2.1:8004/v1/fa036029460349efad5dc3722c3073b2/stacks/overcloud-controller-1-servers-jjbhay7h27gb/9e2a0553-3f3e-4c03-bb34-8d066e080f15",
        "rel": "stack"}, {"href": "http://192.0.2.1:8004/v1/fa036029460349efad5dc3722c3073b2/stacks/overcloud-controller-1-servers-jjbhay7h27gb-0-pv4rr4umrrgo/990db97e-dc1f-4c92-9250-179ac6bffa72",
        "rel": "nested"}], "logical_resource_id": "0", "resource_status_reason": "state
        changed", "updated_time": "2015-03-10T10:53:40Z", "required_by": [], "resource_status":
        "UPDATE_COMPLETE", "physical_resource_id": "990db97e-dc1f-4c92-9250-179ac6bffa72",
        "resource_type": "Tuskar::controller-1"}, {"parent_resource": "0", "resource_name":
        "ControllerSSLDeployment", "links": [{"href": "http://192.0.2.1:8004/v1/fa036029460349efad5dc3722c3073b2/stacks/overcloud-controller-1-servers-jjbhay7h27gb-0-pv4rr4umrrgo/990db97e-dc1f-4c92-9250-179ac6bffa72/resources/ControllerSSLDeployment",
        "rel": "self"}, {"href": "http://192.0.2.1:8004/v1/fa036029460349efad5dc3722c3073b2/stacks/overcloud-controller-1-servers-jjbhay7h27gb-0-pv4rr4umrrgo/990db97e-dc1f-4c92-9250-179ac6bffa72",
        "rel": "stack"}], "logical_resource_id": "ControllerSSLDeployment", "resource_status":
        "CREATE_COMPLETE", "updated_time": "2015-03-09T17:11:46Z", "required_by":
        [], "resource_status_reason": "state changed", "physical_resource_id": "c5e51948-13b2-411b-87fa-b850b86ee4ff",
        "resource_type": "OS::Heat::StructuredDeployment"}, {"parent_resource": "0",
        "resource_name": "ControllerPassthroughConfigSpecific", "links": [{"href":
        "http://192.0.2.1:8004/v1/fa036029460349efad5dc3722c3073b2/stacks/overcloud-controller-1-servers-jjbhay7h27gb-0-pv4rr4umrrgo/990db97e-dc1f-4c92-9250-179ac6bffa72/resources/ControllerPassthroughConfigSpecific",
        "rel": "self"}, {"href": "http://192.0.2.1:8004/v1/fa036029460349efad5dc3722c3073b2/stacks/overcloud-controller-1-servers-jjbhay7h27gb-0-pv4rr4umrrgo/990db97e-dc1f-4c92-9250-179ac6bffa72",
        "rel": "stack"}], "logical_resource_id": "ControllerPassthroughConfigSpecific",
        "resource_status": "CREATE_COMPLETE", "updated_time": "2015-03-09T17:07:44Z",
        "required_by": ["ControllerPassthroughSpecificDeployment"], "resource_status_reason":
        "state changed", "physical_resource_id": "2aa80735-06cd-4907-8a08-47169ab148d5",
        "resource_type": "OS::Heat::StructuredConfig"}, {"parent_resource": "0", "resource_name":
        "ControllerDeployment", "links": [{"href": "http://192.0.2.1:8004/v1/fa036029460349efad5dc3722c3073b2/stacks/overcloud-controller-1-servers-jjbhay7h27gb-0-pv4rr4umrrgo/990db97e-dc1f-4c92-9250-179ac6bffa72/resources/ControllerDeployment",
        "rel": "self"}, {"href": "http://192.0.2.1:8004/v1/fa036029460349efad5dc3722c3073b2/stacks/overcloud-controller-1-servers-jjbhay7h27gb-0-pv4rr4umrrgo/990db97e-dc1f-4c92-9250-179ac6bffa72",
        "rel": "stack"}], "logical_resource_id": "ControllerDeployment", "resource_status":
        "CREATE_COMPLETE", "updated_time": "2015-03-09T17:11:46Z", "required_by":
        [], "resource_status_reason": "state changed", "physical_resource_id": "04f85ead-1230-4145-817d-f8e66ca3a9fa",
        "resource_type": "OS::Heat::StructuredDeployment"}, {"parent_resource": "0",
        "resource_name": "SwiftConfig", "links": [{"href": "http://192.0.2.1:8004/v1/fa036029460349efad5dc3722c3073b2/stacks/overcloud-controller-1-servers-jjbhay7h27gb-0-pv4rr4umrrgo/990db97e-dc1f-4c92-9250-179ac6bffa72/resources/SwiftConfig",
        "rel": "self"}, {"href": "http://192.0.2.1:8004/v1/fa036029460349efad5dc3722c3073b2/stacks/overcloud-controller-1-servers-jjbhay7h27gb-0-pv4rr4umrrgo/990db97e-dc1f-4c92-9250-179ac6bffa72",
        "rel": "stack"}], "logical_resource_id": "SwiftConfig", "resource_status":
        "CREATE_COMPLETE", "updated_time": "2015-03-09T17:07:44Z", "required_by":
        ["SwiftStorageDeploy"], "resource_status_reason": "state changed", "physical_resource_id":
        "7ad7e8eb-db8f-4643-9909-48a7bb1f7693", "resource_type": "OS::Heat::StructuredConfig"},
        {"parent_resource": "0", "resource_name": "ControllerConfig", "links": [{"href":
        "http://192.0.2.1:8004/v1/fa036029460349efad5dc3722c3073b2/stacks/overcloud-controller-1-servers-jjbhay7h27gb-0-pv4rr4umrrgo/990db97e-dc1f-4c92-9250-179ac6bffa72/resources/ControllerConfig",
        "rel": "self"}, {"href": "http://192.0.2.1:8004/v1/fa036029460349efad5dc3722c3073b2/stacks/overcloud-controller-1-servers-jjbhay7h27gb-0-pv4rr4umrrgo/990db97e-dc1f-4c92-9250-179ac6bffa72",
        "rel": "stack"}], "logical_resource_id": "ControllerConfig", "resource_status":
        "CREATE_COMPLETE", "updated_time": "2015-03-09T17:07:44Z", "required_by":
        ["ControllerDeployment"], "resource_status_reason": "state changed", "physical_resource_id":
        "b04cdc33-7a8f-4618-98e4-951e73a7e655", "resource_type": "OS::Heat::StructuredConfig"},
        {"parent_resource": "0", "resource_name": "ControllerPassthroughSpecificDeployment",
        "links": [{"href": "http://192.0.2.1:8004/v1/fa036029460349efad5dc3722c3073b2/stacks/overcloud-controller-1-servers-jjbhay7h27gb-0-pv4rr4umrrgo/990db97e-dc1f-4c92-9250-179ac6bffa72/resources/ControllerPassthroughSpecificDeployment",
        "rel": "self"}, {"href": "http://192.0.2.1:8004/v1/fa036029460349efad5dc3722c3073b2/stacks/overcloud-controller-1-servers-jjbhay7h27gb-0-pv4rr4umrrgo/990db97e-dc1f-4c92-9250-179ac6bffa72",
        "rel": "stack"}], "logical_resource_id": "ControllerPassthroughSpecificDeployment",
        "resource_status": "CREATE_COMPLETE", "updated_time": "2015-03-09T17:11:48Z",
        "required_by": [], "resource_status_reason": "state changed", "physical_resource_id":
        "3ae339d6-0c47-49d7-a414-0a312c898d9b", "resource_type": "OS::Heat::StructuredDeployment"},
        {"parent_resource": "0", "resource_name": "Controller", "links": [{"href":
        "http://192.0.2.1:8004/v1/fa036029460349efad5dc3722c3073b2/stacks/overcloud-controller-1-servers-jjbhay7h27gb-0-pv4rr4umrrgo/990db97e-dc1f-4c92-9250-179ac6bffa72/resources/Controller",
        "rel": "self"}, {"href": "http://192.0.2.1:8004/v1/fa036029460349efad5dc3722c3073b2/stacks/overcloud-controller-1-servers-jjbhay7h27gb-0-pv4rr4umrrgo/990db97e-dc1f-4c92-9250-179ac6bffa72",
        "rel": "stack"}], "logical_resource_id": "Controller", "resource_status":
        "CREATE_COMPLETE", "updated_time": "2015-03-09T17:07:42Z", "required_by":
        ["ControllerDeployment", "ControllerPassthroughDeployment", "SwiftStorageDeploy",
        "ControllerSSLDeployment", "ControllerPassthroughSpecificDeployment"], "resource_status_reason":
        "state changed", "physical_resource_id": "0a00e394-be74-45b2-9046-1d81dac3d4a4",
        "resource_type": "OS::Nova::Server"}, {"parent_resource": "0", "resource_name":
        "ControllerPassthroughConfig", "links": [{"href": "http://192.0.2.1:8004/v1/fa036029460349efad5dc3722c3073b2/stacks/overcloud-controller-1-servers-jjbhay7h27gb-0-pv4rr4umrrgo/990db97e-dc1f-4c92-9250-179ac6bffa72/resources/ControllerPassthroughConfig",
        "rel": "self"}, {"href": "http://192.0.2.1:8004/v1/fa036029460349efad5dc3722c3073b2/stacks/overcloud-controller-1-servers-jjbhay7h27gb-0-pv4rr4umrrgo/990db97e-dc1f-4c92-9250-179ac6bffa72",
        "rel": "stack"}], "logical_resource_id": "ControllerPassthroughConfig", "resource_status":
        "CREATE_COMPLETE", "updated_time": "2015-03-09T17:07:42Z", "required_by":
        ["ControllerPassthroughDeployment"], "resource_status_reason": "state changed",
        "physical_resource_id": "f7ece9b3-d209-4067-9fec-e05589c4d358", "resource_type":
        "OS::Heat::StructuredConfig"}, {"parent_resource": "0", "resource_name": "ControllerPassthroughDeployment",
        "links": [{"href": "http://192.0.2.1:8004/v1/fa036029460349efad5dc3722c3073b2/stacks/overcloud-controller-1-servers-jjbhay7h27gb-0-pv4rr4umrrgo/990db97e-dc1f-4c92-9250-179ac6bffa72/resources/ControllerPassthroughDeployment",
        "rel": "self"}, {"href": "http://192.0.2.1:8004/v1/fa036029460349efad5dc3722c3073b2/stacks/overcloud-controller-1-servers-jjbhay7h27gb-0-pv4rr4umrrgo/990db97e-dc1f-4c92-9250-179ac6bffa72",
        "rel": "stack"}], "logical_resource_id": "ControllerPassthroughDeployment",
        "resource_status": "CREATE_COMPLETE", "updated_time": "2015-03-09T17:11:45Z",
        "required_by": ["ControllerPassthroughSpecificDeployment"], "resource_status_reason":
        "state changed", "physical_resource_id": "bc466ba7-88b8-4a60-be2c-881e05e00510",
        "resource_type": "OS::Heat::StructuredDeployment"}, {"parent_resource": "0",
        "resource_name": "SSLConfig", "links": [{"href": "http://192.0.2.1:8004/v1/fa036029460349efad5dc3722c3073b2/stacks/overcloud-controller-1-servers-jjbhay7h27gb-0-pv4rr4umrrgo/990db97e-dc1f-4c92-9250-179ac6bffa72/resources/SSLConfig",
        "rel": "self"}, {"href": "http://192.0.2.1:8004/v1/fa036029460349efad5dc3722c3073b2/stacks/overcloud-controller-1-servers-jjbhay7h27gb-0-pv4rr4umrrgo/990db97e-dc1f-4c92-9250-179ac6bffa72",
        "rel": "stack"}], "logical_resource_id": "SSLConfig", "resource_status": "CREATE_COMPLETE",
        "updated_time": "2015-03-09T17:07:42Z", "required_by": ["ControllerSSLDeployment"],
        "resource_status_reason": "state changed", "physical_resource_id": "f2e71f59-b0ec-4540-b8fc-874687895d54",
        "resource_type": "OS::Heat::StructuredConfig"}, {"parent_resource": "0", "resource_name":
        "SwiftStorageDeploy", "links": [{"href": "http://192.0.2.1:8004/v1/fa036029460349efad5dc3722c3073b2/stacks/overcloud-controller-1-servers-jjbhay7h27gb-0-pv4rr4umrrgo/990db97e-dc1f-4c92-9250-179ac6bffa72/resources/SwiftStorageDeploy",
        "rel": "self"}, {"href": "http://192.0.2.1:8004/v1/fa036029460349efad5dc3722c3073b2/stacks/overcloud-controller-1-servers-jjbhay7h27gb-0-pv4rr4umrrgo/990db97e-dc1f-4c92-9250-179ac6bffa72",
        "rel": "stack"}], "logical_resource_id": "SwiftStorageDeploy", "resource_status":
        "CREATE_COMPLETE", "updated_time": "2015-03-09T17:11:46Z", "required_by":
        [], "resource_status_reason": "state changed", "physical_resource_id": "82763d48-33d4-4864-87d4-a2fa096cdd86",
        "resource_type": "OS::Heat::StructuredDeployment"}, {"resource_name": "ControllerBootstrapNodeDeployment",
        "links": [{"href": "http://192.0.2.1:8004/v1/fa036029460349efad5dc3722c3073b2/stacks/overcloud/84c80a95-11ac-40c3-8ff9-4836378424d7/resources/ControllerBootstrapNodeDeployment",
        "rel": "self"}, {"href": "http://192.0.2.1:8004/v1/fa036029460349efad5dc3722c3073b2/stacks/overcloud/84c80a95-11ac-40c3-8ff9-4836378424d7",
        "rel": "stack"}, {"href": "http://192.0.2.1:8004/v1/fa036029460349efad5dc3722c3073b2/stacks/overcloud-ControllerBootstrapNodeDeployment-3oikm2kmsth2/8646f3cd-4ceb-45ce-b2c6-681fd3dcfe51",
        "rel": "nested"}], "logical_resource_id": "ControllerBootstrapNodeDeployment",
        "resource_status": "UPDATE_COMPLETE", "updated_time": "2015-03-10T10:54:01Z",
        "required_by": [], "resource_status_reason": "state changed", "physical_resource_id":
        "8646f3cd-4ceb-45ce-b2c6-681fd3dcfe51", "resource_type": "OS::Heat::StructuredDeployments"},
        {"parent_resource": "ControllerBootstrapNodeDeployment", "resource_name":
        "0", "links": [{"href": "http://192.0.2.1:8004/v1/fa036029460349efad5dc3722c3073b2/stacks/overcloud-ControllerBootstrapNodeDeployment-3oikm2kmsth2/8646f3cd-4ceb-45ce-b2c6-681fd3dcfe51/resources/0",
        "rel": "self"}, {"href": "http://192.0.2.1:8004/v1/fa036029460349efad5dc3722c3073b2/stacks/overcloud-ControllerBootstrapNodeDeployment-3oikm2kmsth2/8646f3cd-4ceb-45ce-b2c6-681fd3dcfe51",
        "rel": "stack"}], "logical_resource_id": "0", "resource_status": "CREATE_COMPLETE",
        "updated_time": "2015-03-09T17:11:52Z", "required_by": [], "resource_status_reason":
        "state changed", "physical_resource_id": "ccc13996-a14c-4dab-8555-92886403bf9f",
        "resource_type": "OS::Heat::StructuredDeployment"}, {"resource_name": "ObjectStorageSwiftDeployment",
        "links": [{"href": "http://192.0.2.1:8004/v1/fa036029460349efad5dc3722c3073b2/stacks/overcloud/84c80a95-11ac-40c3-8ff9-4836378424d7/resources/ObjectStorageSwiftDeployment",
        "rel": "self"}, {"href": "http://192.0.2.1:8004/v1/fa036029460349efad5dc3722c3073b2/stacks/overcloud/84c80a95-11ac-40c3-8ff9-4836378424d7",
        "rel": "stack"}], "logical_resource_id": "ObjectStorageSwiftDeployment", "resource_status":
        "UPDATE_COMPLETE", "updated_time": "2015-03-10T10:54:02Z", "required_by":
        [], "resource_status_reason": "state changed", "physical_resource_id": "596bd39c-5dcb-4a71-a014-d44df24a9248",
        "resource_type": "OS::Heat::StructuredDeployments"}, {"resource_name": "ControllerSwiftDeployment",
        "links": [{"href": "http://192.0.2.1:8004/v1/fa036029460349efad5dc3722c3073b2/stacks/overcloud/84c80a95-11ac-40c3-8ff9-4836378424d7/resources/ControllerSwiftDeployment",
        "rel": "self"}, {"href": "http://192.0.2.1:8004/v1/fa036029460349efad5dc3722c3073b2/stacks/overcloud/84c80a95-11ac-40c3-8ff9-4836378424d7",
        "rel": "stack"}, {"href": "http://192.0.2.1:8004/v1/fa036029460349efad5dc3722c3073b2/stacks/overcloud-ControllerSwiftDeployment-otmsygih6cjj/56add3d8-9f4a-4597-8eee-5c209a6193a9",
        "rel": "nested"}], "logical_resource_id": "ControllerSwiftDeployment", "resource_status":
        "UPDATE_COMPLETE", "updated_time": "2015-03-10T10:54:02Z", "required_by":
        [], "resource_status_reason": "state changed", "physical_resource_id": "56add3d8-9f4a-4597-8eee-5c209a6193a9",
        "resource_type": "OS::Heat::StructuredDeployments"}, {"parent_resource": "ControllerSwiftDeployment",
        "resource_name": "0", "links": [{"href": "http://192.0.2.1:8004/v1/fa036029460349efad5dc3722c3073b2/stacks/overcloud-ControllerSwiftDeployment-otmsygih6cjj/56add3d8-9f4a-4597-8eee-5c209a6193a9/resources/0",
        "rel": "self"}, {"href": "http://192.0.2.1:8004/v1/fa036029460349efad5dc3722c3073b2/stacks/overcloud-ControllerSwiftDeployment-otmsygih6cjj/56add3d8-9f4a-4597-8eee-5c209a6193a9",
        "rel": "stack"}], "logical_resource_id": "0", "resource_status": "CREATE_COMPLETE",
        "updated_time": "2015-03-09T17:11:51Z", "required_by": [], "resource_status_reason":
        "state changed", "physical_resource_id": "a33b5447-e632-42a6-a462-50e23bf405d3",
        "resource_type": "OS::Heat::StructuredDeployment"}, {"resource_name": "RabbitCookie",
        "links": [{"href": "http://192.0.2.1:8004/v1/fa036029460349efad5dc3722c3073b2/stacks/overcloud/84c80a95-11ac-40c3-8ff9-4836378424d7/resources/RabbitCookie",
        "rel": "self"}, {"href": "http://192.0.2.1:8004/v1/fa036029460349efad5dc3722c3073b2/stacks/overcloud/84c80a95-11ac-40c3-8ff9-4836378424d7",
        "rel": "stack"}], "logical_resource_id": "RabbitCookie", "resource_status":
        "CREATE_COMPLETE", "updated_time": "2015-03-09T17:07:39Z", "required_by":
        ["controller-1-servers"], "resource_status_reason": "state changed", "physical_resource_id":
        "HkmIei1Gv6TM97dq7qLe", "resource_type": "OS::Heat::RandomString"}, {"resource_name":
        "ControlVirtualIP", "links": [{"href": "http://192.0.2.1:8004/v1/fa036029460349efad5dc3722c3073b2/stacks/overcloud/84c80a95-11ac-40c3-8ff9-4836378424d7/resources/ControlVirtualIP",
        "rel": "self"}, {"href": "http://192.0.2.1:8004/v1/fa036029460349efad5dc3722c3073b2/stacks/overcloud/84c80a95-11ac-40c3-8ff9-4836378424d7",
        "rel": "stack"}], "logical_resource_id": "ControlVirtualIP", "resource_status":
        "CREATE_COMPLETE", "updated_time": "2015-03-09T17:07:38Z", "required_by":
        ["controller-1-servers", "compute-1-servers", "cinder-storage-1-servers",
        "swift-storage-1-servers"], "resource_status_reason": "state changed", "physical_resource_id":
        "bed98b6e-9063-401d-a8cc-a91354c18adc", "resource_type": "OS::Neutron::Port"},
        {"resource_name": "ControllerClusterDeployment", "links": [{"href": "http://192.0.2.1:8004/v1/fa036029460349efad5dc3722c3073b2/stacks/overcloud/84c80a95-11ac-40c3-8ff9-4836378424d7/resources/ControllerClusterDeployment",
        "rel": "self"}, {"href": "http://192.0.2.1:8004/v1/fa036029460349efad5dc3722c3073b2/stacks/overcloud/84c80a95-11ac-40c3-8ff9-4836378424d7",
        "rel": "stack"}, {"href": "http://192.0.2.1:8004/v1/fa036029460349efad5dc3722c3073b2/stacks/overcloud-ControllerClusterDeployment-vvsezhdxmvq2/e8f63203-2141-4d07-b91d-ef35d61719a3",
        "rel": "nested"}], "logical_resource_id": "ControllerClusterDeployment", "resource_status":
        "UPDATE_COMPLETE", "updated_time": "2015-03-10T10:54:01Z", "required_by":
        [], "resource_status_reason": "state changed", "physical_resource_id": "e8f63203-2141-4d07-b91d-ef35d61719a3",
        "resource_type": "OS::Heat::StructuredDeployments"}, {"parent_resource": "ControllerClusterDeployment",
        "resource_name": "0", "links": [{"href": "http://192.0.2.1:8004/v1/fa036029460349efad5dc3722c3073b2/stacks/overcloud-ControllerClusterDeployment-vvsezhdxmvq2/e8f63203-2141-4d07-b91d-ef35d61719a3/resources/0",
        "rel": "self"}, {"href": "http://192.0.2.1:8004/v1/fa036029460349efad5dc3722c3073b2/stacks/overcloud-ControllerClusterDeployment-vvsezhdxmvq2/e8f63203-2141-4d07-b91d-ef35d61719a3",
        "rel": "stack"}], "logical_resource_id": "0", "resource_status": "CREATE_COMPLETE",
        "updated_time": "2015-03-09T17:11:51Z", "required_by": [], "resource_status_reason":
        "state changed", "physical_resource_id": "d73f9eb6-2c93-408b-9889-b7a0265cf9b0",
        "resource_type": "OS::Heat::StructuredDeployment"}, {"resource_name": "ControllerBootstrapNodeConfig",
        "links": [{"href": "http://192.0.2.1:8004/v1/fa036029460349efad5dc3722c3073b2/stacks/overcloud/84c80a95-11ac-40c3-8ff9-4836378424d7/resources/ControllerBootstrapNodeConfig",
        "rel": "self"}, {"href": "http://192.0.2.1:8004/v1/fa036029460349efad5dc3722c3073b2/stacks/overcloud/84c80a95-11ac-40c3-8ff9-4836378424d7",
        "rel": "stack"}], "logical_resource_id": "ControllerBootstrapNodeConfig",
        "resource_status": "CREATE_COMPLETE", "updated_time": "2015-03-09T17:11:50Z",
        "required_by": ["ControllerBootstrapNodeDeployment"], "resource_status_reason":
        "state changed", "physical_resource_id": "78c359ac-d3cc-4086-844e-d1f498fb68fb",
        "resource_type": "OS::Heat::StructuredConfig"}, {"resource_name": "allNodesConfig",
        "links": [{"href": "http://192.0.2.1:8004/v1/fa036029460349efad5dc3722c3073b2/stacks/overcloud/84c80a95-11ac-40c3-8ff9-4836378424d7/resources/allNodesConfig",
        "rel": "self"}, {"href": "http://192.0.2.1:8004/v1/fa036029460349efad5dc3722c3073b2/stacks/overcloud/84c80a95-11ac-40c3-8ff9-4836378424d7",
        "rel": "stack"}], "logical_resource_id": "allNodesConfig", "resource_status":
        "CREATE_COMPLETE", "updated_time": "2015-03-10T10:57:14Z", "required_by":
        ["ComputeAllNodesDeployment", "ControllerAllNodesDeployment"], "resource_status_reason":
        "state changed", "physical_resource_id": "116e42ae-562e-4351-b5f6-ed794212808f",
        "resource_type": "OS::Heat::StructuredConfig"}, {"resource_name": "ControllerAllNodesDeployment",
        "links": [{"href": "http://192.0.2.1:8004/v1/fa036029460349efad5dc3722c3073b2/stacks/overcloud/84c80a95-11ac-40c3-8ff9-4836378424d7/resources/ControllerAllNodesDeployment",
        "rel": "self"}, {"href": "http://192.0.2.1:8004/v1/fa036029460349efad5dc3722c3073b2/stacks/overcloud/84c80a95-11ac-40c3-8ff9-4836378424d7",
        "rel": "stack"}, {"href": "http://192.0.2.1:8004/v1/fa036029460349efad5dc3722c3073b2/stacks/overcloud-ControllerAllNodesDeployment-7g53cf3lwwa5/649fb8de-fc96-4a83-9ede-e4b0721968cb",
        "rel": "nested"}], "logical_resource_id": "ControllerAllNodesDeployment",
        "resource_status": "UPDATE_COMPLETE", "updated_time": "2015-03-10T10:57:15Z",
        "required_by": [], "resource_status_reason": "state changed", "physical_resource_id":
        "649fb8de-fc96-4a83-9ede-e4b0721968cb", "resource_type": "OS::Heat::StructuredDeployments"},
        {"parent_resource": "ControllerAllNodesDeployment", "resource_name": "0",
        "links": [{"href": "http://192.0.2.1:8004/v1/fa036029460349efad5dc3722c3073b2/stacks/overcloud-ControllerAllNodesDeployment-7g53cf3lwwa5/649fb8de-fc96-4a83-9ede-e4b0721968cb/resources/0",
        "rel": "self"}, {"href": "http://192.0.2.1:8004/v1/fa036029460349efad5dc3722c3073b2/stacks/overcloud-ControllerAllNodesDeployment-7g53cf3lwwa5/649fb8de-fc96-4a83-9ede-e4b0721968cb",
        "rel": "stack"}], "logical_resource_id": "0", "resource_status": "UPDATE_COMPLETE",
        "updated_time": "2015-03-10T10:57:16Z", "required_by": [], "resource_status_reason":
        "state changed", "physical_resource_id": "6ebc840f-bd49-4e70-b965-5e868b4ea70f",
        "resource_type": "OS::Heat::StructuredDeployment"}, {"resource_name": "MysqlClusterUniquePart",
        "links": [{"href": "http://192.0.2.1:8004/v1/fa036029460349efad5dc3722c3073b2/stacks/overcloud/84c80a95-11ac-40c3-8ff9-4836378424d7/resources/MysqlClusterUniquePart",
        "rel": "self"}, {"href": "http://192.0.2.1:8004/v1/fa036029460349efad5dc3722c3073b2/stacks/overcloud/84c80a95-11ac-40c3-8ff9-4836378424d7",
        "rel": "stack"}], "logical_resource_id": "MysqlClusterUniquePart", "resource_status":
        "CREATE_COMPLETE", "updated_time": "2015-03-09T17:07:38Z", "required_by":
        ["controller-1-servers"], "resource_status_reason": "state changed", "physical_resource_id":
        "EqbxnAEMbN", "resource_type": "OS::Heat::RandomString"}, {"resource_name":
        "MysqlRootPassword", "links": [{"href": "http://192.0.2.1:8004/v1/fa036029460349efad5dc3722c3073b2/stacks/overcloud/84c80a95-11ac-40c3-8ff9-4836378424d7/resources/MysqlRootPassword",
        "rel": "self"}, {"href": "http://192.0.2.1:8004/v1/fa036029460349efad5dc3722c3073b2/stacks/overcloud/84c80a95-11ac-40c3-8ff9-4836378424d7",
        "rel": "stack"}], "logical_resource_id": "MysqlRootPassword", "resource_status":
        "CREATE_COMPLETE", "updated_time": "2015-03-09T17:07:38Z", "required_by":
        ["controller-1-servers"], "resource_status_reason": "state changed", "physical_resource_id":
        "gsY1UCm6Mm", "resource_type": "OS::Heat::RandomString"}, {"resource_name":
        "PublicVirtualIP", "links": [{"href": "http://192.0.2.1:8004/v1/fa036029460349efad5dc3722c3073b2/stacks/overcloud/84c80a95-11ac-40c3-8ff9-4836378424d7/resources/PublicVirtualIP",
        "rel": "self"}, {"href": "http://192.0.2.1:8004/v1/fa036029460349efad5dc3722c3073b2/stacks/overcloud/84c80a95-11ac-40c3-8ff9-4836378424d7",
        "rel": "stack"}], "logical_resource_id": "PublicVirtualIP", "resource_status":
        "CREATE_COMPLETE", "updated_time": "2015-03-09T17:07:38Z", "required_by":
        ["controller-1-servers", "compute-1-servers"], "resource_status_reason": "state
        changed", "physical_resource_id": "cd4dbe67-7dc4-4042-becd-da070e430767",
        "resource_type": "OS::Neutron::Port"}, {"resource_name": "swift-storage-1-servers",
        "links": [{"href": "http://192.0.2.1:8004/v1/fa036029460349efad5dc3722c3073b2/stacks/overcloud/84c80a95-11ac-40c3-8ff9-4836378424d7/resources/swift-storage-1-servers",
        "rel": "self"}, {"href": "http://192.0.2.1:8004/v1/fa036029460349efad5dc3722c3073b2/stacks/overcloud/84c80a95-11ac-40c3-8ff9-4836378424d7",
        "rel": "stack"}], "logical_resource_id": "swift-storage-1-servers", "resource_status":
        "UPDATE_COMPLETE", "updated_time": "2015-03-10T10:53:38Z", "required_by":
        ["SwiftDevicesAndProxyConfig", "ObjectStorageSwiftDeployment", "allNodesConfig"],
        "resource_status_reason": "state changed", "physical_resource_id": "76a86d59-9215-484d-b581-00dcbf9930b0",
        "resource_type": "OS::Heat::ResourceGroup"}, {"resource_name": "ControllerClusterConfig",
        "links": [{"href": "http://192.0.2.1:8004/v1/fa036029460349efad5dc3722c3073b2/stacks/overcloud/84c80a95-11ac-40c3-8ff9-4836378424d7/resources/ControllerClusterConfig",
        "rel": "self"}, {"href": "http://192.0.2.1:8004/v1/fa036029460349efad5dc3722c3073b2/stacks/overcloud/84c80a95-11ac-40c3-8ff9-4836378424d7",
        "rel": "stack"}], "logical_resource_id": "ControllerClusterConfig", "resource_status":
        "CREATE_COMPLETE", "updated_time": "2015-03-09T17:11:49Z", "required_by":
        ["ControllerClusterDeployment"], "resource_status_reason": "state changed",
        "physical_resource_id": "2879b2df-b17c-4381-8861-28cdbcdde8e9", "resource_type":
        "OS::Heat::StructuredConfig"}, {"resource_name": "cinder-storage-1-servers",
        "links": [{"href": "http://192.0.2.1:8004/v1/fa036029460349efad5dc3722c3073b2/stacks/overcloud/84c80a95-11ac-40c3-8ff9-4836378424d7/resources/cinder-storage-1-servers",
        "rel": "self"}, {"href": "http://192.0.2.1:8004/v1/fa036029460349efad5dc3722c3073b2/stacks/overcloud/84c80a95-11ac-40c3-8ff9-4836378424d7",
        "rel": "stack"}], "logical_resource_id": "cinder-storage-1-servers", "resource_status":
        "UPDATE_COMPLETE", "updated_time": "2015-03-10T10:53:38Z", "required_by":
        ["allNodesConfig"], "resource_status_reason": "state changed", "physical_resource_id":
        "aa3d1234-749a-425a-b1ac-c2d8f5651ce0", "resource_type": "OS::Heat::ResourceGroup"},
        {"resource_name": "ComputeAllNodesDeployment", "links": [{"href": "http://192.0.2.1:8004/v1/fa036029460349efad5dc3722c3073b2/stacks/overcloud/84c80a95-11ac-40c3-8ff9-4836378424d7/resources/ComputeAllNodesDeployment",
        "rel": "self"}, {"href": "http://192.0.2.1:8004/v1/fa036029460349efad5dc3722c3073b2/stacks/overcloud/84c80a95-11ac-40c3-8ff9-4836378424d7",
        "rel": "stack"}, {"href": "http://192.0.2.1:8004/v1/fa036029460349efad5dc3722c3073b2/stacks/overcloud-ComputeAllNodesDeployment-uklmdk7vlxy2/d403cc17-f66d-4a2a-8440-1c162c4f024f",
        "rel": "nested"}], "logical_resource_id": "ComputeAllNodesDeployment", "resource_status":
        "UPDATE_COMPLETE", "updated_time": "2015-03-10T10:57:15Z", "required_by":
        [], "resource_status_reason": "state changed", "physical_resource_id": "d403cc17-f66d-4a2a-8440-1c162c4f024f",
        "resource_type": "OS::Heat::StructuredDeployments"}, {"parent_resource": "ComputeAllNodesDeployment",
        "resource_name": "1", "links": [{"href": "http://192.0.2.1:8004/v1/fa036029460349efad5dc3722c3073b2/stacks/overcloud-ComputeAllNodesDeployment-uklmdk7vlxy2/d403cc17-f66d-4a2a-8440-1c162c4f024f/resources/1",
        "rel": "self"}, {"href": "http://192.0.2.1:8004/v1/fa036029460349efad5dc3722c3073b2/stacks/overcloud-ComputeAllNodesDeployment-uklmdk7vlxy2/d403cc17-f66d-4a2a-8440-1c162c4f024f",
        "rel": "stack"}], "logical_resource_id": "1", "resource_status": "UPDATE_COMPLETE",
        "updated_time": "2015-03-10T10:57:17Z", "required_by": [], "resource_status_reason":
        "state changed", "physical_resource_id": "042d3b7a-5605-4899-a6e0-77f3e937c896",
        "resource_type": "OS::Heat::StructuredDeployment"}, {"parent_resource": "ComputeAllNodesDeployment",
        "resource_name": "0", "links": [{"href": "http://192.0.2.1:8004/v1/fa036029460349efad5dc3722c3073b2/stacks/overcloud-ComputeAllNodesDeployment-uklmdk7vlxy2/d403cc17-f66d-4a2a-8440-1c162c4f024f/resources/0",
        "rel": "self"}, {"href": "http://192.0.2.1:8004/v1/fa036029460349efad5dc3722c3073b2/stacks/overcloud-ComputeAllNodesDeployment-uklmdk7vlxy2/d403cc17-f66d-4a2a-8440-1c162c4f024f",
        "rel": "stack"}], "logical_resource_id": "0", "resource_status": "UPDATE_COMPLETE",
        "updated_time": "2015-03-10T10:57:17Z", "required_by": [], "resource_status_reason":
        "state changed", "physical_resource_id": "a6ef2fa4-e263-44cb-821b-4c4dbf15ea01",
        "resource_type": "OS::Heat::StructuredDeployment"}, {"parent_resource": "ComputeAllNodesDeployment",
        "resource_name": "2", "links": [{"href": "http://192.0.2.1:8004/v1/fa036029460349efad5dc3722c3073b2/stacks/overcloud-ComputeAllNodesDeployment-uklmdk7vlxy2/d403cc17-f66d-4a2a-8440-1c162c4f024f/resources/2",
        "rel": "self"}, {"href": "http://192.0.2.1:8004/v1/fa036029460349efad5dc3722c3073b2/stacks/overcloud-ComputeAllNodesDeployment-uklmdk7vlxy2/d403cc17-f66d-4a2a-8440-1c162c4f024f",
        "rel": "stack"}], "logical_resource_id": "2", "resource_status": "CREATE_COMPLETE",
        "updated_time": "2015-03-10T10:57:17Z", "required_by": [], "resource_status_reason":
        "state changed", "physical_resource_id": "f0ce4254-bfc0-48c7-812c-0f81435544eb",
        "resource_type": "OS::Heat::StructuredDeployment"}, {"resource_name": "compute-1-servers",
        "links": [{"href": "http://192.0.2.1:8004/v1/fa036029460349efad5dc3722c3073b2/stacks/overcloud/84c80a95-11ac-40c3-8ff9-4836378424d7/resources/compute-1-servers",
        "rel": "self"}, {"href": "http://192.0.2.1:8004/v1/fa036029460349efad5dc3722c3073b2/stacks/overcloud/84c80a95-11ac-40c3-8ff9-4836378424d7",
        "rel": "stack"}, {"href": "http://192.0.2.1:8004/v1/fa036029460349efad5dc3722c3073b2/stacks/overcloud-compute-1-servers-xssv7ikhkik6/deafd23e-9839-410d-ad13-f4533297bc29",
        "rel": "nested"}], "logical_resource_id": "compute-1-servers", "resource_status":
        "UPDATE_COMPLETE", "updated_time": "2015-03-10T10:53:38Z", "required_by":
        ["ComputeAllNodesDeployment", "allNodesConfig"], "resource_status_reason":
        "state changed", "physical_resource_id": "deafd23e-9839-410d-ad13-f4533297bc29",
        "resource_type": "OS::Heat::ResourceGroup"}, {"parent_resource": "compute-1-servers",
        "resource_name": "1", "links": [{"href": "http://192.0.2.1:8004/v1/fa036029460349efad5dc3722c3073b2/stacks/overcloud-compute-1-servers-xssv7ikhkik6/deafd23e-9839-410d-ad13-f4533297bc29/resources/1",
        "rel": "self"}, {"href": "http://192.0.2.1:8004/v1/fa036029460349efad5dc3722c3073b2/stacks/overcloud-compute-1-servers-xssv7ikhkik6/deafd23e-9839-410d-ad13-f4533297bc29",
        "rel": "stack"}, {"href": "http://192.0.2.1:8004/v1/fa036029460349efad5dc3722c3073b2/stacks/overcloud-compute-1-servers-xssv7ikhkik6-1-ciwmrbrsab3q/05a6628c-77df-47a1-8714-55979cf26b86",
        "rel": "nested"}], "logical_resource_id": "1", "resource_status_reason": "state
        changed", "updated_time": "2015-03-10T10:53:40Z", "required_by": [], "resource_status":
        "UPDATE_COMPLETE", "physical_resource_id": "05a6628c-77df-47a1-8714-55979cf26b86",
        "resource_type": "Tuskar::compute-1"}, {"parent_resource": "1", "resource_name":
        "NovaComputePassthroughDeployment", "links": [{"href": "http://192.0.2.1:8004/v1/fa036029460349efad5dc3722c3073b2/stacks/overcloud-compute-1-servers-xssv7ikhkik6-1-ciwmrbrsab3q/05a6628c-77df-47a1-8714-55979cf26b86/resources/NovaComputePassthroughDeployment",
        "rel": "self"}, {"href": "http://192.0.2.1:8004/v1/fa036029460349efad5dc3722c3073b2/stacks/overcloud-compute-1-servers-xssv7ikhkik6-1-ciwmrbrsab3q/05a6628c-77df-47a1-8714-55979cf26b86",
        "rel": "stack"}], "logical_resource_id": "NovaComputePassthroughDeployment",
        "resource_status": "CREATE_COMPLETE", "updated_time": "2015-03-10T08:49:14Z",
        "required_by": ["NovaComputePassthroughDeploymentSpecific"], "resource_status_reason":
        "state changed", "physical_resource_id": "e97c9883-37bc-4a5d-92d4-9c75fe2972e1",
        "resource_type": "OS::Heat::StructuredDeployment"}, {"parent_resource": "1",
        "resource_name": "NovaComputePassthroughSpecific", "links": [{"href": "http://192.0.2.1:8004/v1/fa036029460349efad5dc3722c3073b2/stacks/overcloud-compute-1-servers-xssv7ikhkik6-1-ciwmrbrsab3q/05a6628c-77df-47a1-8714-55979cf26b86/resources/NovaComputePassthroughSpecific",
        "rel": "self"}, {"href": "http://192.0.2.1:8004/v1/fa036029460349efad5dc3722c3073b2/stacks/overcloud-compute-1-servers-xssv7ikhkik6-1-ciwmrbrsab3q/05a6628c-77df-47a1-8714-55979cf26b86",
        "rel": "stack"}], "logical_resource_id": "NovaComputePassthroughSpecific",
        "resource_status": "CREATE_COMPLETE", "updated_time": "2015-03-10T08:35:34Z",
        "required_by": ["NovaComputePassthroughDeploymentSpecific"], "resource_status_reason":
        "state changed", "physical_resource_id": "7407d144-6b9d-425a-8a0d-b193bb829db2",
        "resource_type": "OS::Heat::StructuredConfig"}, {"parent_resource": "1", "resource_name":
        "NovaCompute", "links": [{"href": "http://192.0.2.1:8004/v1/fa036029460349efad5dc3722c3073b2/stacks/overcloud-compute-1-servers-xssv7ikhkik6-1-ciwmrbrsab3q/05a6628c-77df-47a1-8714-55979cf26b86/resources/NovaCompute",
        "rel": "self"}, {"href": "http://192.0.2.1:8004/v1/fa036029460349efad5dc3722c3073b2/stacks/overcloud-compute-1-servers-xssv7ikhkik6-1-ciwmrbrsab3q/05a6628c-77df-47a1-8714-55979cf26b86",
        "rel": "stack"}], "logical_resource_id": "NovaCompute", "resource_status":
        "CREATE_COMPLETE", "updated_time": "2015-03-10T08:35:33Z", "required_by":
        ["NovaComputeDeployment", "NovaComputePassthroughDeployment", "NovaComputePassthroughDeploymentSpecific"],
        "resource_status_reason": "state changed", "physical_resource_id": "31fac73a-90d0-44ef-b3ef-014b43f735e8",
        "resource_type": "OS::Nova::Server"}, {"parent_resource": "1", "resource_name":
        "NovaComputePassthroughDeploymentSpecific", "links": [{"href": "http://192.0.2.1:8004/v1/fa036029460349efad5dc3722c3073b2/stacks/overcloud-compute-1-servers-xssv7ikhkik6-1-ciwmrbrsab3q/05a6628c-77df-47a1-8714-55979cf26b86/resources/NovaComputePassthroughDeploymentSpecific",
        "rel": "self"}, {"href": "http://192.0.2.1:8004/v1/fa036029460349efad5dc3722c3073b2/stacks/overcloud-compute-1-servers-xssv7ikhkik6-1-ciwmrbrsab3q/05a6628c-77df-47a1-8714-55979cf26b86",
        "rel": "stack"}], "logical_resource_id": "NovaComputePassthroughDeploymentSpecific",
        "resource_status": "CREATE_COMPLETE", "updated_time": "2015-03-10T08:49:16Z",
        "required_by": [], "resource_status_reason": "state changed", "physical_resource_id":
        "645ed446-9f83-4da9-89e7-4050a3e4b206", "resource_type": "OS::Heat::StructuredDeployment"},
        {"parent_resource": "1", "resource_name": "NovaComputeDeployment", "links":
        [{"href": "http://192.0.2.1:8004/v1/fa036029460349efad5dc3722c3073b2/stacks/overcloud-compute-1-servers-xssv7ikhkik6-1-ciwmrbrsab3q/05a6628c-77df-47a1-8714-55979cf26b86/resources/NovaComputeDeployment",
        "rel": "self"}, {"href": "http://192.0.2.1:8004/v1/fa036029460349efad5dc3722c3073b2/stacks/overcloud-compute-1-servers-xssv7ikhkik6-1-ciwmrbrsab3q/05a6628c-77df-47a1-8714-55979cf26b86",
        "rel": "stack"}], "logical_resource_id": "NovaComputeDeployment", "resource_status":
        "CREATE_COMPLETE", "updated_time": "2015-03-10T08:49:12Z", "required_by":
        ["NovaComputePassthroughDeployment"], "resource_status_reason": "state changed",
        "physical_resource_id": "223da13c-f22d-4d04-8981-154b3224bf50", "resource_type":
        "OS::Heat::StructuredDeployment"}, {"parent_resource": "1", "resource_name":
        "NovaComputeConfig", "links": [{"href": "http://192.0.2.1:8004/v1/fa036029460349efad5dc3722c3073b2/stacks/overcloud-compute-1-servers-xssv7ikhkik6-1-ciwmrbrsab3q/05a6628c-77df-47a1-8714-55979cf26b86/resources/NovaComputeConfig",
        "rel": "self"}, {"href": "http://192.0.2.1:8004/v1/fa036029460349efad5dc3722c3073b2/stacks/overcloud-compute-1-servers-xssv7ikhkik6-1-ciwmrbrsab3q/05a6628c-77df-47a1-8714-55979cf26b86",
        "rel": "stack"}], "logical_resource_id": "NovaComputeConfig", "resource_status":
        "CREATE_COMPLETE", "updated_time": "2015-03-10T08:35:34Z", "required_by":
        ["NovaComputeDeployment"], "resource_status_reason": "state changed", "physical_resource_id":
        "655d4041-aae7-483b-9718-6e05cc3dab17", "resource_type": "OS::Heat::StructuredConfig"},
        {"parent_resource": "1", "resource_name": "NovaComputePassthrough", "links":
        [{"href": "http://192.0.2.1:8004/v1/fa036029460349efad5dc3722c3073b2/stacks/overcloud-compute-1-servers-xssv7ikhkik6-1-ciwmrbrsab3q/05a6628c-77df-47a1-8714-55979cf26b86/resources/NovaComputePassthrough",
        "rel": "self"}, {"href": "http://192.0.2.1:8004/v1/fa036029460349efad5dc3722c3073b2/stacks/overcloud-compute-1-servers-xssv7ikhkik6-1-ciwmrbrsab3q/05a6628c-77df-47a1-8714-55979cf26b86",
        "rel": "stack"}], "logical_resource_id": "NovaComputePassthrough", "resource_status":
        "CREATE_COMPLETE", "updated_time": "2015-03-10T08:35:33Z", "required_by":
        ["NovaComputePassthroughDeployment"], "resource_status_reason": "state changed",
        "physical_resource_id": "b9e205cf-14a9-4a4c-88b4-69eb059e8532", "resource_type":
        "OS::Heat::StructuredConfig"}, {"parent_resource": "compute-1-servers", "resource_name":
        "0", "links": [{"href": "http://192.0.2.1:8004/v1/fa036029460349efad5dc3722c3073b2/stacks/overcloud-compute-1-servers-xssv7ikhkik6/deafd23e-9839-410d-ad13-f4533297bc29/resources/0",
        "rel": "self"}, {"href": "http://192.0.2.1:8004/v1/fa036029460349efad5dc3722c3073b2/stacks/overcloud-compute-1-servers-xssv7ikhkik6/deafd23e-9839-410d-ad13-f4533297bc29",
        "rel": "stack"}, {"href": "http://192.0.2.1:8004/v1/fa036029460349efad5dc3722c3073b2/stacks/overcloud-compute-1-servers-xssv7ikhkik6-0-z4tat34wjjkg/b78c4ea5-b1d8-486b-8e97-a04d5f576201",
        "rel": "nested"}], "logical_resource_id": "0", "resource_status_reason": "state
        changed", "updated_time": "2015-03-10T10:53:40Z", "required_by": [], "resource_status":
        "UPDATE_COMPLETE", "physical_resource_id": "b78c4ea5-b1d8-486b-8e97-a04d5f576201",
        "resource_type": "Tuskar::compute-1"}, {"parent_resource": "0", "resource_name":
        "NovaComputePassthroughDeployment", "links": [{"href": "http://192.0.2.1:8004/v1/fa036029460349efad5dc3722c3073b2/stacks/overcloud-compute-1-servers-xssv7ikhkik6-0-z4tat34wjjkg/b78c4ea5-b1d8-486b-8e97-a04d5f576201/resources/NovaComputePassthroughDeployment",
        "rel": "self"}, {"href": "http://192.0.2.1:8004/v1/fa036029460349efad5dc3722c3073b2/stacks/overcloud-compute-1-servers-xssv7ikhkik6-0-z4tat34wjjkg/b78c4ea5-b1d8-486b-8e97-a04d5f576201",
        "rel": "stack"}], "logical_resource_id": "NovaComputePassthroughDeployment",
        "resource_status": "CREATE_COMPLETE", "updated_time": "2015-03-09T17:10:41Z",
        "required_by": ["NovaComputePassthroughDeploymentSpecific"], "resource_status_reason":
        "state changed", "physical_resource_id": "6e45cccc-5f7b-48b0-abe7-c6f95202ca7f",
        "resource_type": "OS::Heat::StructuredDeployment"}, {"parent_resource": "0",
        "resource_name": "NovaComputePassthroughSpecific", "links": [{"href": "http://192.0.2.1:8004/v1/fa036029460349efad5dc3722c3073b2/stacks/overcloud-compute-1-servers-xssv7ikhkik6-0-z4tat34wjjkg/b78c4ea5-b1d8-486b-8e97-a04d5f576201/resources/NovaComputePassthroughSpecific",
        "rel": "self"}, {"href": "http://192.0.2.1:8004/v1/fa036029460349efad5dc3722c3073b2/stacks/overcloud-compute-1-servers-xssv7ikhkik6-0-z4tat34wjjkg/b78c4ea5-b1d8-486b-8e97-a04d5f576201",
        "rel": "stack"}], "logical_resource_id": "NovaComputePassthroughSpecific",
        "resource_status": "CREATE_COMPLETE", "updated_time": "2015-03-09T17:07:45Z",
        "required_by": ["NovaComputePassthroughDeploymentSpecific"], "resource_status_reason":
        "state changed", "physical_resource_id": "41e8f2dc-43df-45e0-b424-92d8182fd2e5",
        "resource_type": "OS::Heat::StructuredConfig"}, {"parent_resource": "0", "resource_name":
        "NovaCompute", "links": [{"href": "http://192.0.2.1:8004/v1/fa036029460349efad5dc3722c3073b2/stacks/overcloud-compute-1-servers-xssv7ikhkik6-0-z4tat34wjjkg/b78c4ea5-b1d8-486b-8e97-a04d5f576201/resources/NovaCompute",
        "rel": "self"}, {"href": "http://192.0.2.1:8004/v1/fa036029460349efad5dc3722c3073b2/stacks/overcloud-compute-1-servers-xssv7ikhkik6-0-z4tat34wjjkg/b78c4ea5-b1d8-486b-8e97-a04d5f576201",
        "rel": "stack"}], "logical_resource_id": "NovaCompute", "resource_status":
        "CREATE_COMPLETE", "updated_time": "2015-03-09T17:07:46Z", "required_by":
        ["NovaComputePassthroughDeploymentSpecific", "NovaComputePassthroughDeployment",
        "NovaComputeDeployment"], "resource_status_reason": "state changed", "physical_resource_id":
        "d52ebd4f-a28b-49cf-8adc-61847e6bb525", "resource_type": "OS::Nova::Server"},
        {"parent_resource": "0", "resource_name": "NovaComputePassthroughDeploymentSpecific",
        "links": [{"href": "http://192.0.2.1:8004/v1/fa036029460349efad5dc3722c3073b2/stacks/overcloud-compute-1-servers-xssv7ikhkik6-0-z4tat34wjjkg/b78c4ea5-b1d8-486b-8e97-a04d5f576201/resources/NovaComputePassthroughDeploymentSpecific",
        "rel": "self"}, {"href": "http://192.0.2.1:8004/v1/fa036029460349efad5dc3722c3073b2/stacks/overcloud-compute-1-servers-xssv7ikhkik6-0-z4tat34wjjkg/b78c4ea5-b1d8-486b-8e97-a04d5f576201",
        "rel": "stack"}], "logical_resource_id": "NovaComputePassthroughDeploymentSpecific",
        "resource_status": "CREATE_COMPLETE", "updated_time": "2015-03-09T17:10:42Z",
        "required_by": [], "resource_status_reason": "state changed", "physical_resource_id":
        "530a7463-1513-43d9-9a81-35db8b603b59", "resource_type": "OS::Heat::StructuredDeployment"},
        {"parent_resource": "0", "resource_name": "NovaComputeDeployment", "links":
        [{"href": "http://192.0.2.1:8004/v1/fa036029460349efad5dc3722c3073b2/stacks/overcloud-compute-1-servers-xssv7ikhkik6-0-z4tat34wjjkg/b78c4ea5-b1d8-486b-8e97-a04d5f576201/resources/NovaComputeDeployment",
        "rel": "self"}, {"href": "http://192.0.2.1:8004/v1/fa036029460349efad5dc3722c3073b2/stacks/overcloud-compute-1-servers-xssv7ikhkik6-0-z4tat34wjjkg/b78c4ea5-b1d8-486b-8e97-a04d5f576201",
        "rel": "stack"}], "logical_resource_id": "NovaComputeDeployment", "resource_status":
        "CREATE_COMPLETE", "updated_time": "2015-03-09T17:10:39Z", "required_by":
        ["NovaComputePassthroughDeployment"], "resource_status_reason": "state changed",
        "physical_resource_id": "59794b78-2345-4e86-b87a-c9ca0b0ba37d", "resource_type":
        "OS::Heat::StructuredDeployment"}, {"parent_resource": "0", "resource_name":
        "NovaComputeConfig", "links": [{"href": "http://192.0.2.1:8004/v1/fa036029460349efad5dc3722c3073b2/stacks/overcloud-compute-1-servers-xssv7ikhkik6-0-z4tat34wjjkg/b78c4ea5-b1d8-486b-8e97-a04d5f576201/resources/NovaComputeConfig",
        "rel": "self"}, {"href": "http://192.0.2.1:8004/v1/fa036029460349efad5dc3722c3073b2/stacks/overcloud-compute-1-servers-xssv7ikhkik6-0-z4tat34wjjkg/b78c4ea5-b1d8-486b-8e97-a04d5f576201",
        "rel": "stack"}], "logical_resource_id": "NovaComputeConfig", "resource_status":
        "CREATE_COMPLETE", "updated_time": "2015-03-09T17:07:45Z", "required_by":
        ["NovaComputeDeployment"], "resource_status_reason": "state changed", "physical_resource_id":
        "9f9d1477-4e7e-4c1f-ab5d-ec8068a4dd54", "resource_type": "OS::Heat::StructuredConfig"},
        {"parent_resource": "0", "resource_name": "NovaComputePassthrough", "links":
        [{"href": "http://192.0.2.1:8004/v1/fa036029460349efad5dc3722c3073b2/stacks/overcloud-compute-1-servers-xssv7ikhkik6-0-z4tat34wjjkg/b78c4ea5-b1d8-486b-8e97-a04d5f576201/resources/NovaComputePassthrough",
        "rel": "self"}, {"href": "http://192.0.2.1:8004/v1/fa036029460349efad5dc3722c3073b2/stacks/overcloud-compute-1-servers-xssv7ikhkik6-0-z4tat34wjjkg/b78c4ea5-b1d8-486b-8e97-a04d5f576201",
        "rel": "stack"}], "logical_resource_id": "NovaComputePassthrough", "resource_status":
        "CREATE_COMPLETE", "updated_time": "2015-03-09T17:07:45Z", "required_by":
        ["NovaComputePassthroughDeployment"], "resource_status_reason": "state changed",
        "physical_resource_id": "f71a3b80-4105-4519-bec5-e61ff2165649", "resource_type":
        "OS::Heat::StructuredConfig"}, {"parent_resource": "compute-1-servers", "resource_name":
        "2", "links": [{"href": "http://192.0.2.1:8004/v1/fa036029460349efad5dc3722c3073b2/stacks/overcloud-compute-1-servers-xssv7ikhkik6/deafd23e-9839-410d-ad13-f4533297bc29/resources/2",
        "rel": "self"}, {"href": "http://192.0.2.1:8004/v1/fa036029460349efad5dc3722c3073b2/stacks/overcloud-compute-1-servers-xssv7ikhkik6/deafd23e-9839-410d-ad13-f4533297bc29",
        "rel": "stack"}, {"href": "http://192.0.2.1:8004/v1/fa036029460349efad5dc3722c3073b2/stacks/overcloud-compute-1-servers-xssv7ikhkik6-2-j2c5u7rzryrz/a012a276-52b7-449b-a301-def34f0a190a",
        "rel": "nested"}], "logical_resource_id": "2", "resource_status_reason": "state
        changed", "updated_time": "2015-03-10T10:53:41Z", "required_by": [], "resource_status":
        "CREATE_COMPLETE", "physical_resource_id": "a012a276-52b7-449b-a301-def34f0a190a",
        "resource_type": "Tuskar::compute-1"}, {"parent_resource": "2", "resource_name":
        "NovaComputePassthroughDeployment", "links": [{"href": "http://192.0.2.1:8004/v1/fa036029460349efad5dc3722c3073b2/stacks/overcloud-compute-1-servers-xssv7ikhkik6-2-j2c5u7rzryrz/a012a276-52b7-449b-a301-def34f0a190a/resources/NovaComputePassthroughDeployment",
        "rel": "self"}, {"href": "http://192.0.2.1:8004/v1/fa036029460349efad5dc3722c3073b2/stacks/overcloud-compute-1-servers-xssv7ikhkik6-2-j2c5u7rzryrz/a012a276-52b7-449b-a301-def34f0a190a",
        "rel": "stack"}], "logical_resource_id": "NovaComputePassthroughDeployment",
        "resource_status": "CREATE_COMPLETE", "updated_time": "2015-03-10T10:57:10Z",
        "required_by": ["NovaComputePassthroughDeploymentSpecific"], "resource_status_reason":
        "state changed", "physical_resource_id": "28944a3c-aab3-4f5b-ab5e-931cc3d94e0d",
        "resource_type": "OS::Heat::StructuredDeployment"}, {"parent_resource": "2",
        "resource_name": "NovaComputePassthroughSpecific", "links": [{"href": "http://192.0.2.1:8004/v1/fa036029460349efad5dc3722c3073b2/stacks/overcloud-compute-1-servers-xssv7ikhkik6-2-j2c5u7rzryrz/a012a276-52b7-449b-a301-def34f0a190a/resources/NovaComputePassthroughSpecific",
        "rel": "self"}, {"href": "http://192.0.2.1:8004/v1/fa036029460349efad5dc3722c3073b2/stacks/overcloud-compute-1-servers-xssv7ikhkik6-2-j2c5u7rzryrz/a012a276-52b7-449b-a301-def34f0a190a",
        "rel": "stack"}], "logical_resource_id": "NovaComputePassthroughSpecific",
        "resource_status": "CREATE_COMPLETE", "updated_time": "2015-03-10T10:53:42Z",
        "required_by": ["NovaComputePassthroughDeploymentSpecific"], "resource_status_reason":
        "state changed", "physical_resource_id": "5e7963fd-4ba1-4f9e-89ce-627b7b94b5ee",
        "resource_type": "OS::Heat::StructuredConfig"}, {"parent_resource": "2", "resource_name":
        "NovaCompute", "links": [{"href": "http://192.0.2.1:8004/v1/fa036029460349efad5dc3722c3073b2/stacks/overcloud-compute-1-servers-xssv7ikhkik6-2-j2c5u7rzryrz/a012a276-52b7-449b-a301-def34f0a190a/resources/NovaCompute",
        "rel": "self"}, {"href": "http://192.0.2.1:8004/v1/fa036029460349efad5dc3722c3073b2/stacks/overcloud-compute-1-servers-xssv7ikhkik6-2-j2c5u7rzryrz/a012a276-52b7-449b-a301-def34f0a190a",
        "rel": "stack"}], "logical_resource_id": "NovaCompute", "resource_status":
        "CREATE_COMPLETE", "updated_time": "2015-03-10T10:53:41Z", "required_by":
        ["NovaComputePassthroughDeployment", "NovaComputeDeployment", "NovaComputePassthroughDeploymentSpecific"],
        "resource_status_reason": "state changed", "physical_resource_id": "9282131d-5e25-495c-82ce-dcbcd34158f7",
        "resource_type": "OS::Nova::Server"}, {"parent_resource": "2", "resource_name":
        "NovaComputePassthroughDeploymentSpecific", "links": [{"href": "http://192.0.2.1:8004/v1/fa036029460349efad5dc3722c3073b2/stacks/overcloud-compute-1-servers-xssv7ikhkik6-2-j2c5u7rzryrz/a012a276-52b7-449b-a301-def34f0a190a/resources/NovaComputePassthroughDeploymentSpecific",
        "rel": "self"}, {"href": "http://192.0.2.1:8004/v1/fa036029460349efad5dc3722c3073b2/stacks/overcloud-compute-1-servers-xssv7ikhkik6-2-j2c5u7rzryrz/a012a276-52b7-449b-a301-def34f0a190a",
        "rel": "stack"}], "logical_resource_id": "NovaComputePassthroughDeploymentSpecific",
        "resource_status": "CREATE_COMPLETE", "updated_time": "2015-03-10T10:57:11Z",
        "required_by": [], "resource_status_reason": "state changed", "physical_resource_id":
        "90fe1d0f-2cff-4819-bb69-8ab82e1bd760", "resource_type": "OS::Heat::StructuredDeployment"},
        {"parent_resource": "2", "resource_name": "NovaComputeDeployment", "links":
        [{"href": "http://192.0.2.1:8004/v1/fa036029460349efad5dc3722c3073b2/stacks/overcloud-compute-1-servers-xssv7ikhkik6-2-j2c5u7rzryrz/a012a276-52b7-449b-a301-def34f0a190a/resources/NovaComputeDeployment",
        "rel": "self"}, {"href": "http://192.0.2.1:8004/v1/fa036029460349efad5dc3722c3073b2/stacks/overcloud-compute-1-servers-xssv7ikhkik6-2-j2c5u7rzryrz/a012a276-52b7-449b-a301-def34f0a190a",
        "rel": "stack"}], "logical_resource_id": "NovaComputeDeployment", "resource_status":
        "CREATE_COMPLETE", "updated_time": "2015-03-10T10:57:09Z", "required_by":
        ["NovaComputePassthroughDeployment"], "resource_status_reason": "state changed",
        "physical_resource_id": "a962c202-cea3-4088-b0e6-dcd4be9bb846", "resource_type":
        "OS::Heat::StructuredDeployment"}, {"parent_resource": "2", "resource_name":
        "NovaComputeConfig", "links": [{"href": "http://192.0.2.1:8004/v1/fa036029460349efad5dc3722c3073b2/stacks/overcloud-compute-1-servers-xssv7ikhkik6-2-j2c5u7rzryrz/a012a276-52b7-449b-a301-def34f0a190a/resources/NovaComputeConfig",
        "rel": "self"}, {"href": "http://192.0.2.1:8004/v1/fa036029460349efad5dc3722c3073b2/stacks/overcloud-compute-1-servers-xssv7ikhkik6-2-j2c5u7rzryrz/a012a276-52b7-449b-a301-def34f0a190a",
        "rel": "stack"}], "logical_resource_id": "NovaComputeConfig", "resource_status":
        "CREATE_COMPLETE", "updated_time": "2015-03-10T10:53:42Z", "required_by":
        ["NovaComputeDeployment"], "resource_status_reason": "state changed", "physical_resource_id":
        "28a0933a-5967-4cb9-9d98-7bd1e171228a", "resource_type": "OS::Heat::StructuredConfig"},
        {"parent_resource": "2", "resource_name": "NovaComputePassthrough", "links":
        [{"href": "http://192.0.2.1:8004/v1/fa036029460349efad5dc3722c3073b2/stacks/overcloud-compute-1-servers-xssv7ikhkik6-2-j2c5u7rzryrz/a012a276-52b7-449b-a301-def34f0a190a/resources/NovaComputePassthrough",
        "rel": "self"}, {"href": "http://192.0.2.1:8004/v1/fa036029460349efad5dc3722c3073b2/stacks/overcloud-compute-1-servers-xssv7ikhkik6-2-j2c5u7rzryrz/a012a276-52b7-449b-a301-def34f0a190a",
        "rel": "stack"}], "logical_resource_id": "NovaComputePassthrough", "resource_status":
        "CREATE_COMPLETE", "updated_time": "2015-03-10T10:53:42Z", "required_by":
        ["NovaComputePassthroughDeployment"], "resource_status_reason": "state changed",
        "physical_resource_id": "3f53275d-4e3c-4388-983d-925237db3aaf", "resource_type":
        "OS::Heat::StructuredConfig"}]}'
    http_version: 
  recorded_at: Tue, 10 Mar 2015 11:55:20 GMT
- request:
    method: get
    uri: http://192.0.2.1:6385/nodes/detail
    body:
      encoding: US-ASCII
      string: ''
    headers:
      User-Agent:
      - fog/1.27.0 fog-core/1.29.0
      Content-Type:
      - application/json
      X-Auth-Token:
      - 2b3572ec4896490fb85431aba96716ef
  response:
    status:
      code: 200
      message: ''
    headers:
      Date:
      - Tue, 10 Mar 2015 11:55:20 GMT
      Server:
      - WSGIServer/0.1 Python/2.7.5
      Content-Length:
      - '12922'
      Content-Type:
      - application/json; charset=UTF-8
    body:
      encoding: UTF-8
      string: '{"nodes": [{"instance_uuid": "9282131d-5e25-495c-82ce-dcbcd34158f7",
        "target_power_state": null, "maintenance": false, "uuid": "15739d49-90ab-4a42-9620-fe140f5bdcb5",
        "driver_info": {"pxe_deploy_ramdisk": "1125b80a-39d5-43d8-92b1-41e607dee92d",
        "ssh_username": "stack", "ssh_key_contents": "-----BEGIN RSA PRIVATE KEY-----\nMIIEowIBAAKCAQEArOsmK4ann4r9tChLZg1Z9ciywTo/d0ZSS11ra43SzE1kXcyV\nrUQTXrh8lsvCWVTG8ga5gb67B8ztjpVMgVPLS8SIbGg8EN10NwpZIRsvl5biz5Xw\n5xI2GPVGGS5AMDsoVYscZXc8ttj+0UuevOBQfoHcQI6He40bghFyN7MPU5DR3vw8\nYBZdGjZafBjWIVlzF9UNyULCbJIrpxL0Ca5Jgyq2gcdFK0cHeqfKRTF3wqRH4HfE\n85okgBBjGTbZ2xLUjT62J2dfz79a4cXkpyzhhjP1dPy5+IyP/MXE0MhQTZVRKpMD\nGy3GpUXua37zstheYa5LbEY4GDHnnUyiJ6hdkQIDAQABAoIBACxqknlnszLV/ukB\n2Kw0DcGGdfQQRDEdDRJywp7z5Qu5bWhynpfM/rS76rTJTfioQBn3BDuBhIUybGrN\nisNFhNjHeMtv0s36NFnW/KH2W7kydrwfpauVD/RFPGZHbRF2gJvIidi+UggdoQad\nx/54F/UG4k5qzf48dq5oUNBh3DP4eNSL3Ne4AziKPvNjWNPxcc8CjtKAGNuxvKYv\nLpGuAEn4Leouls4alczD/1oediocftAH+bDB2Lnk+HNF9zVF+TxONjZpTl+GS8bL\ncl8wWqsc0+3pBWo35COhJ+JpO+fsDAJnqQ+NH/+/0MJ7C/Ccz8HMRsiq3lI4NEHd\n/4CLCAECgYEA3ZLsuOOoqPRUCEDP5C3YeN2I0PJhA6f6S2gtXIjzqZIhm6ZLZZNu\nTuLerQ1RYKbsRYlRFXM3fG/Yfw8Vht67kdEOF4Xsb/BQfmga6EEW+9bIG+42RaQl\nIkMYJ+h3ob6ITgxZf9oMu/IsaASg7CLk+7UUftP1DFmmBugkXC67o0ECgYEAx8j2\nhabf1eZbIspSCSsY/ltxtgaO2DppF9B+iRqG82ZWc3ro5RZxCf4K7fuJGZ+9GtDz\nIxDkcZBzd8J/VBea1ZKfG6+w8QQSkD1WSzlN3MBesdrEF6MwQENBGdO1Gy6q5UZB\nXikZQzJbfJLJ+tqrBf3Wd7GBdEwOxm2mDCVaNlECgYB44JOmFgTID2rciccgW2Zy\nIaFnJCOK5BPnGXFNvyT2yFLvYBxX0MNn49rJG6/eg5H4KX6DrjSB/V5liqwaxN4d\nIaiHardfJgIzw8WSGRhZ0YWfvyf6fB8J/wJpmyfQpGol8hTNa/5wdiCFqqjDyhGT\nw+jne+h+kVXDBNf5NkGFQQKBgA2sFhrdabIUuqXt3KFd/q7hiS2g00O+85Q6o340\nf4nGtiHfBnMvDvtVFGBm92H2iZV9OTZsIIYZEZ3fhKE3oFP/Xb4iTuSfl7mhSPeK\n62YxEAnx47uOYm3zbFAdKea7Udyw6yZLf7wWhSZIUWRGdK/LSFMWpbpUviocNOHd\n6IeRAoGBALbtdX4AQPCPRFMi7GgU/fD9gGkEmx5F6/pHuNrndr6lDPmKH3KrsI9G\nnhzHF/srMH892AMzJk78U1mUv4zZuhbDFOrbts78x5O6uHi/diTjYrmqIB1kTeDO\nrwDjvV9jKa7crPahfYeC7TDDWPzGF1tUWvpRngUI6SuZ2PbOs+EA\n-----END
        RSA PRIVATE KEY-----", "pxe_deploy_kernel": "56b4d7d2-7a5f-4272-b479-51b22cc83b99",
        "ssh_address": "192.168.122.1", "ssh_virt_type": "virsh"}, "target_provision_state":
        null, "updated_at": "2015-03-10T11:55:16+00:00", "last_error": null, "console_enabled":
        false, "extra": {}, "driver": "pxe_ssh", "links": [{"href": "http://192.0.2.1:6385/v1/nodes/15739d49-90ab-4a42-9620-fe140f5bdcb5",
        "rel": "self"}, {"href": "http://192.0.2.1:6385/nodes/15739d49-90ab-4a42-9620-fe140f5bdcb5",
        "rel": "bookmark"}], "properties": {"memory_mb": "4096", "cpu_arch": "x86_64",
        "local_gb": "40", "cpus": "1"}, "provision_updated_at": "2015-03-10T10:57:07+00:00",
        "chassis_uuid": null, "power_state": "power on", "provision_state": "active",
        "reservation": null, "created_at": "2015-03-09T17:02:42+00:00", "instance_info":
        {"ramdisk": "0d205f9e-e624-4faf-9d97-b7bf6969fa6e", "kernel": "4728f7a6-a3d9-49d3-aa74-0f1436496c66",
        "root_gb": "30", "image_source": "3ec3eed0-2b6e-42fd-8d79-99eab68f9515", "deploy_key":
        "4JEVVA23VN4JA8P4MWZAZN1B8OD4PC1Q", "swap_mb": "0"}, "ports": [{"href": "http://192.0.2.1:6385/v1/nodes/15739d49-90ab-4a42-9620-fe140f5bdcb5/ports",
        "rel": "self"}, {"href": "http://192.0.2.1:6385/nodes/15739d49-90ab-4a42-9620-fe140f5bdcb5/ports",
        "rel": "bookmark"}]}, {"instance_uuid": "31fac73a-90d0-44ef-b3ef-014b43f735e8",
        "target_power_state": null, "maintenance": false, "uuid": "3fb4021c-5a79-47ca-af39-f0dcde7109a4",
        "driver_info": {"pxe_deploy_ramdisk": "1125b80a-39d5-43d8-92b1-41e607dee92d",
        "ssh_username": "stack", "ssh_key_contents": "-----BEGIN RSA PRIVATE KEY-----\nMIIEowIBAAKCAQEArOsmK4ann4r9tChLZg1Z9ciywTo/d0ZSS11ra43SzE1kXcyV\nrUQTXrh8lsvCWVTG8ga5gb67B8ztjpVMgVPLS8SIbGg8EN10NwpZIRsvl5biz5Xw\n5xI2GPVGGS5AMDsoVYscZXc8ttj+0UuevOBQfoHcQI6He40bghFyN7MPU5DR3vw8\nYBZdGjZafBjWIVlzF9UNyULCbJIrpxL0Ca5Jgyq2gcdFK0cHeqfKRTF3wqRH4HfE\n85okgBBjGTbZ2xLUjT62J2dfz79a4cXkpyzhhjP1dPy5+IyP/MXE0MhQTZVRKpMD\nGy3GpUXua37zstheYa5LbEY4GDHnnUyiJ6hdkQIDAQABAoIBACxqknlnszLV/ukB\n2Kw0DcGGdfQQRDEdDRJywp7z5Qu5bWhynpfM/rS76rTJTfioQBn3BDuBhIUybGrN\nisNFhNjHeMtv0s36NFnW/KH2W7kydrwfpauVD/RFPGZHbRF2gJvIidi+UggdoQad\nx/54F/UG4k5qzf48dq5oUNBh3DP4eNSL3Ne4AziKPvNjWNPxcc8CjtKAGNuxvKYv\nLpGuAEn4Leouls4alczD/1oediocftAH+bDB2Lnk+HNF9zVF+TxONjZpTl+GS8bL\ncl8wWqsc0+3pBWo35COhJ+JpO+fsDAJnqQ+NH/+/0MJ7C/Ccz8HMRsiq3lI4NEHd\n/4CLCAECgYEA3ZLsuOOoqPRUCEDP5C3YeN2I0PJhA6f6S2gtXIjzqZIhm6ZLZZNu\nTuLerQ1RYKbsRYlRFXM3fG/Yfw8Vht67kdEOF4Xsb/BQfmga6EEW+9bIG+42RaQl\nIkMYJ+h3ob6ITgxZf9oMu/IsaASg7CLk+7UUftP1DFmmBugkXC67o0ECgYEAx8j2\nhabf1eZbIspSCSsY/ltxtgaO2DppF9B+iRqG82ZWc3ro5RZxCf4K7fuJGZ+9GtDz\nIxDkcZBzd8J/VBea1ZKfG6+w8QQSkD1WSzlN3MBesdrEF6MwQENBGdO1Gy6q5UZB\nXikZQzJbfJLJ+tqrBf3Wd7GBdEwOxm2mDCVaNlECgYB44JOmFgTID2rciccgW2Zy\nIaFnJCOK5BPnGXFNvyT2yFLvYBxX0MNn49rJG6/eg5H4KX6DrjSB/V5liqwaxN4d\nIaiHardfJgIzw8WSGRhZ0YWfvyf6fB8J/wJpmyfQpGol8hTNa/5wdiCFqqjDyhGT\nw+jne+h+kVXDBNf5NkGFQQKBgA2sFhrdabIUuqXt3KFd/q7hiS2g00O+85Q6o340\nf4nGtiHfBnMvDvtVFGBm92H2iZV9OTZsIIYZEZ3fhKE3oFP/Xb4iTuSfl7mhSPeK\n62YxEAnx47uOYm3zbFAdKea7Udyw6yZLf7wWhSZIUWRGdK/LSFMWpbpUviocNOHd\n6IeRAoGBALbtdX4AQPCPRFMi7GgU/fD9gGkEmx5F6/pHuNrndr6lDPmKH3KrsI9G\nnhzHF/srMH892AMzJk78U1mUv4zZuhbDFOrbts78x5O6uHi/diTjYrmqIB1kTeDO\nrwDjvV9jKa7crPahfYeC7TDDWPzGF1tUWvpRngUI6SuZ2PbOs+EA\n-----END
        RSA PRIVATE KEY-----", "pxe_deploy_kernel": "56b4d7d2-7a5f-4272-b479-51b22cc83b99",
        "ssh_address": "192.168.122.1", "ssh_virt_type": "virsh"}, "target_provision_state":
        null, "updated_at": "2015-03-10T11:55:18+00:00", "last_error": null, "console_enabled":
        false, "extra": {}, "driver": "pxe_ssh", "links": [{"href": "http://192.0.2.1:6385/v1/nodes/3fb4021c-5a79-47ca-af39-f0dcde7109a4",
        "rel": "self"}, {"href": "http://192.0.2.1:6385/nodes/3fb4021c-5a79-47ca-af39-f0dcde7109a4",
        "rel": "bookmark"}], "properties": {"memory_mb": "4096", "cpu_arch": "x86_64",
        "local_gb": "40", "cpus": "1"}, "provision_updated_at": "2015-03-10T08:49:11+00:00",
        "chassis_uuid": null, "power_state": "power on", "provision_state": "active",
        "reservation": null, "created_at": "2015-03-09T17:02:59+00:00", "instance_info":
        {"ramdisk": "0d205f9e-e624-4faf-9d97-b7bf6969fa6e", "kernel": "4728f7a6-a3d9-49d3-aa74-0f1436496c66",
        "root_gb": "30", "image_source": "3ec3eed0-2b6e-42fd-8d79-99eab68f9515", "deploy_key":
        "V0J9V1AP0K2G25BRBJLDZ1KU7KW1GFIK", "swap_mb": "0"}, "ports": [{"href": "http://192.0.2.1:6385/v1/nodes/3fb4021c-5a79-47ca-af39-f0dcde7109a4/ports",
        "rel": "self"}, {"href": "http://192.0.2.1:6385/nodes/3fb4021c-5a79-47ca-af39-f0dcde7109a4/ports",
        "rel": "bookmark"}]}, {"instance_uuid": "d52ebd4f-a28b-49cf-8adc-61847e6bb525",
        "target_power_state": null, "maintenance": false, "uuid": "4c9915f1-8f6e-4110-85e3-6dcb8539f51d",
        "driver_info": {"pxe_deploy_ramdisk": "1125b80a-39d5-43d8-92b1-41e607dee92d",
        "ssh_username": "stack", "ssh_key_contents": "-----BEGIN RSA PRIVATE KEY-----\nMIIEowIBAAKCAQEArOsmK4ann4r9tChLZg1Z9ciywTo/d0ZSS11ra43SzE1kXcyV\nrUQTXrh8lsvCWVTG8ga5gb67B8ztjpVMgVPLS8SIbGg8EN10NwpZIRsvl5biz5Xw\n5xI2GPVGGS5AMDsoVYscZXc8ttj+0UuevOBQfoHcQI6He40bghFyN7MPU5DR3vw8\nYBZdGjZafBjWIVlzF9UNyULCbJIrpxL0Ca5Jgyq2gcdFK0cHeqfKRTF3wqRH4HfE\n85okgBBjGTbZ2xLUjT62J2dfz79a4cXkpyzhhjP1dPy5+IyP/MXE0MhQTZVRKpMD\nGy3GpUXua37zstheYa5LbEY4GDHnnUyiJ6hdkQIDAQABAoIBACxqknlnszLV/ukB\n2Kw0DcGGdfQQRDEdDRJywp7z5Qu5bWhynpfM/rS76rTJTfioQBn3BDuBhIUybGrN\nisNFhNjHeMtv0s36NFnW/KH2W7kydrwfpauVD/RFPGZHbRF2gJvIidi+UggdoQad\nx/54F/UG4k5qzf48dq5oUNBh3DP4eNSL3Ne4AziKPvNjWNPxcc8CjtKAGNuxvKYv\nLpGuAEn4Leouls4alczD/1oediocftAH+bDB2Lnk+HNF9zVF+TxONjZpTl+GS8bL\ncl8wWqsc0+3pBWo35COhJ+JpO+fsDAJnqQ+NH/+/0MJ7C/Ccz8HMRsiq3lI4NEHd\n/4CLCAECgYEA3ZLsuOOoqPRUCEDP5C3YeN2I0PJhA6f6S2gtXIjzqZIhm6ZLZZNu\nTuLerQ1RYKbsRYlRFXM3fG/Yfw8Vht67kdEOF4Xsb/BQfmga6EEW+9bIG+42RaQl\nIkMYJ+h3ob6ITgxZf9oMu/IsaASg7CLk+7UUftP1DFmmBugkXC67o0ECgYEAx8j2\nhabf1eZbIspSCSsY/ltxtgaO2DppF9B+iRqG82ZWc3ro5RZxCf4K7fuJGZ+9GtDz\nIxDkcZBzd8J/VBea1ZKfG6+w8QQSkD1WSzlN3MBesdrEF6MwQENBGdO1Gy6q5UZB\nXikZQzJbfJLJ+tqrBf3Wd7GBdEwOxm2mDCVaNlECgYB44JOmFgTID2rciccgW2Zy\nIaFnJCOK5BPnGXFNvyT2yFLvYBxX0MNn49rJG6/eg5H4KX6DrjSB/V5liqwaxN4d\nIaiHardfJgIzw8WSGRhZ0YWfvyf6fB8J/wJpmyfQpGol8hTNa/5wdiCFqqjDyhGT\nw+jne+h+kVXDBNf5NkGFQQKBgA2sFhrdabIUuqXt3KFd/q7hiS2g00O+85Q6o340\nf4nGtiHfBnMvDvtVFGBm92H2iZV9OTZsIIYZEZ3fhKE3oFP/Xb4iTuSfl7mhSPeK\n62YxEAnx47uOYm3zbFAdKea7Udyw6yZLf7wWhSZIUWRGdK/LSFMWpbpUviocNOHd\n6IeRAoGBALbtdX4AQPCPRFMi7GgU/fD9gGkEmx5F6/pHuNrndr6lDPmKH3KrsI9G\nnhzHF/srMH892AMzJk78U1mUv4zZuhbDFOrbts78x5O6uHi/diTjYrmqIB1kTeDO\nrwDjvV9jKa7crPahfYeC7TDDWPzGF1tUWvpRngUI6SuZ2PbOs+EA\n-----END
        RSA PRIVATE KEY-----", "pxe_deploy_kernel": "56b4d7d2-7a5f-4272-b479-51b22cc83b99",
        "ssh_address": "192.168.122.1", "ssh_virt_type": "virsh"}, "target_provision_state":
        null, "updated_at": "2015-03-10T11:55:19+00:00", "last_error": null, "console_enabled":
        false, "extra": {}, "driver": "pxe_ssh", "links": [{"href": "http://192.0.2.1:6385/v1/nodes/4c9915f1-8f6e-4110-85e3-6dcb8539f51d",
        "rel": "self"}, {"href": "http://192.0.2.1:6385/nodes/4c9915f1-8f6e-4110-85e3-6dcb8539f51d",
        "rel": "bookmark"}], "properties": {"memory_mb": "4096", "cpu_arch": "x86_64",
        "local_gb": "40", "cpus": "1"}, "provision_updated_at": "2015-03-09T17:10:38+00:00",
        "chassis_uuid": null, "power_state": "power on", "provision_state": "active",
        "reservation": null, "created_at": "2015-03-09T17:03:15+00:00", "instance_info":
        {"ramdisk": "0d205f9e-e624-4faf-9d97-b7bf6969fa6e", "kernel": "4728f7a6-a3d9-49d3-aa74-0f1436496c66",
        "root_gb": "30", "image_source": "3ec3eed0-2b6e-42fd-8d79-99eab68f9515", "deploy_key":
        "8YUG3E8UUVX8JIWFG77YR23AQP1B9SEO", "swap_mb": "0"}, "ports": [{"href": "http://192.0.2.1:6385/v1/nodes/4c9915f1-8f6e-4110-85e3-6dcb8539f51d/ports",
        "rel": "self"}, {"href": "http://192.0.2.1:6385/nodes/4c9915f1-8f6e-4110-85e3-6dcb8539f51d/ports",
        "rel": "bookmark"}]}, {"instance_uuid": "0a00e394-be74-45b2-9046-1d81dac3d4a4",
        "target_power_state": null, "maintenance": false, "uuid": "3ef1e9e9-9f6b-4bbd-aab1-dd0941fb1ae1",
        "driver_info": {"pxe_deploy_ramdisk": "1125b80a-39d5-43d8-92b1-41e607dee92d",
        "ssh_username": "stack", "ssh_key_contents": "-----BEGIN RSA PRIVATE KEY-----\nMIIEowIBAAKCAQEArOsmK4ann4r9tChLZg1Z9ciywTo/d0ZSS11ra43SzE1kXcyV\nrUQTXrh8lsvCWVTG8ga5gb67B8ztjpVMgVPLS8SIbGg8EN10NwpZIRsvl5biz5Xw\n5xI2GPVGGS5AMDsoVYscZXc8ttj+0UuevOBQfoHcQI6He40bghFyN7MPU5DR3vw8\nYBZdGjZafBjWIVlzF9UNyULCbJIrpxL0Ca5Jgyq2gcdFK0cHeqfKRTF3wqRH4HfE\n85okgBBjGTbZ2xLUjT62J2dfz79a4cXkpyzhhjP1dPy5+IyP/MXE0MhQTZVRKpMD\nGy3GpUXua37zstheYa5LbEY4GDHnnUyiJ6hdkQIDAQABAoIBACxqknlnszLV/ukB\n2Kw0DcGGdfQQRDEdDRJywp7z5Qu5bWhynpfM/rS76rTJTfioQBn3BDuBhIUybGrN\nisNFhNjHeMtv0s36NFnW/KH2W7kydrwfpauVD/RFPGZHbRF2gJvIidi+UggdoQad\nx/54F/UG4k5qzf48dq5oUNBh3DP4eNSL3Ne4AziKPvNjWNPxcc8CjtKAGNuxvKYv\nLpGuAEn4Leouls4alczD/1oediocftAH+bDB2Lnk+HNF9zVF+TxONjZpTl+GS8bL\ncl8wWqsc0+3pBWo35COhJ+JpO+fsDAJnqQ+NH/+/0MJ7C/Ccz8HMRsiq3lI4NEHd\n/4CLCAECgYEA3ZLsuOOoqPRUCEDP5C3YeN2I0PJhA6f6S2gtXIjzqZIhm6ZLZZNu\nTuLerQ1RYKbsRYlRFXM3fG/Yfw8Vht67kdEOF4Xsb/BQfmga6EEW+9bIG+42RaQl\nIkMYJ+h3ob6ITgxZf9oMu/IsaASg7CLk+7UUftP1DFmmBugkXC67o0ECgYEAx8j2\nhabf1eZbIspSCSsY/ltxtgaO2DppF9B+iRqG82ZWc3ro5RZxCf4K7fuJGZ+9GtDz\nIxDkcZBzd8J/VBea1ZKfG6+w8QQSkD1WSzlN3MBesdrEF6MwQENBGdO1Gy6q5UZB\nXikZQzJbfJLJ+tqrBf3Wd7GBdEwOxm2mDCVaNlECgYB44JOmFgTID2rciccgW2Zy\nIaFnJCOK5BPnGXFNvyT2yFLvYBxX0MNn49rJG6/eg5H4KX6DrjSB/V5liqwaxN4d\nIaiHardfJgIzw8WSGRhZ0YWfvyf6fB8J/wJpmyfQpGol8hTNa/5wdiCFqqjDyhGT\nw+jne+h+kVXDBNf5NkGFQQKBgA2sFhrdabIUuqXt3KFd/q7hiS2g00O+85Q6o340\nf4nGtiHfBnMvDvtVFGBm92H2iZV9OTZsIIYZEZ3fhKE3oFP/Xb4iTuSfl7mhSPeK\n62YxEAnx47uOYm3zbFAdKea7Udyw6yZLf7wWhSZIUWRGdK/LSFMWpbpUviocNOHd\n6IeRAoGBALbtdX4AQPCPRFMi7GgU/fD9gGkEmx5F6/pHuNrndr6lDPmKH3KrsI9G\nnhzHF/srMH892AMzJk78U1mUv4zZuhbDFOrbts78x5O6uHi/diTjYrmqIB1kTeDO\nrwDjvV9jKa7crPahfYeC7TDDWPzGF1tUWvpRngUI6SuZ2PbOs+EA\n-----END
        RSA PRIVATE KEY-----", "pxe_deploy_kernel": "56b4d7d2-7a5f-4272-b479-51b22cc83b99",
        "ssh_address": "192.168.122.1", "ssh_virt_type": "virsh"}, "target_provision_state":
        null, "updated_at": "2015-03-10T11:55:19+00:00", "last_error": null, "console_enabled":
        false, "extra": {}, "driver": "pxe_ssh", "links": [{"href": "http://192.0.2.1:6385/v1/nodes/3ef1e9e9-9f6b-4bbd-aab1-dd0941fb1ae1",
        "rel": "self"}, {"href": "http://192.0.2.1:6385/nodes/3ef1e9e9-9f6b-4bbd-aab1-dd0941fb1ae1",
        "rel": "bookmark"}], "properties": {"memory_mb": "4096", "cpu_arch": "x86_64",
        "local_gb": "40", "cpus": "1"}, "provision_updated_at": "2015-03-09T17:11:43+00:00",
        "chassis_uuid": null, "power_state": "power on", "provision_state": "active",
        "reservation": "localhost.localdomain", "created_at": "2015-03-09T17:03:32+00:00",
        "instance_info": {"ramdisk": "a3822774-c361-49f3-be2e-5b25df3d8b9b", "kernel":
        "4027ff89-7ae4-4271-89f2-decf3d3fd098", "root_gb": "30", "image_source": "6068f62b-5540-4556-9fae-8f11ce4fe39b",
        "deploy_key": "83XURFWS31EHAF5L7PSJX877R5P2VZIV", "swap_mb": "0"}, "ports":
        [{"href": "http://192.0.2.1:6385/v1/nodes/3ef1e9e9-9f6b-4bbd-aab1-dd0941fb1ae1/ports",
        "rel": "self"}, {"href": "http://192.0.2.1:6385/nodes/3ef1e9e9-9f6b-4bbd-aab1-dd0941fb1ae1/ports",
        "rel": "bookmark"}]}]}'
    http_version: 
  recorded_at: Tue, 10 Mar 2015 11:55:20 GMT
- request:
    method: get
    uri: http://192.0.2.1:9292/v1.1/images/detail
    body:
      encoding: US-ASCII
      string: ''
    headers:
      User-Agent:
      - fog/1.27.0 fog-core/1.29.0
      Content-Type:
      - application/json
      X-Auth-Token:
      - f8ef6d9354694cb1a8bb51867c4675c1
  response:
    status:
      code: 200
      message: ''
    headers:
      Content-Type:
      - application/json; charset=UTF-8
      Content-Length:
      - '8724'
      X-Openstack-Request-Id:
      - req-4bb40423-a2d1-4a51-af1b-6b69b3f7e425
      Date:
      - Tue, 10 Mar 2015 11:55:21 GMT
    body:
      encoding: UTF-8
      string: '{"images": [{"status": "active", "deleted_at": null, "name": "discovery-ramdisk",
        "deleted": false, "container_format": "ari", "created_at": "2015-03-09T16:35:17",
        "disk_format": "ari", "updated_at": "2015-03-09T16:35:18", "min_disk": 0,
        "protected": false, "id": "402a2651-dc84-4d31-a645-21e01fed70c4", "min_ram":
        0, "checksum": "07a1c24ec251cf62318c7b35c09352a3", "owner": "fa036029460349efad5dc3722c3073b2",
        "is_public": false, "virtual_size": null, "properties": {"type": "discovery
        ramdisk"}, "size": 33375330}, {"status": "active", "deleted_at": null, "name":
        "discovery-kernel", "deleted": false, "container_format": "aki", "created_at":
        "2015-03-09T16:35:15", "disk_format": "aki", "updated_at": "2015-03-09T16:35:19",
        "min_disk": 0, "protected": false, "id": "63c1f1dd-0ea1-4180-82d1-0a04931fd5b8",
        "min_ram": 0, "checksum": "1b46154c65910ee3e70796eb93f3c490", "owner": "fa036029460349efad5dc3722c3073b2",
        "is_public": false, "virtual_size": null, "properties": {"type": "discovery
        kernel"}, "size": 5026624}, {"status": "active", "deleted_at": null, "name":
        "bm-deploy-ramdisk", "deleted": false, "container_format": "ari", "created_at":
        "2015-03-09T16:35:13", "disk_format": "ari", "updated_at": "2015-03-09T16:35:20",
        "min_disk": 0, "protected": false, "id": "1125b80a-39d5-43d8-92b1-41e607dee92d",
        "min_ram": 0, "checksum": "5403b9978b766ba65f28978144e89aee", "owner": "fa036029460349efad5dc3722c3073b2",
        "is_public": false, "virtual_size": null, "properties": {"type": "deploy ramdisk"},
        "size": 32810012}, {"status": "active", "deleted_at": null, "name": "bm-deploy-kernel",
        "deleted": false, "container_format": "aki", "created_at": "2015-03-09T16:35:11",
        "disk_format": "aki", "updated_at": "2015-03-09T16:35:21", "min_disk": 0,
        "protected": false, "id": "56b4d7d2-7a5f-4272-b479-51b22cc83b99", "min_ram":
        0, "checksum": "1b46154c65910ee3e70796eb93f3c490", "owner": "fa036029460349efad5dc3722c3073b2",
        "is_public": false, "virtual_size": null, "properties": {"type": "deploy kernel"},
        "size": 5026624}, {"status": "active", "deleted_at": null, "name": "overcloud-swift-storage",
        "deleted": false, "container_format": "bare", "created_at": "2015-03-09T16:35:06",
        "disk_format": "qcow2", "updated_at": "2015-03-09T16:35:29", "min_disk": 0,
        "protected": false, "id": "d62577b0-f9e4-4240-b3b7-83e16c663f3c", "min_ram":
        0, "checksum": "52964a865398a14f593374ff3892206e", "owner": "fa036029460349efad5dc3722c3073b2",
        "is_public": true, "virtual_size": null, "properties": {"kernel_id": "39b7199a-7bc4-4448-9ca5-64ab39c3f218",
        "ramdisk_id": "dedb2916-38ab-4986-82cc-8d57fd5a5c00", "type": "overcloud provisioning"},
        "size": 412799488}, {"status": "active", "deleted_at": null, "name": "overcloud-swift-storage-initrd",
        "deleted": false, "container_format": "ari", "created_at": "2015-03-09T16:35:05",
        "disk_format": "ari", "updated_at": "2015-03-09T16:35:30", "min_disk": 0,
        "protected": false, "id": "dedb2916-38ab-4986-82cc-8d57fd5a5c00", "min_ram":
        0, "checksum": "4cc5cda336d8ae2d0b652d3d006ff391", "owner": "fa036029460349efad5dc3722c3073b2",
        "is_public": true, "virtual_size": null, "properties": {"type": "overcloud
        provisioning ramdisk"}, "size": 33613713}, {"status": "active", "deleted_at":
        null, "name": "overcloud-swift-storage-vmlinuz", "deleted": false, "container_format":
        "aki", "created_at": "2015-03-09T16:35:04", "disk_format": "aki", "updated_at":
        "2015-03-09T16:35:31", "min_disk": 0, "protected": false, "id": "39b7199a-7bc4-4448-9ca5-64ab39c3f218",
        "min_ram": 0, "checksum": "1b46154c65910ee3e70796eb93f3c490", "owner": "fa036029460349efad5dc3722c3073b2",
        "is_public": true, "virtual_size": null, "properties": {"type": "overcloud
        provisioning kernel"}, "size": 5026624}, {"status": "active", "deleted_at":
        null, "name": "overcloud-cinder-volume", "deleted": false, "container_format":
        "bare", "created_at": "2015-03-09T16:34:55", "disk_format": "qcow2", "updated_at":
        "2015-03-09T16:35:27", "min_disk": 0, "protected": false, "id": "77682b0b-5eba-41da-b996-943153f327ac",
        "min_ram": 0, "checksum": "2b7d42fcb3e4e3e4c753ecd71b489fe7", "owner": "fa036029460349efad5dc3722c3073b2",
        "is_public": true, "virtual_size": null, "properties": {"kernel_id": "7189f045-02b3-4891-b96d-274010477bc4",
        "ramdisk_id": "c7ee3a69-9344-419c-9609-c37c5185f9ec", "type": "overcloud provisioning"},
        "size": 472085504}, {"status": "active", "deleted_at": null, "name": "overcloud-cinder-volume-initrd",
        "deleted": false, "container_format": "ari", "created_at": "2015-03-09T16:34:53",
        "disk_format": "ari", "updated_at": "2015-03-09T16:35:28", "min_disk": 0,
        "protected": false, "id": "c7ee3a69-9344-419c-9609-c37c5185f9ec", "min_ram":
        0, "checksum": "4cc5cda336d8ae2d0b652d3d006ff391", "owner": "fa036029460349efad5dc3722c3073b2",
        "is_public": true, "virtual_size": null, "properties": {"type": "overcloud
        provisioning ramdisk"}, "size": 33613713}, {"status": "active", "deleted_at":
        null, "name": "overcloud-cinder-volume-vmlinuz", "deleted": false, "container_format":
        "aki", "created_at": "2015-03-09T16:34:52", "disk_format": "aki", "updated_at":
        "2015-03-09T16:35:28", "min_disk": 0, "protected": false, "id": "7189f045-02b3-4891-b96d-274010477bc4",
        "min_ram": 0, "checksum": "1b46154c65910ee3e70796eb93f3c490", "owner": "fa036029460349efad5dc3722c3073b2",
        "is_public": true, "virtual_size": null, "properties": {"type": "overcloud
        provisioning kernel"}, "size": 5026624}, {"status": "active", "deleted_at":
        null, "name": "overcloud-compute", "deleted": false, "container_format": "bare",
        "created_at": "2015-03-09T16:34:41", "disk_format": "qcow2", "updated_at":
        "2015-03-09T16:35:24", "min_disk": 0, "protected": false, "id": "3ec3eed0-2b6e-42fd-8d79-99eab68f9515",
        "min_ram": 0, "checksum": "b16b336978bd58c6649fc4dc3a409e4d", "owner": "fa036029460349efad5dc3722c3073b2",
        "is_public": true, "virtual_size": null, "properties": {"kernel_id": "4728f7a6-a3d9-49d3-aa74-0f1436496c66",
        "ramdisk_id": "0d205f9e-e624-4faf-9d97-b7bf6969fa6e", "type": "overcloud provisioning"},
        "size": 507469824}, {"status": "active", "deleted_at": null, "name": "overcloud-compute-initrd",
        "deleted": false, "container_format": "ari", "created_at": "2015-03-09T16:34:40",
        "disk_format": "ari", "updated_at": "2015-03-09T16:35:25", "min_disk": 0,
        "protected": false, "id": "0d205f9e-e624-4faf-9d97-b7bf6969fa6e", "min_ram":
        0, "checksum": "4cc5cda336d8ae2d0b652d3d006ff391", "owner": "fa036029460349efad5dc3722c3073b2",
        "is_public": true, "virtual_size": null, "properties": {"type": "overcloud
        provisioning ramdisk"}, "size": 33613713}, {"status": "active", "deleted_at":
        null, "name": "overcloud-compute-vmlinuz", "deleted": false, "container_format":
        "aki", "created_at": "2015-03-09T16:34:39", "disk_format": "aki", "updated_at":
        "2015-03-09T16:35:26", "min_disk": 0, "protected": false, "id": "4728f7a6-a3d9-49d3-aa74-0f1436496c66",
        "min_ram": 0, "checksum": "1b46154c65910ee3e70796eb93f3c490", "owner": "fa036029460349efad5dc3722c3073b2",
        "is_public": true, "virtual_size": null, "properties": {"type": "overcloud
        provisioning kernel"}, "size": 5026624}, {"status": "active", "deleted_at":
        null, "name": "overcloud-control", "deleted": false, "container_format": "bare",
        "created_at": "2015-03-09T16:34:28", "disk_format": "qcow2", "updated_at":
        "2015-03-09T16:35:21", "min_disk": 0, "protected": false, "id": "6068f62b-5540-4556-9fae-8f11ce4fe39b",
        "min_ram": 0, "checksum": "da4ede69f8a838bec40e661763e732b5", "owner": "fa036029460349efad5dc3722c3073b2",
        "is_public": true, "virtual_size": null, "properties": {"kernel_id": "4027ff89-7ae4-4271-89f2-decf3d3fd098",
        "ramdisk_id": "a3822774-c361-49f3-be2e-5b25df3d8b9b", "type": "overcloud provisioning"},
        "size": 652304896}, {"status": "active", "deleted_at": null, "name": "overcloud-control-initrd",
        "deleted": false, "container_format": "ari", "created_at": "2015-03-09T16:34:27",
        "disk_format": "ari", "updated_at": "2015-03-09T16:35:22", "min_disk": 0,
        "protected": false, "id": "a3822774-c361-49f3-be2e-5b25df3d8b9b", "min_ram":
        0, "checksum": "4cc5cda336d8ae2d0b652d3d006ff391", "owner": "fa036029460349efad5dc3722c3073b2",
        "is_public": true, "virtual_size": null, "properties": {"type": "overcloud
        provisioning ramdisk"}, "size": 33613713}, {"status": "active", "deleted_at":
        null, "name": "overcloud-control-vmlinuz", "deleted": false, "container_format":
        "aki", "created_at": "2015-03-09T16:34:26", "disk_format": "aki", "updated_at":
        "2015-03-09T16:35:23", "min_disk": 0, "protected": false, "id": "4027ff89-7ae4-4271-89f2-decf3d3fd098",
        "min_ram": 0, "checksum": "1b46154c65910ee3e70796eb93f3c490", "owner": "fa036029460349efad5dc3722c3073b2",
        "is_public": true, "virtual_size": null, "properties": {"type": "overcloud
        provisioning kernel"}, "size": 5026624}]}'
    http_version: 
  recorded_at: Tue, 10 Mar 2015 11:55:21 GMT
- request:
    method: get
    uri: http://192.0.2.1:9292/v1.1/images/detail?marker=4027ff89-7ae4-4271-89f2-decf3d3fd098
    body:
      encoding: US-ASCII
      string: ''
    headers:
      User-Agent:
      - fog/1.27.0 fog-core/1.29.0
      Content-Type:
      - application/json
      X-Auth-Token:
      - f8ef6d9354694cb1a8bb51867c4675c1
  response:
    status:
      code: 200
      message: ''
    headers:
      Content-Type:
      - application/json; charset=UTF-8
      Content-Length:
      - '14'
      X-Openstack-Request-Id:
      - req-7f46513f-9072-4185-8097-a244a8f551c8
      Date:
      - Tue, 10 Mar 2015 11:55:21 GMT
    body:
      encoding: UTF-8
      string: '{"images": []}'
    http_version: 
  recorded_at: Tue, 10 Mar 2015 11:55:21 GMT
- request:
    method: get
    uri: http://192.0.2.1:8004/v1/fa036029460349efad5dc3722c3073b2/stacks/overcloud/84c80a95-11ac-40c3-8ff9-4836378424d7/template
    body:
      encoding: US-ASCII
      string: ''
    headers:
      User-Agent:
      - fog/1.27.0 fog-core/1.29.0
      Content-Type:
      - application/json
      Accept:
      - application/json
      X-Auth-Token:
      - 8352f4f3134d4e14b1677d950da87de8
      X-Auth-User:
      - admin
      X-Auth-Key:
      - a280e99820b2e01a42acc9535c81234842b45471
  response:
    status:
      code: 200
      message: ''
    headers:
      Content-Type:
      - application/json; charset=UTF-8
      Content-Length:
      - '38107'
      X-Openstack-Request-Id:
      - req-208045be-075f-4b9d-97b4-95f5de09a59e
      Date:
      - Tue, 10 Mar 2015 11:55:21 GMT
    body:
      encoding: UTF-8
      string: '{"outputs": {"KeystoneURL": {"description": "URL for the Overcloud
        Keystone service", "value": {"list_join": ["", ["http://", {"get_attr": ["ControlVirtualIP",
        "fixed_ips", 0, "ip_address"]}, ":5000/v2.0/"]]}}}, "heat_template_version":
        "2014-10-16", "resources": {"SwiftDevicesAndProxyConfig": {"type": "OS::Heat::StructuredConfig",
        "properties": {"group": "os-apply-config", "config": {"swift": {"proxy-memcache":
        {"list_join": [",", {"get_attr": ["controller-1-servers", "swift_proxy_memcache"]}]},
        "devices": {"list_join": [", ", [{"list_join": [", ", {"get_attr": ["controller-1-servers",
        "swift_device"]}]}, {"list_join": [", ", {"get_attr": ["swift-storage-1-servers",
        "swift_device"]}]}]]}}}}}, "controller-1-servers": {"type": "OS::Heat::ResourceGroup",
        "properties": {"count": {"get_param": ["controller-1::count"]}, "resource_def":
        {"type": "Tuskar::controller-1", "properties": {"NeutronPublicInterfaceRawDevice":
        {"get_param": ["controller-1::NeutronPublicInterfaceRawDevice"]}, "KeystoneSigningKey":
        {"get_param": ["controller-1::KeystoneSigningKey"]}, "RabbitUserName": {"get_param":
        ["controller-1::RabbitUserName"]}, "SSLCACertificate": {"get_param": ["controller-1::SSLCACertificate"]},
        "HeatPassword": {"get_param": ["controller-1::HeatPassword"]}, "NtpServer":
        {"get_param": ["controller-1::NtpServer"]}, "GlancePort": {"get_param": ["controller-1::GlancePort"]},
        "NeutronPassword": {"get_param": ["controller-1::NeutronPassword"]}, "NeutronBridgeMappings":
        {"get_param": ["controller-1::NeutronBridgeMappings"]}, "SwiftPartPower":
        {"get_param": ["controller-1::SwiftPartPower"]}, "PublicVirtualIP": {"get_attr":
        ["PublicVirtualIP", "fixed_ips", 0, "ip_address"]}, "NeutronPublicInterfaceDefaultRoute":
        {"get_param": ["controller-1::NeutronPublicInterfaceDefaultRoute"]}, "SnmpdReadonlyUserPassword":
        {"get_param": ["controller-1::SnmpdReadonlyUserPassword"]}, "GlancePassword":
        {"get_param": ["controller-1::GlancePassword"]}, "ControllerExtraConfig":
        {"get_param": ["controller-1::ControllerExtraConfig"]}, "SwiftReplicas": {"get_param":
        ["controller-1::SwiftReplicas"]}, "NeutronPublicInterfaceTag": {"get_param":
        ["controller-1::NeutronPublicInterfaceTag"]}, "ControlVirtualInterface": {"get_param":
        ["controller-1::ControlVirtualInterface"]}, "HeatStackDomainAdminPassword":
        {"get_param": ["controller-1::HeatStackDomainAdminPassword"]}, "NeutronEnableTunnelling":
        {"get_param": ["controller-1::NeutronEnableTunnelling"]}, "RabbitCookie":
        {"get_attr": ["RabbitCookie", "value"]}, "SnmpdReadonlyUserName": {"get_param":
        ["controller-1::SnmpdReadonlyUserName"]}, "KeyName": {"get_param": ["controller-1::KeyName"]},
        "MysqlRootPassword": {"get_attr": ["MysqlRootPassword", "value"]}, "AdminToken":
        {"get_param": ["controller-1::AdminToken"]}, "CinderISCSIHelper": {"get_param":
        ["controller-1::CinderISCSIHelper"]}, "MysqlClusterUniquePart": {"get_attr":
        ["MysqlClusterUniquePart", "value"]}, "NeutronNetworkType": {"get_param":
        ["controller-1::NeutronNetworkType"]}, "CeilometerPassword": {"get_param":
        ["controller-1::CeilometerPassword"]}, "CinderPassword": {"get_param": ["controller-1::CinderPassword"]},
        "CloudName": {"get_param": ["controller-1::CloudName"]}, "CinderLVMLoopDeviceSize":
        {"get_param": ["controller-1::CinderLVMLoopDeviceSize"]}, "GlanceNotifierStrategy":
        {"get_param": ["controller-1::GlanceNotifierStrategy"]}, "RabbitPassword":
        {"get_param": ["controller-1::RabbitPassword"]}, "ImageUpdatePolicy": {"get_param":
        ["controller-1::ImageUpdatePolicy"]}, "KeystoneCACertificate": {"get_param":
        ["controller-1::KeystoneCACertificate"]}, "MysqlInnodbBufferPoolSize": {"get_param":
        ["controller-1::MysqlInnodbBufferPoolSize"]}, "PublicVirtualInterface": {"get_param":
        ["controller-1::PublicVirtualInterface"]}, "Debug": {"get_param": ["controller-1::Debug"]},
        "NeutronPublicInterface": {"get_param": ["controller-1::NeutronPublicInterface"]},
        "NovaPassword": {"get_param": ["controller-1::NovaPassword"]}, "GlanceProtocol":
        {"get_param": ["controller-1::GlanceProtocol"]}, "GlanceLogFile": {"get_param":
        ["controller-1::GlanceLogFile"]}, "KeystoneSigningCertificate": {"get_param":
        ["controller-1::KeystoneSigningCertificate"]}, "NeutronPublicInterfaceIP":
        {"get_param": ["controller-1::NeutronPublicInterfaceIP"]}, "SwiftHashSuffix":
        {"get_param": ["controller-1::SwiftHashSuffix"]}, "AdminPassword": {"get_param":
        ["controller-1::AdminPassword"]}, "NeutronL3HA": {"get_param": ["controller-1::NeutronL3HA"]},
        "Image": {"get_param": ["controller-1::Image"]}, "ExtraConfig": {"get_param":
        ["controller-1::ExtraConfig"]}, "NeutronFlatNetworks": {"get_param": ["controller-1::NeutronFlatNetworks"]},
        "VirtualIP": {"get_attr": ["ControlVirtualIP", "fixed_ips", 0, "ip_address"]},
        "SwiftPassword": {"get_param": ["controller-1::SwiftPassword"]}, "CeilometerMeteringSecret":
        {"get_param": ["controller-1::CeilometerMeteringSecret"]}, "SSLCertificate":
        {"get_param": ["controller-1::SSLCertificate"]}, "NeutronTunnelTypes": {"get_param":
        ["controller-1::NeutronTunnelTypes"]}, "SSLKey": {"get_param": ["controller-1::SSLKey"]},
        "Flavor": {"get_param": ["controller-1::Flavor"]}, "NeutronNetworkVLANRanges":
        {"get_param": ["controller-1::NeutronNetworkVLANRanges"]}, "NeutronDnsmasqOptions":
        {"get_param": ["controller-1::NeutronDnsmasqOptions"]}}}}}, "ControllerBootstrapNodeDeployment":
        {"type": "OS::Heat::StructuredDeployments", "properties": {"signal_transport":
        "NO_SIGNAL", "config": {"get_resource": "ControllerBootstrapNodeConfig"},
        "servers": {"get_attr": ["controller-1-servers", "attributes", "nova_server_resource"]}}},
        "ObjectStorageSwiftDeployment": {"type": "OS::Heat::StructuredDeployments",
        "properties": {"signal_transport": "NO_SIGNAL", "config": {"get_resource":
        "SwiftDevicesAndProxyConfig"}, "servers": {"get_attr": ["swift-storage-1-servers",
        "attributes", "nova_server_resource"]}}}, "ControllerSwiftDeployment": {"type":
        "OS::Heat::StructuredDeployments", "properties": {"signal_transport": "NO_SIGNAL",
        "config": {"get_resource": "SwiftDevicesAndProxyConfig"}, "servers": {"get_attr":
        ["controller-1-servers", "attributes", "nova_server_resource"]}}}, "RabbitCookie":
        {"type": "OS::Heat::RandomString", "properties": {"length": 20, "salt": {"get_param":
        "RabbitCookieSalt"}}}, "ControlVirtualIP": {"type": "OS::Neutron::Port", "properties":
        {"network_id": {"get_param": "NeutronControlPlaneID"}, "replacement_policy":
        "AUTO", "fixed_ips": {"get_param": "ControlFixedIPs"}, "name": "control_virtual_ip"}},
        "ControllerClusterDeployment": {"type": "OS::Heat::StructuredDeployments",
        "properties": {"signal_transport": "NO_SIGNAL", "config": {"get_resource":
        "ControllerClusterConfig"}, "servers": {"get_attr": ["controller-1-servers",
        "attributes", "nova_server_resource"]}}}, "ControllerBootstrapNodeConfig":
        {"type": "OS::Heat::StructuredConfig", "properties": {"group": "os-apply-config",
        "config": {"bootstrap_host": {"bootstrap_nodeid": {"get_attr": ["controller-1-servers",
        "resource.0.hostname"]}}}}}, "allNodesConfig": {"type": "OS::Heat::StructuredConfig",
        "properties": {"config": {"sysctl": {"net.ipv4.tcp_keepalive_time": 5, "net.ipv4.tcp_keepalive_intvl":
        1, "net.ipv4.tcp_keepalive_probes": 5}, "hosts": {"list_join": ["\n", [{"list_join":
        ["\n", {"get_attr": ["compute-1-servers", "hosts_entry"]}]}, {"list_join":
        ["\n", {"get_attr": ["controller-1-servers", "hosts_entry"]}]}, {"list_join":
        ["\n", {"get_attr": ["cinder-storage-1-servers", "hosts_entry"]}]}, {"list_join":
        ["\n", {"get_attr": ["swift-storage-1-servers", "hosts_entry"]}]}]]}, "rabbit":
        {"nodes": {"list_join": [",", {"get_attr": ["controller-1-servers", "hostname"]}]}},
        "completion-signal": {"get_input": "deploy_signal_id"}}}}, "ControllerAllNodesDeployment":
        {"type": "OS::Heat::StructuredDeployments", "properties": {"config": {"get_resource":
        "allNodesConfig"}, "servers": {"get_attr": ["controller-1-servers", "attributes",
        "nova_server_resource"]}}}, "MysqlClusterUniquePart": {"type": "OS::Heat::RandomString",
        "properties": {"length": 10}}, "MysqlRootPassword": {"type": "OS::Heat::RandomString",
        "properties": {"length": 10}}, "PublicVirtualIP": {"type": "OS::Neutron::Port",
        "properties": {"replacement_policy": "AUTO", "fixed_ips": {"get_param": "PublicVirtualFixedIPs"},
        "name": "public_virtual_ip", "network": {"get_param": "PublicVirtualNetwork"}}},
        "swift-storage-1-servers": {"type": "OS::Heat::ResourceGroup", "properties":
        {"count": {"get_param": ["swift-storage-1::count"]}, "resource_def": {"type":
        "Tuskar::swift-storage-1", "properties": {"ExtraConfig": {"get_param": ["swift-storage-1::ExtraConfig"]},
        "Replicas": {"get_param": ["swift-storage-1::Replicas"]}, "HashSuffix": {"get_param":
        ["swift-storage-1::HashSuffix"]}, "Image": {"get_param": ["swift-storage-1::Image"]},
        "PartPower": {"get_param": ["swift-storage-1::PartPower"]}, "SnmpdReadonlyUserName":
        {"get_param": ["swift-storage-1::SnmpdReadonlyUserName"]}, "KeyName": {"get_param":
        ["swift-storage-1::KeyName"]}, "NeutronEnableTunnelling": {"get_param": ["swift-storage-1::NeutronEnableTunnelling"]},
        "SnmpdReadonlyUserPassword": {"get_param": ["swift-storage-1::SnmpdReadonlyUserPassword"]},
        "Flavor": {"get_param": ["swift-storage-1::Flavor"]}, "Password": {"get_param":
        ["swift-storage-1::Password"]}, "NeutronNetworkType": {"get_param": ["swift-storage-1::NeutronNetworkType"]},
        "ControllerIP": {"get_attr": ["ControlVirtualIP", "fixed_ips", 0, "ip_address"]}}}}},
        "ControllerClusterConfig": {"type": "OS::Heat::StructuredConfig", "properties":
        {"config": {"haproxy": {"nodes": {"get_attr": ["controller-1-servers", "corosync_node"]}},
        "horizon": {"caches": {"memcached": {"nodes": {"get_attr": ["controller-1-servers",
        "hostname"]}}}}, "corosync": {"nodes": {"get_attr": ["controller-1-servers",
        "corosync_node"]}}, "mysql": {"nodes": {"get_attr": ["controller-1-servers",
        "corosync_node"]}}}}}, "cinder-storage-1-servers": {"type": "OS::Heat::ResourceGroup",
        "properties": {"count": {"get_param": ["cinder-storage-1::count"]}, "resource_def":
        {"type": "Tuskar::cinder-storage-1", "properties": {"AdminPassword": {"get_param":
        ["cinder-storage-1::AdminPassword"]}, "CinderLVMLoopDeviceSize": {"get_param":
        ["cinder-storage-1::CinderLVMLoopDeviceSize"]}, "ExtraConfig": {"get_param":
        ["cinder-storage-1::ExtraConfig"]}, "RabbitPassword": {"get_param": ["cinder-storage-1::RabbitPassword"]},
        "SnmpdReadonlyUserName": {"get_param": ["cinder-storage-1::SnmpdReadonlyUserName"]},
        "KeyName": {"get_param": ["cinder-storage-1::KeyName"]}, "RabbitUserName":
        {"get_param": ["cinder-storage-1::RabbitUserName"]}, "CinderISCSIHelper":
        {"get_param": ["cinder-storage-1::CinderISCSIHelper"]}, "SnmpdReadonlyUserPassword":
        {"get_param": ["cinder-storage-1::SnmpdReadonlyUserPassword"]}, "Flavor":
        {"get_param": ["cinder-storage-1::Flavor"]}, "VirtualIP": {"get_attr": ["ControlVirtualIP",
        "fixed_ips", 0, "ip_address"]}, "GlancePort": {"get_param": ["cinder-storage-1::GlancePort"]},
        "Image": {"get_param": ["cinder-storage-1::Image"]}, "CinderPassword": {"get_param":
        ["cinder-storage-1::CinderPassword"]}}}}}, "ComputeAllNodesDeployment": {"type":
        "OS::Heat::StructuredDeployments", "properties": {"config": {"get_resource":
        "allNodesConfig"}, "servers": {"get_attr": ["compute-1-servers", "attributes",
        "nova_server_resource"]}}}, "compute-1-servers": {"type": "OS::Heat::ResourceGroup",
        "properties": {"count": {"get_param": ["compute-1::count"]}, "resource_def":
        {"type": "Tuskar::compute-1", "properties": {"NeutronNetworkVLANRanges": {"get_param":
        ["compute-1::NeutronNetworkVLANRanges"]}, "RabbitHost": {"get_attr": ["ControlVirtualIP",
        "fixed_ips", 0, "ip_address"]}, "NovaComputeDriver": {"get_param": ["compute-1::NovaComputeDriver"]},
        "GlancePort": {"get_param": ["compute-1::GlancePort"]}, "NeutronPassword":
        {"get_param": ["compute-1::NeutronPassword"]}, "NeutronBridgeMappings": {"get_param":
        ["compute-1::NeutronBridgeMappings"]}, "GlanceHost": {"get_attr": ["ControlVirtualIP",
        "fixed_ips", 0, "ip_address"]}, "SnmpdReadonlyUserPassword": {"get_param":
        ["compute-1::SnmpdReadonlyUserPassword"]}, "LiveUpdatePassword": {"get_param":
        ["compute-1::LiveUpdatePassword"]}, "NovaDSN": {"list_join": ["", ["mysql://nova:unset@",
        {"get_attr": ["ControlVirtualIP", "fixed_ips", 0, "ip_address"]}, "/nova"]]},
        "NovaApiHost": {"get_attr": ["ControlVirtualIP", "fixed_ips", 0, "ip_address"]},
        "NovaComputeExtraConfig": {"get_param": ["compute-1::NovaComputeExtraConfig"]},
        "LiveUpdateUserName": {"get_param": ["compute-1::LiveUpdateUserName"]}, "SnmpdReadonlyUserName":
        {"get_param": ["compute-1::SnmpdReadonlyUserName"]}, "KeyName": {"get_param":
        ["compute-1::KeyName"]}, "NovaPublicIP": {"get_attr": ["PublicVirtualIP",
        "fixed_ips", 0, "ip_address"]}, "NeutronNetworkType": {"get_param": ["compute-1::NeutronNetworkType"]},
        "CeilometerPassword": {"get_param": ["compute-1::CeilometerPassword"]}, "NtpServer":
        {"get_param": ["compute-1::NtpServer"]}, "NeutronDSN": {"list_join": ["",
        ["mysql://neutron:unset@", {"get_attr": ["ControlVirtualIP", "fixed_ips",
        0, "ip_address"]}, "/ovs_neutron"]]}, "LiveUpdateHost": {"get_param": ["compute-1::LiveUpdateHost"]},
        "RabbitPassword": {"get_param": ["compute-1::RabbitPassword"]}, "ImageUpdatePolicy":
        {"get_param": ["compute-1::ImageUpdatePolicy"]}, "RabbitUserName": {"get_param":
        ["compute-1::RabbitUserName"]}, "Debug": {"get_param": ["compute-1::Debug"]},
        "NeutronPublicInterface": {"get_param": ["compute-1::NeutronPublicInterface"]},
        "NovaPassword": {"get_param": ["compute-1::NovaPassword"]}, "GlanceProtocol":
        {"get_param": ["compute-1::GlanceProtocol"]}, "NeutronL3HA": {"get_param":
        ["compute-1::NeutronL3HA"]}, "NovaComputeLibvirtType": {"get_param": ["compute-1::NovaComputeLibvirtType"]},
        "AdminPassword": {"get_param": ["compute-1::AdminPassword"]}, "NeutronPhysicalBridge":
        {"get_param": ["compute-1::NeutronPhysicalBridge"]}, "CeilometerDSN": {"list_join":
        ["", ["mysql://ceilometer:unset@", {"get_attr": ["ControlVirtualIP", "fixed_ips",
        0, "ip_address"]}, "/ceilometer"]]}, "Image": {"get_param": ["compute-1::Image"]},
        "ExtraConfig": {"get_param": ["compute-1::ExtraConfig"]}, "LiveUpdateTenantName":
        {"get_param": ["compute-1::LiveUpdateTenantName"]}, "NeutronFlatNetworks":
        {"get_param": ["compute-1::NeutronFlatNetworks"]}, "LiveUpdateComputeImage":
        {"get_param": ["compute-1::LiveUpdateComputeImage"]}, "CeilometerMeteringSecret":
        {"get_param": ["compute-1::CeilometerMeteringSecret"]}, "NeutronTunnelTypes":
        {"get_param": ["compute-1::NeutronTunnelTypes"]}, "CeilometerComputeAgent":
        {"get_param": ["compute-1::CeilometerComputeAgent"]}, "Flavor": {"get_param":
        ["compute-1::Flavor"]}, "NeutronHost": {"get_attr": ["ControlVirtualIP", "fixed_ips",
        0, "ip_address"]}, "NeutronEnableTunnelling": {"get_param": ["compute-1::NeutronEnableTunnelling"]},
        "KeystoneHost": {"get_attr": ["ControlVirtualIP", "fixed_ips", 0, "ip_address"]}}}}}},
        "parameters": {"compute-1::NeutronBridgeMappings": {"default": "", "type":
        "string", "description": "The OVS logical->physical bridge mappings to use.
        See the Neutron documentation for details. Defaults to mapping br-ex - the
        external bridge on hosts - to a physical name ''datacentre'' which can be
        used to create provider networks (and we use this for the default floating
        network) - if changing this either use different post-install network scripts
        or be sure to keep ''datacentre'' as a mapping network name.\n"}, "cinder-storage-1::CinderPassword":
        {"default": "unset", "hidden": true, "type": "string", "description": "The
        password for the cinder service account, used by cinder-api."}, "controller-1::RabbitPassword":
        {"default": "guest", "hidden": true, "type": "string", "description": "The
        password for RabbitMQ"}, "controller-1::KeystoneSigningCertificate": {"default":
        "", "type": "string", "description": "Keystone certificate for verifying token
        validity."}, "controller-1::ExtraConfig": {"default": {}, "type": "json",
        "description": "Additional configuration to inject into the cluster. The JSON
        should have\nthe following structure:\n  {\"FILEKEY\":\n    {\"config\":\n      [{\"section\":
        \"SECTIONNAME\",\n        \"values\":\n          [{\"option\": \"OPTIONNAME\",\n            \"value\":
        \"VALUENAME\"\n           }\n          ]\n       }\n      ]\n    }\n  }\nFor
        instance:\n  {\"nova\":\n    {\"config\":\n      [{\"section\": \"default\",\n        \"values\":\n          [{\"option\":
        \"compute_manager\",\n            \"value\": \"ironic.nova.compute.manager.ClusterComputeManager\"\n           }\n          ]\n       },\n       {\"section\":
        \"cells\",\n        \"values\":\n          [{\"option\": \"driver\",\n            \"value\":
        \"nova.cells.rpc_driver.CellsRPCDriver\"\n           }\n          ]\n       }\n      ]\n    }\n  }\n"},
        "compute-1::Flavor": {"default": "baremetal", "type": "string", "description":
        "Flavor for the nova compute node"}, "cinder-storage-1::SnmpdReadonlyUserName":
        {"default": "ro_snmp_user", "type": "string", "description": "The user name
        for SNMPd with readonly rights running on all Overcloud nodes"}, "controller-1::GlanceProtocol":
        {"default": "http", "type": "string", "description": "Protocol to use when
        connecting to glance, set to https for SSL."}, "NeutronPublicInterfaceTag":
        {"default": "", "type": "string", "description": "VLAN tag for creating a
        public VLAN. The tag will be used to create an access port on the exterior
        bridge for each control plane node, and that port will be given the IP address
        returned by neutron from the public network. Set CONTROLEXTRA=overcloud-vlan-port.yaml
        when compiling overcloud.yaml to include the deployment of VLAN ports to the
        control plane.\n"}, "controller-1::HeatPassword": {"default": "unset", "hidden":
        true, "type": "string", "description": "The password for the Heat service
        account, used by the Heat services."}, "compute-1::SnmpdReadonlyUserName":
        {"default": "ro_snmp_user", "type": "string", "description": "The user name
        for SNMPd with readonly rights running on all Overcloud nodes"}, "compute-1::NeutronTunnelTypes":
        {"default": "gre", "type": "string", "description": "The tunnel types for
        the Neutron tenant network. To specify multiple\nvalues, use a comma separated
        string, like so: ''gre,vxlan''\n"}, "ControlFixedIPs": {"default": [], "type":
        "json", "description": "Should be used for arbitrary ips."}, "controller-1::NeutronPassword":
        {"default": "unset", "hidden": true, "type": "string", "description": "The
        password for the neutron service account, used by neutron agents."}, "controller-1::SwiftPartPower":
        {"default": 10, "type": "number", "description": "Partition Power to use when
        building Swift rings"}, "controller-1::SwiftHashSuffix": {"default": "unset",
        "hidden": true, "type": "string", "description": "A random string to be used
        as a salt when hashing to determine mappings in the ring."}, "swift-storage-1::Password":
        {"default": "unset", "hidden": true, "type": "string", "description": "The
        password for the swift service account, used by the swift proxy services."},
        "controller-1::NtpServer": {"default": "", "type": "string"}, "compute-1::NovaPassword":
        {"default": "unset", "hidden": true, "type": "string", "description": "The
        password for the nova service account, used by nova-api."}, "PublicVirtualFixedIPs":
        {"default": [], "type": "json", "description": "Control the IP allocation
        for the PublicVirtualInterface port. E.g. [{''ip_address'':''1.2.3.4''}]\n"},
        "Debug": {"default": "", "type": "string", "description": "Set to True to
        enable debugging on all services."}, "controller-1::SwiftReplicas": {"default":
        1, "type": "number", "description": "How many replicas to use in the swift
        rings."}, "cinder-storage-1::AdminPassword": {"default": "", "type": "string"},
        "DefaultSignalTransport": {"default": "CFN_SIGNAL", "type": "string", "description":
        "Transport to use for software-config signals.", "constraints": [{"allowed_values":
        ["CFN_SIGNAL", "HEAT_SIGNAL", "NO_SIGNAL"]}]}, "controller-1::GlanceNotifierStrategy":
        {"default": "noop", "type": "string", "description": "Strategy to use for
        Glance notification queue"}, "controller-1::CinderPassword": {"default": "unset",
        "hidden": true, "type": "string", "description": "The password for the cinder
        service account, used by cinder-api."}, "controller-1::CinderISCSIHelper":
        {"default": "tgtadm", "type": "string", "description": "The iSCSI helper to
        use with cinder."}, "controller-1::NeutronFlatNetworks": {"default": "", "type":
        "string", "description": "If set, flat networks to configure in neutron plugins."},
        "compute-1::Image": {"default": "overcloud-compute", "type": "string"}, "cinder-storage-1::ExtraConfig":
        {"default": {}, "type": "json", "description": "Additional configuration to
        inject into the cluster. The JSON should have\nthe following structure:\n  {\"FILEKEY\":\n    {\"config\":\n      [{\"section\":
        \"SECTIONNAME\",\n        \"values\":\n          [{\"option\": \"OPTIONNAME\",\n            \"value\":
        \"VALUENAME\"\n           }\n          ]\n       }\n      ]\n    }\n  }\nFor
        instance:\n  {\"nova\":\n    {\"config\":\n      [{\"section\": \"default\",\n        \"values\":\n          [{\"option\":
        \"force_config_drive\",\n            \"value\": \"always\"\n           }\n          ]\n       },\n       {\"section\":
        \"cells\",\n        \"values\":\n          [{\"option\": \"driver\",\n            \"value\":
        \"nova.cells.rpc_driver.CellsRPCDriver\"\n           }\n          ]\n       }\n      ]\n    }\n  }\n"},
        "swift-storage-1::ExtraConfig": {"default": {}, "type": "json", "description":
        "Additional configuration to inject into the cluster. The JSON should have\nthe
        following structure:\n  {\"FILEKEY\":\n    {\"config\":\n      [{\"section\":
        \"SECTIONNAME\",\n        \"values\":\n          [{\"option\": \"OPTIONNAME\",\n            \"value\":
        \"VALUENAME\"\n           }\n          ]\n       }\n      ]\n    }\n  }\nFor
        instance:\n  {\"nova\":\n    {\"config\":\n      [{\"section\": \"default\",\n        \"values\":\n          [{\"option\":
        \"force_config_drive\",\n            \"value\": \"always\"\n           }\n          ]\n       },\n       {\"section\":
        \"cells\",\n        \"values\":\n          [{\"option\": \"driver\",\n            \"value\":
        \"nova.cells.rpc_driver.CellsRPCDriver\"\n           }\n          ]\n       }\n      ]\n    }\n  }\n"},
        "compute-1::CeilometerComputeAgent": {"default": "", "type": "string", "description":
        "Indicates whether the Compute agent is present and expects nova-compute to
        be configured accordingly", "constraints": [{"allowed_values": ["", "Present"]}]},
        "controller-1::SnmpdReadonlyUserName": {"default": "ro_snmp_user", "type":
        "string", "description": "The user name for SNMPd with readonly rights running
        on all Overcloud nodes"}, "swift-storage-1::PartPower": {"default": 10, "type":
        "number", "description": "Partition Power to use when building Swift rings"},
        "controller-1::CeilometerPassword": {"default": "unset", "hidden": true, "type":
        "string", "description": "The password for the ceilometer service account."},
        "compute-1::NeutronNetworkVLANRanges": {"default": "datacentre", "type": "string",
        "description": "The Neutron ML2 and OpenVSwitch vlan mapping range to support.
        See the Neutron documentation for permitted values. Defaults to permitting
        any VLAN on the ''datacentre'' physical network (See NeutronBridgeMappings).\n"},
        "controller-1::SSLKey": {"default": "", "hidden": true, "type": "string",
        "description": "If set, the contents of an SSL certificate .key file for encrypting
        SSL endpoints."}, "controller-1::NeutronPublicInterfaceTag": {"default": "",
        "type": "string", "description": "VLAN tag for creating a public VLAN. The
        tag will be used to create an access port on the exterior bridge for each
        control plane node, and that port will be given the IP address returned by
        neutron from the public network. Set CONTROLEXTRA=overcloud-vlan-port.yaml
        when compiling overcloud.yaml to include the deployment of VLAN ports to the
        control plane.\n"}, "controller-1::CloudName": {"default": "", "type": "string",
        "description": "The DNS name of this cloud. E.g. ci-overcloud.tripleo.org"},
        "cinder-storage-1::RabbitUserName": {"default": "", "type": "string"}, "controller-1::MysqlInnodbBufferPoolSize":
        {"default": 0, "type": "number", "description": "Specifies the size of the
        buffer pool in megabytes. Setting to zero should be interpreted as \"no value\"
        and will defer to the lower level default.\n"}, "cinder-storage-1::CinderLVMLoopDeviceSize":
        {"default": 5000, "type": "number", "description": "The size of the loopback
        file used by the cinder LVM driver."}, "controller-1::NeutronEnableTunnelling":
        {"default": "True", "type": "string"}, "controller-1::ControlVirtualInterface":
        {"default": "br-ex", "type": "string", "description": "Interface where virtual
        ip will be assigned."}, "compute-1::LiveUpdateComputeImage": {"default": "",
        "type": "string", "description": "The image ID for live-updates to the overcloud
        compute nodes."}, "swift-storage-1::count": {"type": "number", "constraints":
        [{"range": {"min": "0"}}]}, "swift-storage-1::Replicas": {"default": 1, "type":
        "number", "description": "How many replicas to use in the swift rings."},
        "compute-1::NovaComputeDriver": {"default": "libvirt.LibvirtDriver", "type":
        "string"}, "compute-1::NeutronL3HA": {"default": "False", "type": "string",
        "description": "Wheter to enable l3-agent HA"}, "swift-storage-1::Image":
        {"default": "overcloud-swift-storage", "type": "string"}, "cinder-storage-1::CinderISCSIHelper":
        {"default": "tgtadm", "type": "string", "description": "The iSCSI helper to
        use with cinder."}, "controller-1::AdminPassword": {"default": "unset", "hidden":
        true, "type": "string", "description": "The password for the keystone admin
        account, used for monitoring, querying neutron etc."}, "controller-1::CeilometerMeteringSecret":
        {"default": "unset", "hidden": true, "type": "string", "description": "Secret
        shared by the ceilometer services."}, "compute-1::GlanceProtocol": {"default":
        "http", "type": "string", "description": "Protocol to use when connecting
        to glance, set to https for SSL."}, "RabbitCookieSalt": {"default": "unset",
        "type": "string", "description": "Salt for the rabbit cookie, change this
        to force the randomly generated rabbit cookie to change."}, "compute-1::RabbitPassword":
        {"default": "guest", "hidden": true, "type": "string", "description": "The
        password for RabbitMQ"}, "compute-1::SnmpdReadonlyUserPassword": {"default":
        "unset", "hidden": true, "type": "string", "description": "The user password
        for SNMPd with readonly rights running on all Overcloud nodes"}, "compute-1::CeilometerMeteringSecret":
        {"default": "unset", "hidden": true, "type": "string", "description": "Secret
        shared by the ceilometer services."}, "cinder-storage-1::GlancePort": {"default":
        "9292", "type": "string", "description": "Glance port."}, "cinder-storage-1::RabbitPassword":
        {"default": "", "type": "string"}, "swift-storage-1::SnmpdReadonlyUserName":
        {"default": "ro_snmp_user", "type": "string", "description": "The user name
        for SNMPd with readonly rights running on all Overcloud nodes"}, "controller-1::KeyName":
        {"default": "default", "type": "string", "description": "Name of an existing
        EC2 KeyPair to enable SSH access to the instances"}, "compute-1::LiveUpdateUserName":
        {"default": "", "type": "string", "description": "The live-update username
        for the undercloud Glance API."}, "controller-1::NeutronPublicInterfaceDefaultRoute":
        {"default": "", "type": "string", "description": "A custom default route for
        the NeutronPublicInterface."}, "compute-1::KeyName": {"default": "default",
        "type": "string", "description": "Name of an existing EC2 KeyPair to enable
        SSH access to the instances"}, "controller-1::RabbitUserName": {"default":
        "guest", "type": "string", "description": "The username for RabbitMQ"}, "controller-1::Debug":
        {"default": "", "type": "string", "description": "Set to True to enable debugging
        on all services."}, "controller-1::SSLCertificate": {"default": "", "hidden":
        true, "type": "string", "description": "If set, the contents of an SSL certificate
        .crt file for encrypting SSL endpoints."}, "compute-1::LiveUpdatePassword":
        {"default": "", "hidden": true, "type": "string", "description": "The live-update
        password for the undercloud Glance API."}, "controller-1::ImageUpdatePolicy":
        {"default": "REBUILD_PRESERVE_EPHEMERAL", "type": "string", "description":
        "What policy to use when reconstructing instances. REBUILD for rebuilds, REBUILD_PRESERVE_EPHEMERAL
        to preserve /mnt."}, "compute-1::NeutronPhysicalBridge": {"default": "", "type":
        "string", "description": "An OVS bridge to create for accessing external networks."},
        "PublicVirtualNetwork": {"default": "ctlplane", "type": "string", "description":
        "Neutron network to allocate public virtual IP port on.\n"}, "swift-storage-1::Flavor":
        {"default": "baremetal", "type": "string", "description": "Flavor for Swift
        storage nodes to request when deploying."}, "controller-1::CinderLVMLoopDeviceSize":
        {"default": 5000, "type": "number", "description": "The size of the loopback
        file used by the cinder LVM driver."}, "controller-1::NeutronBridgeMappings":
        {"default": "", "type": "string", "description": "The OVS logical->physical
        bridge mappings to use. See the Neutron documentation for details. Defaults
        to mapping br-ex - the external bridge on hosts - to a physical name ''datacentre''
        which can be used to create provider networks (and we use this for the default
        floating network) - if changing this either use different post-install network
        scripts or be sure to keep ''datacentre'' as a mapping network name.\n"},
        "controller-1::SwiftPassword": {"default": "unset", "hidden": true, "type":
        "string", "description": "The password for the swift service account, used
        by the swift proxy services."}, "controller-1::count": {"type": "number",
        "constraints": [{"range": {"min": "0"}}]}, "compute-1::GlancePort": {"default":
        "9292", "type": "string", "description": "Glance port."}, "controller-1::NeutronL3HA":
        {"default": "False", "type": "string", "description": "Wheter to enable l3-agent
        HA"}, "compute-1::ExtraConfig": {"default": {}, "type": "json", "description":
        "Additional configuration to inject into the cluster. The JSON should have\nthe
        following structure:\n  {\"FILEKEY\":\n    {\"config\":\n      [{\"section\":
        \"SECTIONNAME\",\n        \"values\":\n          [{\"option\": \"OPTIONNAME\",\n            \"value\":
        \"VALUENAME\"\n           }\n          ]\n       }\n      ]\n    }\n  }\nFor
        instance:\n  {\"nova\":\n    {\"config\":\n      [{\"section\": \"default\",\n        \"values\":\n          [{\"option\":
        \"force_config_drive\",\n            \"value\": \"always\"\n           }\n          ]\n       },\n       {\"section\":
        \"cells\",\n        \"values\":\n          [{\"option\": \"driver\",\n            \"value\":
        \"nova.cells.rpc_driver.CellsRPCDriver\"\n           }\n          ]\n       }\n      ]\n    }\n  }\n"},
        "compute-1::RabbitUserName": {"default": "guest", "type": "string", "description":
        "The username for RabbitMQ"}, "swift-storage-1::NeutronNetworkType": {"default":
        "gre", "type": "string"}, "swift-storage-1::HashSuffix": {"default": "unset",
        "hidden": true, "type": "string", "description": "A random string to be used
        as a salt when hashing to determine mappings in the ring."}, "compute-1::NeutronFlatNetworks":
        {"default": "", "type": "string", "description": "If set, flat networks to
        configure in neutron plugins.\n"}, "compute-1::ImageUpdatePolicy": {"default":
        "REBUILD_PRESERVE_EPHEMERAL", "type": "string", "description": "What policy
        to use when reconstructing instances. REBUILD for rebuilds, REBUILD_PRESERVE_EPHEMERAL
        to preserve /mnt."}, "compute-1::LiveUpdateTenantName": {"default": "", "type":
        "string", "description": "The live-update tenant name for the undercloud Glance
        API."}, "controller-1::HeatStackDomainAdminPassword": {"default": "", "hidden":
        true, "type": "string", "description": "Password for heat_domain_admin user."},
        "compute-1::NeutronPublicInterface": {"default": "eth0", "type": "string",
        "description": "A port to add to the NeutronPhysicalBridge."}, "cinder-storage-1::KeyName":
        {"default": "default", "type": "string", "description": "Name of an existing
        EC2 KeyPair to enable SSH access to the instances"}, "controller-1::ControllerExtraConfig":
        {"default": {}, "type": "json", "description": "Controller specific configuration
        to inject into the cluster. Same\nstructure as ExtraConfig.\n"}, "controller-1::NeutronPublicInterfaceIP":
        {"default": "", "type": "string", "description": "A custom IP address to put
        onto the NeutronPublicInterface."}, "controller-1::Image": {"default": "overcloud-control",
        "type": "string"}, "controller-1::AdminToken": {"default": "unset", "hidden":
        true, "type": "string", "description": "The keystone auth secret."}, "compute-1::NeutronEnableTunnelling":
        {"default": "True", "type": "string"}, "controller-1::KeystoneSigningKey":
        {"default": "", "hidden": true, "type": "string", "description": "Keystone
        key for signing tokens."}, "controller-1::NeutronNetworkVLANRanges": {"default":
        "datacentre", "type": "string", "description": "The Neutron ML2 and OpenVSwitch
        vlan mapping range to support. See the Neutron documentation for permitted
        values. Defaults to permitting any VLAN on the ''datacentre'' physical network
        (See NeutronBridgeMappings).\n"}, "controller-1::NeutronPublicInterface":
        {"default": "eth0", "type": "string", "description": "What interface to bridge
        onto br-ex for network nodes."}, "compute-1::CeilometerPassword": {"default":
        "unset", "hidden": true, "type": "string", "description": "The password for
        the ceilometer service account."}, "controller-1::NeutronNetworkType": {"default":
        "gre", "type": "string", "description": "The tenant network type for Neutron,
        either gre or vxlan."}, "compute-1::count": {"type": "number", "constraints":
        [{"range": {"min": "0"}}]}, "controller-1::SSLCACertificate": {"default":
        "", "type": "string", "description": "If set, the contents of an SSL certificate
        authority file."}, "swift-storage-1::KeyName": {"default": "default", "type":
        "string", "description": "Name of an existing EC2 KeyPair to enable SSH access
        to the instances"}, "compute-1::NtpServer": {"default": "", "type": "string"},
        "compute-1::NovaComputeLibvirtType": {"default": "", "type": "string"}, "controller-1::SnmpdReadonlyUserPassword":
        {"default": "unset", "hidden": true, "type": "string", "description": "The
        user password for SNMPd with readonly rights running on all Overcloud nodes"},
        "compute-1::AdminPassword": {"default": "unset", "hidden": true, "type": "string",
        "description": "The password for the keystone admin account, used for monitoring,
        querying neutron etc."}, "compute-1::Debug": {"default": "", "type": "string",
        "description": "Set to True to enable debugging on all services."}, "NeutronControlPlaneID":
        {"default": "", "type": "string", "description": "Neutron ID for ctlplane
        network."}, "controller-1::NovaPassword": {"default": "unset", "hidden": true,
        "type": "string", "description": "The password for the nova service account,
        used by nova-api."}, "controller-1::GlancePort": {"default": "9292", "type":
        "string", "description": "Glance port."}, "swift-storage-1::SnmpdReadonlyUserPassword":
        {"default": "unset", "hidden": true, "type": "string", "description": "The
        user password for SNMPd with readonly rights running on all Overcloud nodes"},
        "controller-1::NeutronPublicInterfaceRawDevice": {"default": "", "type": "string",
        "description": "If set, the public interface is a vlan with this device as
        the raw device."}, "compute-1::NeutronPassword": {"default": "unset", "hidden":
        true, "type": "string", "description": "The password for the neutron service
        account, used by neutron agents."}, "cinder-storage-1::SnmpdReadonlyUserPassword":
        {"default": "unset", "hidden": true, "type": "string", "description": "The
        user password for SNMPd with readonly rights running on all Overcloud nodes"},
        "controller-1::PublicVirtualInterface": {"default": "br-ex", "type": "string",
        "description": "Specifies the interface where the public-facing virtual ip
        will be assigned. This should be int_public when a VLAN is being used.\n"},
        "controller-1::KeystoneCACertificate": {"default": "", "type": "string", "description":
        "Keystone self-signed certificate authority certificate."}, "compute-1::NovaComputeExtraConfig":
        {"default": {}, "type": "json", "description": "NovaCompute specific configuration
        to inject into the cluster. Same\nstructure as ExtraConfig.\n"}, "cinder-storage-1::Flavor":
        {"default": "baremetal", "type": "string", "description": "Flavor for block
        storage nodes to request when deploying."}, "controller-1::Flavor": {"default":
        "baremetal", "type": "string", "description": "Flavor for control nodes to
        request when deploying."}, "compute-1::LiveUpdateHost": {"default": "", "type":
        "string", "description": "The IP address for the undercloud Glance API."},
        "controller-1::NeutronTunnelTypes": {"default": "gre", "type": "string", "description":
        "The tunnel types for the Neutron tenant network. To specify multiple\nvalues,
        use a comma separated string, like so: ''gre,vxlan''\n"}, "compute-1::NeutronNetworkType":
        {"default": "gre", "type": "string", "description": "The tenant network type
        for Neutron, either gre or vxlan."}, "cinder-storage-1::Image": {"default":
        "overcloud-cinder-volume", "type": "string"}, "controller-1::GlancePassword":
        {"default": "unset", "hidden": true, "type": "string", "description": "The
        password for the glance service account, used by the glance services."}, "swift-storage-1::NeutronEnableTunnelling":
        {"default": "True", "type": "string"}, "cinder-storage-1::count": {"type":
        "number", "constraints": [{"range": {"min": "0"}}]}, "controller-1::NeutronDnsmasqOptions":
        {"default": "dhcp-option-force=26,1400", "type": "string", "description":
        "Dnsmasq options for neutron-dhcp-agent. The default value here forces MTU
        to be set to 1400 to account for the gre tunnel overhead."}, "controller-1::GlanceLogFile":
        {"default": "", "type": "string", "description": "The filepath of the file
        to use for logging messages from Glance."}}}'
    http_version: 
  recorded_at: Tue, 10 Mar 2015 11:55:21 GMT
recorded_with: VCR 2.9.3
